Archive member included to satisfy reference by file (symbol)

d:/jetbrains/gcc-arm-none-eabi/bin/../lib/gcc/arm-none-eabi/9.3.1/../../../../arm-none-eabi/lib/thumb/v7-m/nofp\libg.a(lib_a-errno.o)
                              CMakeFiles/AccessControl_V2.elf.dir/Core/Src/retarget.c.obj (__errno)
d:/jetbrains/gcc-arm-none-eabi/bin/../lib/gcc/arm-none-eabi/9.3.1/../../../../arm-none-eabi/lib/thumb/v7-m/nofp\libg.a(lib_a-exit.o)
                              d:/jetbrains/gcc-arm-none-eabi/bin/../lib/gcc/arm-none-eabi/9.3.1/../../../../arm-none-eabi/lib/thumb/v7-m/nofp/crt0.o (exit)
d:/jetbrains/gcc-arm-none-eabi/bin/../lib/gcc/arm-none-eabi/9.3.1/../../../../arm-none-eabi/lib/thumb/v7-m/nofp\libg.a(lib_a-impure.o)
                              d:/jetbrains/gcc-arm-none-eabi/bin/../lib/gcc/arm-none-eabi/9.3.1/../../../../arm-none-eabi/lib/thumb/v7-m/nofp\libg.a(lib_a-exit.o) (_global_impure_ptr)
d:/jetbrains/gcc-arm-none-eabi/bin/../lib/gcc/arm-none-eabi/9.3.1/../../../../arm-none-eabi/lib/thumb/v7-m/nofp\libg.a(lib_a-init.o)
                              d:/jetbrains/gcc-arm-none-eabi/bin/../lib/gcc/arm-none-eabi/9.3.1/../../../../arm-none-eabi/lib/thumb/v7-m/nofp/crt0.o (__libc_init_array)
d:/jetbrains/gcc-arm-none-eabi/bin/../lib/gcc/arm-none-eabi/9.3.1/../../../../arm-none-eabi/lib/thumb/v7-m/nofp\libg.a(lib_a-memcpy.o)
                              CMakeFiles/AccessControl_V2.elf.dir/Core/Src/mode.c.obj (memcpy)
d:/jetbrains/gcc-arm-none-eabi/bin/../lib/gcc/arm-none-eabi/9.3.1/../../../../arm-none-eabi/lib/thumb/v7-m/nofp\libg.a(lib_a-memset.o)
                              d:/jetbrains/gcc-arm-none-eabi/bin/../lib/gcc/arm-none-eabi/9.3.1/../../../../arm-none-eabi/lib/thumb/v7-m/nofp/crt0.o (memset)
d:/jetbrains/gcc-arm-none-eabi/bin/../lib/gcc/arm-none-eabi/9.3.1/../../../../arm-none-eabi/lib/thumb/v7-m/nofp\libg.a(lib_a-printf.o)
                              CMakeFiles/AccessControl_V2.elf.dir/Core/Src/display.c.obj (printf)
d:/jetbrains/gcc-arm-none-eabi/bin/../lib/gcc/arm-none-eabi/9.3.1/../../../../arm-none-eabi/lib/thumb/v7-m/nofp\libg.a(lib_a-puts.o)
                              CMakeFiles/AccessControl_V2.elf.dir/Core/Src/display.c.obj (puts)
d:/jetbrains/gcc-arm-none-eabi/bin/../lib/gcc/arm-none-eabi/9.3.1/../../../../arm-none-eabi/lib/thumb/v7-m/nofp\libg.a(lib_a-setvbuf.o)
                              CMakeFiles/AccessControl_V2.elf.dir/Core/Src/retarget.c.obj (setvbuf)
d:/jetbrains/gcc-arm-none-eabi/bin/../lib/gcc/arm-none-eabi/9.3.1/../../../../arm-none-eabi/lib/thumb/v7-m/nofp\libg.a(lib_a-strlen-stub.o)
                              d:/jetbrains/gcc-arm-none-eabi/bin/../lib/gcc/arm-none-eabi/9.3.1/../../../../arm-none-eabi/lib/thumb/v7-m/nofp\libg.a(lib_a-puts.o) (strlen)
d:/jetbrains/gcc-arm-none-eabi/bin/../lib/gcc/arm-none-eabi/9.3.1/../../../../arm-none-eabi/lib/thumb/v7-m/nofp\libg.a(lib_a-vfprintf.o)
                              d:/jetbrains/gcc-arm-none-eabi/bin/../lib/gcc/arm-none-eabi/9.3.1/../../../../arm-none-eabi/lib/thumb/v7-m/nofp\libg.a(lib_a-printf.o) (_vfprintf_r)
d:/jetbrains/gcc-arm-none-eabi/bin/../lib/gcc/arm-none-eabi/9.3.1/../../../../arm-none-eabi/lib/thumb/v7-m/nofp\libg.a(lib_a-wsetup.o)
                              d:/jetbrains/gcc-arm-none-eabi/bin/../lib/gcc/arm-none-eabi/9.3.1/../../../../arm-none-eabi/lib/thumb/v7-m/nofp\libg.a(lib_a-vfprintf.o) (__swsetup_r)
d:/jetbrains/gcc-arm-none-eabi/bin/../lib/gcc/arm-none-eabi/9.3.1/../../../../arm-none-eabi/lib/thumb/v7-m/nofp\libg.a(lib_a-__call_atexit.o)
                              d:/jetbrains/gcc-arm-none-eabi/bin/../lib/gcc/arm-none-eabi/9.3.1/../../../../arm-none-eabi/lib/thumb/v7-m/nofp\libg.a(lib_a-exit.o) (__call_exitprocs)
d:/jetbrains/gcc-arm-none-eabi/bin/../lib/gcc/arm-none-eabi/9.3.1/../../../../arm-none-eabi/lib/thumb/v7-m/nofp\libg.a(lib_a-atexit.o)
                              d:/jetbrains/gcc-arm-none-eabi/bin/../lib/gcc/arm-none-eabi/9.3.1/../../../../arm-none-eabi/lib/thumb/v7-m/nofp\libg.a(lib_a-__call_atexit.o) (atexit)
d:/jetbrains/gcc-arm-none-eabi/bin/../lib/gcc/arm-none-eabi/9.3.1/../../../../arm-none-eabi/lib/thumb/v7-m/nofp\libg.a(lib_a-dtoa.o)
                              d:/jetbrains/gcc-arm-none-eabi/bin/../lib/gcc/arm-none-eabi/9.3.1/../../../../arm-none-eabi/lib/thumb/v7-m/nofp\libg.a(lib_a-vfprintf.o) (_dtoa_r)
d:/jetbrains/gcc-arm-none-eabi/bin/../lib/gcc/arm-none-eabi/9.3.1/../../../../arm-none-eabi/lib/thumb/v7-m/nofp\libg.a(lib_a-fflush.o)
                              d:/jetbrains/gcc-arm-none-eabi/bin/../lib/gcc/arm-none-eabi/9.3.1/../../../../arm-none-eabi/lib/thumb/v7-m/nofp\libg.a(lib_a-setvbuf.o) (_fflush_r)
d:/jetbrains/gcc-arm-none-eabi/bin/../lib/gcc/arm-none-eabi/9.3.1/../../../../arm-none-eabi/lib/thumb/v7-m/nofp\libg.a(lib_a-findfp.o)
                              d:/jetbrains/gcc-arm-none-eabi/bin/../lib/gcc/arm-none-eabi/9.3.1/../../../../arm-none-eabi/lib/thumb/v7-m/nofp\libg.a(lib_a-puts.o) (__sinit)
[...]
Memory Configuration

Name             Origin             Length             Attributes
RAM              0x20000000         0x0000c000         xrw
FLASH            0x08000000         0x00040000         xr
*default*        0x00000000         0xffffffff

Linker script and memory map

LOAD d:/jetbrains/gcc-arm-none-eabi/bin/../lib/gcc/arm-none-eabi/9.3.1/thumb/v7-m/nofp/crti.o
LOAD d:/jetbrains/gcc-arm-none-eabi/bin/../lib/gcc/arm-none-eabi/9.3.1/thumb/v7-m/nofp/crtbegin.o
LOAD d:/jetbrains/gcc-arm-none-eabi/bin/../lib/gcc/arm-none-eabi/9.3.1/../../../../arm-none-eabi/lib/thumb/v7-m/nofp/crt0.o
LOAD CMakeFiles/AccessControl_V2.elf.dir/Core/Src/delay.c.obj
LOAD CMakeFiles/AccessControl_V2.elf.dir/Core/Src/display.c.obj
LOAD CMakeFiles/AccessControl_V2.elf.dir/Core/Src/gpio.c.obj
LOAD CMakeFiles/AccessControl_V2.elf.dir/Core/Src/main.c.obj
LOAD CMakeFiles/AccessControl_V2.elf.dir/Core/Src/mode.c.obj
LOAD CMakeFiles/AccessControl_V2.elf.dir/Core/Src/nokia_5110.c.obj
LOAD CMakeFiles/AccessControl_V2.elf.dir/Core/Src/rc522.c.obj
LOAD CMakeFiles/AccessControl_V2.elf.dir/Core/Src/remote.c.obj
LOAD CMakeFiles/AccessControl_V2.elf.dir/Core/Src/retarget.c.obj
LOAD CMakeFiles/AccessControl_V2.elf.dir/Core/Src/rtc.c.obj
LOAD CMakeFiles/AccessControl_V2.elf.dir/Core/Src/spi.c.obj
LOAD CMakeFiles/AccessControl_V2.elf.dir/Core/Src/stm32f1xx_hal_msp.c.obj
LOAD CMakeFiles/AccessControl_V2.elf.dir/Core/Src/stm32f1xx_it.c.obj
LOAD CMakeFiles/AccessControl_V2.elf.dir/Core/Src/sys.c.obj
LOAD CMakeFiles/AccessControl_V2.elf.dir/Core/Src/syscalls.c.obj
LOAD CMakeFiles/AccessControl_V2.elf.dir/Core/Src/system_stm32f1xx.c.obj
LOAD CMakeFiles/AccessControl_V2.elf.dir/Core/Src/usart.c.obj
LOAD CMakeFiles/AccessControl_V2.elf.dir/Core/Src/userinfo.c.obj
LOAD CMakeFiles/AccessControl_V2.elf.dir/Core/Src/w25qxx.c.obj
LOAD CMakeFiles/AccessControl_V2.elf.dir/Drivers/STM32F1xx_HAL_Driver/Src/stm32f1xx_hal.c.obj
LOAD CMakeFiles/AccessControl_V2.elf.dir/Drivers/STM32F1xx_HAL_Driver/Src/stm32f1xx_hal_cortex.c.obj
LOAD CMakeFiles/AccessControl_V2.elf.dir/Drivers/STM32F1xx_HAL_Driver/Src/stm32f1xx_hal_dma.c.obj
LOAD CMakeFiles/AccessControl_V2.elf.dir/Drivers/STM32F1xx_HAL_Driver/Src/stm32f1xx_hal_exti.c.obj
LOAD CMakeFiles/AccessControl_V2.elf.dir/Drivers/STM32F1xx_HAL_Driver/Src/stm32f1xx_hal_flash.c.obj
LOAD CMakeFiles/AccessControl_V2.elf.dir/Drivers/STM32F1xx_HAL_Driver/Src/stm32f1xx_hal_flash_ex.c.obj
LOAD CMakeFiles/AccessControl_V2.elf.dir/Drivers/STM32F1xx_HAL_Driver/Src/stm32f1xx_hal_gpio.c.obj
LOAD CMakeFiles/AccessControl_V2.elf.dir/Drivers/STM32F1xx_HAL_Driver/Src/stm32f1xx_hal_gpio_ex.c.obj
LOAD CMakeFiles/AccessControl_V2.elf.dir/Drivers/STM32F1xx_HAL_Driver/Src/stm32f1xx_hal_pwr.c.obj
LOAD CMakeFiles/AccessControl_V2.elf.dir/Drivers/STM32F1xx_HAL_Driver/Src/stm32f1xx_hal_rcc.c.obj
LOAD CMakeFiles/AccessControl_V2.elf.dir/Drivers/STM32F1xx_HAL_Driver/Src/stm32f1xx_hal_rcc_ex.c.obj
LOAD CMakeFiles/AccessControl_V2.elf.dir/Drivers/STM32F1xx_HAL_Driver/Src/stm32f1xx_hal_rtc.c.obj
LOAD CMakeFiles/AccessControl_V2.elf.dir/Drivers/STM32F1xx_HAL_Driver/Src/stm32f1xx_hal_rtc_ex.c.obj
LOAD CMakeFiles/AccessControl_V2.elf.dir/Drivers/STM32F1xx_HAL_Driver/Src/stm32f1xx_hal_spi.c.obj
LOAD CMakeFiles/AccessControl_V2.elf.dir/Drivers/STM32F1xx_HAL_Driver/Src/stm32f1xx_hal_tim.c.obj
LOAD CMakeFiles/AccessControl_V2.elf.dir/Drivers/STM32F1xx_HAL_Driver/Src/stm32f1xx_hal_tim_ex.c.obj
LOAD CMakeFiles/AccessControl_V2.elf.dir/Drivers/STM32F1xx_HAL_Driver/Src/stm32f1xx_hal_uart.c.obj
LOAD CMakeFiles/AccessControl_V2.elf.dir/startup/startup_stm32f103xe.s.obj
START GROUP
LOAD d:/jetbrains/gcc-arm-none-eabi/bin/../lib/gcc/arm-none-eabi/9.3.1/thumb/v7-m/nofp\libgcc.a
LOAD d:/jetbrains/gcc-arm-none-eabi/bin/../lib/gcc/arm-none-eabi/9.3.1/../../../../arm-none-eabi/lib/thumb/v7-m/nofp\libg.a
LOAD d:/jetbrains/gcc-arm-none-eabi/bin/../lib/gcc/arm-none-eabi/9.3.1/../../../../arm-none-eabi/lib/thumb/v7-m/nofp\libc.a
END GROUP
LOAD d:/jetbrains/gcc-arm-none-eabi/bin/../lib/gcc/arm-none-eabi/9.3.1/thumb/v7-m/nofp/crtend.o
LOAD d:/jetbrains/gcc-arm-none-eabi/bin/../lib/gcc/arm-none-eabi/9.3.1/thumb/v7-m/nofp/crtn.o
                0x2000c000                _estack = 0x2000c000
                0x00000400                _Min_Heap_Size = 0x400
                0x00000800                _Min_Stack_Size = 0x800

.isr_vector     0x08000000      0x1e4
                0x08000000                . = ALIGN (0x4)
 *(.isr_vector)
 .isr_vector    0x08000000      0x1e4 CMakeFiles/AccessControl_V2.elf.dir/startup/startup_stm32f103xe.s.obj
                0x08000000                g_pfnVectors
                0x080001e4                . = ALIGN (0x4)

.text           0x080001e8     0xb504
                0x080001e8                . = ALIGN (0x4)
 *(.text)
 .text          0x080001e8       0x40 d:/jetbrains/gcc-arm-none-eabi/bin/../lib/gcc/arm-none-eabi/9.3.1/thumb/v7-m/nofp/crtbegin.o
 .text          0x08000228       0xec d:/jetbrains/gcc-arm-none-eabi/bin/../lib/gcc/arm-none-eabi/9.3.1/../../../../arm-none-eabi/lib/thumb/v7-m/nofp\libg.a(lib_a-memcpy.o)
                0x08000228                memcpy
 .text          0x08000314      0x378 d:/jetbrains/gcc-arm-none-eabi/bin/../lib/gcc/arm-none-eabi/9.3.1/thumb/v7-m/nofp\libgcc.a(_arm_addsubdf3.o)
                0x08000314                __aeabi_drsub
                0x0800031c                __aeabi_dsub
                0x0800031c                __subdf3
                0x08000320                __aeabi_dadd
                0x08000320                __adddf3
                0x08000598                __floatunsidf
                0x08000598                __aeabi_ui2d
                0x080005b8                __floatsidf
                0x080005b8                __aeabi_i2d
                0x080005dc                __aeabi_f2d
                0x080005dc                __extendsfdf2
                0x08000620                __floatundidf
                0x08000620                __aeabi_ul2d
                0x08000630                __floatdidf
                0x08000630                __aeabi_l2d
 .text          0x0800068c      0x424 d:/jetbrains/gcc-arm-none-eabi/bin/../lib/gcc/arm-none-eabi/9.3.1/thumb/v7-m/nofp\libgcc.a(_arm_muldivdf3.o)
                0x0800068c                __aeabi_dmul
                0x0800068c                __muldf3
                0x080008e0                __divdf3
                0x080008e0                __aeabi_ddiv
 .text          0x08000ab0      0x110 d:/jetbrains/gcc-arm-none-eabi/bin/../lib/gcc/arm-none-eabi/9.3.1/thumb/v7-m/nofp\libgcc.a(_arm_cmpdf2.o)
                0x08000ab0                __gtdf2
                0x08000ab0                __gedf2
                0x08000ab8                __ltdf2
                0x08000ab8                __ledf2
                0x08000ac0                __nedf2
                0x08000ac0                __eqdf2
                0x08000ac0                __cmpdf2
                0x08000b3c                __aeabi_cdrcmple
                0x08000b4c                __aeabi_cdcmpeq
                0x08000b4c                __aeabi_cdcmple
                0x08000b5c                __aeabi_dcmpeq
                0x08000b70                __aeabi_dcmplt
                0x08000b84                __aeabi_dcmple
                0x08000b98                __aeabi_dcmpge
                0x08000bac                __aeabi_dcmpgt
 .text          0x08000bc0       0x2c d:/jetbrains/gcc-arm-none-eabi/bin/../lib/gcc/arm-none-eabi/9.3.1/thumb/v7-m/nofp\libgcc.a(_arm_unorddf2.o)
                0x08000bc0                __unorddf2
                0x08000bc0                __aeabi_dcmpun
 .text          0x08000bec       0x50 d:/jetbrains/gcc-arm-none-eabi/bin/../lib/gcc/arm-none-eabi/9.3.1/thumb/v7-m/nofp\libgcc.a(_arm_fixdfsi.o)
                0x08000bec                __aeabi_d2iz
                0x08000bec                __fixdfsi
 .text          0x08000c3c       0x30 d:/jetbrains/gcc-arm-none-eabi/bin/../lib/gcc/arm-none-eabi/9.3.1/thumb/v7-m/nofp\libgcc.a(_aeabi_uldivmod.o)
                0x08000c3c                __aeabi_uldivmod
 .text          0x08000c6c      0x2c4 d:/jetbrains/gcc-arm-none-eabi/bin/../lib/gcc/arm-none-eabi/9.3.1/thumb/v7-m/nofp\libgcc.a(_udivmoddi4.o)
                0x08000c6c                __udivmoddi4
 .text          0x08000f30        0x4 d:/jetbrains/gcc-arm-none-eabi/bin/../lib/gcc/arm-none-eabi/9.3.1/thumb/v7-m/nofp\libgcc.a(_dvmd_tls.o)
                0x08000f30                __aeabi_idiv0
                0x08000f30                __aeabi_ldiv0
 *(.text*)
 .text.delay_init
                0x08000f34       0x14 CMakeFiles/AccessControl_V2.elf.dir/Core/Src/delay.c.obj
                0x08000f34                delay_init
 .text.delay_us
                0x08000f48       0x3c CMakeFiles/AccessControl_V2.elf.dir/Core/Src/delay.c.obj
                0x08000f48                delay_us
 .text.delay_ms
                0x08000f84       0x18 CMakeFiles/AccessControl_V2.elf.dir/Core/Src/delay.c.obj
                0x08000f84                delay_ms
 .text.showp1   0x08000f9c       0x20 CMakeFiles/AccessControl_V2.elf.dir/Core/Src/display.c.obj
                0x08000f9c                showp1
 .text.showp2   0x08000fbc       0x20 CMakeFiles/AccessControl_V2.elf.dir/Core/Src/display.c.obj
                0x08000fbc                showp2
 .text.ShowID   0x08000fdc       0x64 CMakeFiles/AccessControl_V2.elf.dir/Core/Src/display.c.obj
                0x08000fdc                ShowID
 .text.show_meanu
                0x08001040       0xe0 CMakeFiles/AccessControl_V2.elf.dir/Core/Src/display.c.obj
                0x08001040                show_meanu
 .text.execute  0x08001120      0x35c CMakeFiles/AccessControl_V2.elf.dir/Core/Src/display.c.obj
                0x08001120                execute
 .text.MX_GPIO_Init
                0x0800147c       0xcc CMakeFiles/AccessControl_V2.elf.dir/Core/Src/gpio.c.obj
                0x0800147c                MX_GPIO_Init
 .text.Error_Handler
                0x08001548        0x4 CMakeFiles/AccessControl_V2.elf.dir/Core/Src/main.c.obj
                0x08001548                Error_Handler
 .text.SystemClock_Config
                0x0800154c       0x8a CMakeFiles/AccessControl_V2.elf.dir/Core/Src/main.c.obj
                0x0800154c                SystemClock_Config
 *fill*         0x080015d6        0x2 
 .text.main     0x080015d8       0xfc CMakeFiles/AccessControl_V2.elf.dir/Core/Src/main.c.obj
                0x080015d8                main
 .text.initSN   0x080016d4       0x14 CMakeFiles/AccessControl_V2.elf.dir/Core/Src/mode.c.obj
                0x080016d4                initSN
 .text.write_root_num
                0x080016e8       0x54 CMakeFiles/AccessControl_V2.elf.dir/Core/Src/mode.c.obj
                0x080016e8                write_root_num
 .text.check_read_same
                0x0800173c       0x38 CMakeFiles/AccessControl_V2.elf.dir/Core/Src/mode.c.obj
                0x0800173c                check_read_same
 .text.check_user_exist
                0x08001774       0x90 CMakeFiles/AccessControl_V2.elf.dir/Core/Src/mode.c.obj
                0x08001774                check_user_exist
 .text.check_root_exist
                0x08001804       0x8c CMakeFiles/AccessControl_V2.elf.dir/Core/Src/mode.c.obj
                0x08001804                check_root_exist
 .text.add_user
                0x08001890      0x13c CMakeFiles/AccessControl_V2.elf.dir/Core/Src/mode.c.obj
                0x08001890                add_user
 .text.add_root
                0x080019cc       0x8c CMakeFiles/AccessControl_V2.elf.dir/Core/Src/mode.c.obj
                0x080019cc                add_root
 .text.del_user
                0x08001a58       0x4c CMakeFiles/AccessControl_V2.elf.dir/Core/Src/mode.c.obj
                0x08001a58                del_user
 .text.show_all_id
                0x08001aa4      0x138 CMakeFiles/AccessControl_V2.elf.dir/Core/Src/mode.c.obj
                0x08001aa4                show_all_id
 .text.show_id  0x08001bdc       0x50 CMakeFiles/AccessControl_V2.elf.dir/Core/Src/mode.c.obj
                0x08001bdc                show_id
 .text.read_mode
                0x08001c2c       0xbc CMakeFiles/AccessControl_V2.elf.dir/Core/Src/mode.c.obj
                0x08001c2c                read_mode
 .text.root_mode
                0x08001ce8      0x2b4 CMakeFiles/AccessControl_V2.elf.dir/Core/Src/mode.c.obj
                0x08001ce8                root_mode
 .text.add_mode
                0x08001f9c      0x278 CMakeFiles/AccessControl_V2.elf.dir/Core/Src/mode.c.obj
                0x08001f9c                add_mode
 .text.del_mode
                0x08002214       0xdc CMakeFiles/AccessControl_V2.elf.dir/Core/Src/mode.c.obj
                0x08002214                del_mode
 .text.meanu_mode
                0x080022f0       0xfc CMakeFiles/AccessControl_V2.elf.dir/Core/Src/mode.c.obj
                0x080022f0                meanu_mode
 .text.infomation_mode
                0x080023ec      0x1c0 CMakeFiles/AccessControl_V2.elf.dir/Core/Src/mode.c.obj
                0x080023ec                infomation_mode
 .text.LCD_IO_Init
                0x080025ac       0x8c CMakeFiles/AccessControl_V2.elf.dir/Core/Src/nokia_5110.c.obj
                0x080025ac                LCD_IO_Init
 .text.LCD_write_byte
                0x08002638       0x5c CMakeFiles/AccessControl_V2.elf.dir/Core/Src/nokia_5110.c.obj
                0x08002638                LCD_write_byte
 .text.LCD_clear
                0x08002694       0x28 CMakeFiles/AccessControl_V2.elf.dir/Core/Src/nokia_5110.c.obj
                0x08002694                LCD_clear
 .text.LCD_init
                0x080026bc       0x68 CMakeFiles/AccessControl_V2.elf.dir/Core/Src/nokia_5110.c.obj
                0x080026bc                LCD_init
 .text.LCD_set_XY
                0x08002724       0x1c CMakeFiles/AccessControl_V2.elf.dir/Core/Src/nokia_5110.c.obj
                0x08002724                LCD_set_XY
 .text.LCD_write_char
                0x08002740       0x2c CMakeFiles/AccessControl_V2.elf.dir/Core/Src/nokia_5110.c.obj
                0x08002740                LCD_write_char
 .text.LCD_write_english_string
                0x0800276c       0x16 CMakeFiles/AccessControl_V2.elf.dir/Core/Src/nokia_5110.c.obj
                0x0800276c                LCD_write_english_string
 .text.LCD_Show_Pic
                0x08002782       0x5c CMakeFiles/AccessControl_V2.elf.dir/Core/Src/nokia_5110.c.obj
                0x08002782                LCD_Show_Pic
 .text.SPI_RC522_SendByte
                0x080027de        0x8 CMakeFiles/AccessControl_V2.elf.dir/Core/Src/rc522.c.obj
                0x080027de                SPI_RC522_SendByte
 .text.SPI_RC522_ReadByte
                0x080027e6        0xa CMakeFiles/AccessControl_V2.elf.dir/Core/Src/rc522.c.obj
                0x080027e6                SPI_RC522_ReadByte
 .text.ReadRawRC
                0x080027f0       0x38 CMakeFiles/AccessControl_V2.elf.dir/Core/Src/rc522.c.obj
                0x080027f0                ReadRawRC
 .text.WriteRawRC
                0x08002828       0x34 CMakeFiles/AccessControl_V2.elf.dir/Core/Src/rc522.c.obj
                0x08002828                WriteRawRC
 .text.SetBitMask
                0x0800285c       0x18 CMakeFiles/AccessControl_V2.elf.dir/Core/Src/rc522.c.obj
                0x0800285c                SetBitMask
 .text.ClearBitMask
                0x08002874       0x18 CMakeFiles/AccessControl_V2.elf.dir/Core/Src/rc522.c.obj
                0x08002874                ClearBitMask
 .text.PcdAntennaOn
                0x0800288c       0x1a CMakeFiles/AccessControl_V2.elf.dir/Core/Src/rc522.c.obj
                0x0800288c                PcdAntennaOn
 *fill*         0x080028a6        0x2 
 .text.PcdReset
                0x080028a8       0x84 CMakeFiles/AccessControl_V2.elf.dir/Core/Src/rc522.c.obj
                0x080028a8                PcdReset
 .text.M500PcdConfigISOType
                0x0800292c       0x54 CMakeFiles/AccessControl_V2.elf.dir/Core/Src/rc522.c.obj
                0x0800292c                M500PcdConfigISOType
 .text.RC522_Init
                0x08002980       0x30 CMakeFiles/AccessControl_V2.elf.dir/Core/Src/rc522.c.obj
                0x08002980                RC522_Init
 .text.PcdComMF522
                0x080029b0      0x118 CMakeFiles/AccessControl_V2.elf.dir/Core/Src/rc522.c.obj
                0x080029b0                PcdComMF522
 .text.PcdRequest
                0x08002ac8       0x54 CMakeFiles/AccessControl_V2.elf.dir/Core/Src/rc522.c.obj
                0x08002ac8                PcdRequest
 .text.PcdAnticoll
                0x08002b1c       0x78 CMakeFiles/AccessControl_V2.elf.dir/Core/Src/rc522.c.obj
                0x08002b1c                PcdAnticoll
 .text.CalulateCRC
                0x08002b94       0x64 CMakeFiles/AccessControl_V2.elf.dir/Core/Src/rc522.c.obj
                0x08002b94                CalulateCRC
 .text.PcdSelect
                0x08002bf8       0x70 CMakeFiles/AccessControl_V2.elf.dir/Core/Src/rc522.c.obj
                0x08002bf8                PcdSelect
 .text.RC522_Handel
                0x08002c68       0x60 CMakeFiles/AccessControl_V2.elf.dir/Core/Src/rc522.c.obj
                0x08002c68                RC522_Handel
 .text.Remote_Init
                0x08002cc8       0x54 CMakeFiles/AccessControl_V2.elf.dir/Core/Src/remote.c.obj
                0x08002cc8                Remote_Init
 .text.HAL_TIM_IC_MspInit
                0x08002d1c       0x60 CMakeFiles/AccessControl_V2.elf.dir/Core/Src/remote.c.obj
                0x08002d1c                HAL_TIM_IC_MspInit
 .text.TIM4_IRQHandler
                0x08002d7c       0x10 CMakeFiles/AccessControl_V2.elf.dir/Core/Src/remote.c.obj
                0x08002d7c                TIM4_IRQHandler
 .text.HAL_TIM_PeriodElapsedCallback
                0x08002d8c       0x50 CMakeFiles/AccessControl_V2.elf.dir/Core/Src/remote.c.obj
                0x08002d8c                HAL_TIM_PeriodElapsedCallback
 .text.HAL_TIM_IC_CaptureCallback
                0x08002ddc       0xf8 CMakeFiles/AccessControl_V2.elf.dir/Core/Src/remote.c.obj
                0x08002ddc                HAL_TIM_IC_CaptureCallback
 .text.Remote_Scan
                0x08002ed4       0x60 CMakeFiles/AccessControl_V2.elf.dir/Core/Src/remote.c.obj
                0x08002ed4                Remote_Scan
 .text.RetargetInit
                0x08002f34       0x20 CMakeFiles/AccessControl_V2.elf.dir/Core/Src/retarget.c.obj
                0x08002f34                RetargetInit
 .text._isatty  0x08002f54       0x16 CMakeFiles/AccessControl_V2.elf.dir/Core/Src/retarget.c.obj
                0x08002f54                _isatty
 *fill*         0x08002f6a        0x2 
 .text._write   0x08002f6c       0x34 CMakeFiles/AccessControl_V2.elf.dir/Core/Src/retarget.c.obj
                0x08002f6c                _write
 .text._close   0x08002fa0       0x18 CMakeFiles/AccessControl_V2.elf.dir/Core/Src/retarget.c.obj
                0x08002fa0                _close
 .text._lseek   0x08002fb8       0x10 CMakeFiles/AccessControl_V2.elf.dir/Core/Src/retarget.c.obj
                0x08002fb8                _lseek
 .text._read    0x08002fc8       0x30 CMakeFiles/AccessControl_V2.elf.dir/Core/Src/retarget.c.obj
                0x08002fc8                _read
 .text._fstat   0x08002ff8       0x1a CMakeFiles/AccessControl_V2.elf.dir/Core/Src/retarget.c.obj
                0x08002ff8                _fstat
 *fill*         0x08003012        0x2 
 .text.MX_RTC_Init
                0x08003014       0x2c CMakeFiles/AccessControl_V2.elf.dir/Core/Src/rtc.c.obj
                0x08003014                MX_RTC_Init
 .text.HAL_RTC_MspInit
                0x08003040       0x40 CMakeFiles/AccessControl_V2.elf.dir/Core/Src/rtc.c.obj
                0x08003040                HAL_RTC_MspInit
 .text.MX_SPI1_Init
                0x08003080       0x48 CMakeFiles/AccessControl_V2.elf.dir/Core/Src/spi.c.obj
                0x08003080                MX_SPI1_Init
 .text.MX_SPI2_Init
                0x080030c8       0x48 CMakeFiles/AccessControl_V2.elf.dir/Core/Src/spi.c.obj
                0x080030c8                MX_SPI2_Init
 .text.MX_SPI3_Init
                0x08003110       0x48 CMakeFiles/AccessControl_V2.elf.dir/Core/Src/spi.c.obj
                0x08003110                MX_SPI3_Init
 .text.HAL_SPI_MspInit
                0x08003158      0x134 CMakeFiles/AccessControl_V2.elf.dir/Core/Src/spi.c.obj
                0x08003158                HAL_SPI_MspInit
 .text.SPI1_ReadWriteByte
                0x0800328c       0x2c CMakeFiles/AccessControl_V2.elf.dir/Core/Src/spi.c.obj
                0x0800328c                SPI1_ReadWriteByte
 .text.SPI2_ReadWriteByte
                0x080032b8       0x2c CMakeFiles/AccessControl_V2.elf.dir/Core/Src/spi.c.obj
                0x080032b8                SPI2_ReadWriteByte
 .text.HAL_MspInit
                0x080032e4       0x44 CMakeFiles/AccessControl_V2.elf.dir/Core/Src/stm32f1xx_hal_msp.c.obj
                0x080032e4                HAL_MspInit
 .text.NMI_Handler
                0x08003328        0x8 CMakeFiles/AccessControl_V2.elf.dir/Core/Src/stm32f1xx_it.c.obj
                0x08003328                NMI_Handler
 .text.HardFault_Handler
                0x08003330        0x2 CMakeFiles/AccessControl_V2.elf.dir/Core/Src/stm32f1xx_it.c.obj
                0x08003330                HardFault_Handler
 .text.MemManage_Handler
                0x08003332        0x2 CMakeFiles/AccessControl_V2.elf.dir/Core/Src/stm32f1xx_it.c.obj
                0x08003332                MemManage_Handler
 .text.BusFault_Handler
                0x08003334        0x2 CMakeFiles/AccessControl_V2.elf.dir/Core/Src/stm32f1xx_it.c.obj
                0x08003334                BusFault_Handler
 .text.UsageFault_Handler
                0x08003336        0x2 CMakeFiles/AccessControl_V2.elf.dir/Core/Src/stm32f1xx_it.c.obj
                0x08003336                UsageFault_Handler
 .text.SVC_Handler
                0x08003338        0x2 CMakeFiles/AccessControl_V2.elf.dir/Core/Src/stm32f1xx_it.c.obj
                0x08003338                SVC_Handler
 .text.DebugMon_Handler
                0x0800333a        0x2 CMakeFiles/AccessControl_V2.elf.dir/Core/Src/stm32f1xx_it.c.obj
                0x0800333a                DebugMon_Handler
 .text.PendSV_Handler
                0x0800333c        0x2 CMakeFiles/AccessControl_V2.elf.dir/Core/Src/stm32f1xx_it.c.obj
                0x0800333c                PendSV_Handler
 .text.SysTick_Handler
                0x0800333e        0x8 CMakeFiles/AccessControl_V2.elf.dir/Core/Src/stm32f1xx_it.c.obj
                0x0800333e                SysTick_Handler
 .text._getpid  0x08003346        0x4 CMakeFiles/AccessControl_V2.elf.dir/Core/Src/syscalls.c.obj
                0x08003346                _getpid
 .text._kill    0x0800334a       0x10 CMakeFiles/AccessControl_V2.elf.dir/Core/Src/syscalls.c.obj
                0x0800334a                _kill
 .text._exit    0x0800335a        0xc CMakeFiles/AccessControl_V2.elf.dir/Core/Src/syscalls.c.obj
                0x0800335a                _exit
 *fill*         0x08003366        0x2 
 .text._sbrk    0x08003368       0x3c CMakeFiles/AccessControl_V2.elf.dir/Core/Src/syscalls.c.obj
                0x08003368                _sbrk
 .text.SystemInit
                0x080033a4        0x2 CMakeFiles/AccessControl_V2.elf.dir/Core/Src/system_stm32f1xx.c.obj
                0x080033a4                SystemInit
 *fill*         0x080033a6        0x2 
 .text.MX_USART1_UART_Init
                0x080033a8       0x34 CMakeFiles/AccessControl_V2.elf.dir/Core/Src/usart.c.obj
                0x080033a8                MX_USART1_UART_Init
 .text.MX_USART2_UART_Init
                0x080033dc       0x34 CMakeFiles/AccessControl_V2.elf.dir/Core/Src/usart.c.obj
                0x080033dc                MX_USART2_UART_Init
 .text.HAL_UART_MspInit
                0x08003410       0x98 CMakeFiles/AccessControl_V2.elf.dir/Core/Src/usart.c.obj
                0x08003410                HAL_UART_MspInit
 .text.information_init
                0x080034a8      0x12c CMakeFiles/AccessControl_V2.elf.dir/Core/Src/userinfo.c.obj
                0x080034a8                information_init
 .text.reflash_information
                0x080035d4       0x8c CMakeFiles/AccessControl_V2.elf.dir/Core/Src/userinfo.c.obj
                0x080035d4                reflash_information
 .text.W25QXX_ReadSR
                0x08003660       0x30 CMakeFiles/AccessControl_V2.elf.dir/Core/Src/w25qxx.c.obj
                0x08003660                W25QXX_ReadSR
 .text.W25QXX_Write_Enable
                0x08003690       0x18 CMakeFiles/AccessControl_V2.elf.dir/Core/Src/w25qxx.c.obj
                0x08003690                W25QXX_Write_Enable
 .text.W25QXX_ReadID
                0x080036a8       0x40 CMakeFiles/AccessControl_V2.elf.dir/Core/Src/w25qxx.c.obj
                0x080036a8                W25QXX_ReadID
 .text.W25QXX_Init
                0x080036e8       0xa4 CMakeFiles/AccessControl_V2.elf.dir/Core/Src/w25qxx.c.obj
                0x080036e8                W25QXX_Init
 .text.W25QXX_Read
                0x0800378c       0x64 CMakeFiles/AccessControl_V2.elf.dir/Core/Src/w25qxx.c.obj
                0x0800378c                W25QXX_Read
 .text.W25QXX_Wait_Busy
                0x080037f0       0x10 CMakeFiles/AccessControl_V2.elf.dir/Core/Src/w25qxx.c.obj
                0x080037f0                W25QXX_Wait_Busy
 .text.W25QXX_Write_Page
                0x08003800       0x68 CMakeFiles/AccessControl_V2.elf.dir/Core/Src/w25qxx.c.obj
                0x08003800                W25QXX_Write_Page
 .text.W25QXX_Write_NoCheck
                0x08003868       0x3e CMakeFiles/AccessControl_V2.elf.dir/Core/Src/w25qxx.c.obj
                0x08003868                W25QXX_Write_NoCheck
 *fill*         0x080038a6        0x2 
 .text.W25QXX_Erase_Sector
                0x080038a8       0x58 CMakeFiles/AccessControl_V2.elf.dir/Core/Src/w25qxx.c.obj
                0x080038a8                W25QXX_Erase_Sector
 .text.W25QXX_Write
                0x08003900       0xa4 CMakeFiles/AccessControl_V2.elf.dir/Core/Src/w25qxx.c.obj
                0x08003900                W25QXX_Write
 .text.HAL_InitTick
                0x080039a4       0x4c CMakeFiles/AccessControl_V2.elf.dir/Drivers/STM32F1xx_HAL_Driver/Src/stm32f1xx_hal.c.obj
                0x080039a4                HAL_InitTick
 .text.HAL_Init
                0x080039f0       0x24 CMakeFiles/AccessControl_V2.elf.dir/Drivers/STM32F1xx_HAL_Driver/Src/stm32f1xx_hal.c.obj
                0x080039f0                HAL_Init
 .text.HAL_IncTick
                0x08003a14       0x18 CMakeFiles/AccessControl_V2.elf.dir/Drivers/STM32F1xx_HAL_Driver/Src/stm32f1xx_hal.c.obj
                0x08003a14                HAL_IncTick
 .text.HAL_GetTick
                0x08003a2c        0xc CMakeFiles/AccessControl_V2.elf.dir/Drivers/STM32F1xx_HAL_Driver/Src/stm32f1xx_hal.c.obj
                0x08003a2c                HAL_GetTick
 .text.HAL_NVIC_SetPriorityGrouping
                0x08003a38       0x24 CMakeFiles/AccessControl_V2.elf.dir/Drivers/STM32F1xx_HAL_Driver/Src/stm32f1xx_hal_cortex.c.obj
                0x08003a38                HAL_NVIC_SetPriorityGrouping
 .text.HAL_NVIC_SetPriority
                0x08003a5c       0x68 CMakeFiles/AccessControl_V2.elf.dir/Drivers/STM32F1xx_HAL_Driver/Src/stm32f1xx_hal_cortex.c.obj
                0x08003a5c                HAL_NVIC_SetPriority
 .text.HAL_NVIC_EnableIRQ
                0x08003ac4       0x1c CMakeFiles/AccessControl_V2.elf.dir/Drivers/STM32F1xx_HAL_Driver/Src/stm32f1xx_hal_cortex.c.obj
                0x08003ac4                HAL_NVIC_EnableIRQ
 .text.HAL_SYSTICK_Config
                0x08003ae0       0x2c CMakeFiles/AccessControl_V2.elf.dir/Drivers/STM32F1xx_HAL_Driver/Src/stm32f1xx_hal_cortex.c.obj
                0x08003ae0                HAL_SYSTICK_Config
 .text.HAL_SYSTICK_CLKSourceConfig
                0x08003b0c       0x20 CMakeFiles/AccessControl_V2.elf.dir/Drivers/STM32F1xx_HAL_Driver/Src/stm32f1xx_hal_cortex.c.obj
                0x08003b0c                HAL_SYSTICK_CLKSourceConfig
 .text.HAL_GPIO_Init
                0x08003b2c      0x238 CMakeFiles/AccessControl_V2.elf.dir/Drivers/STM32F1xx_HAL_Driver/Src/stm32f1xx_hal_gpio.c.obj
                0x08003b2c                HAL_GPIO_Init
 .text.HAL_GPIO_WritePin
                0x08003d64        0xc CMakeFiles/AccessControl_V2.elf.dir/Drivers/STM32F1xx_HAL_Driver/Src/stm32f1xx_hal_gpio.c.obj
                0x08003d64                HAL_GPIO_WritePin
 .text.HAL_PWR_EnableBkUpAccess
                0x08003d70        0xc CMakeFiles/AccessControl_V2.elf.dir/Drivers/STM32F1xx_HAL_Driver/Src/stm32f1xx_hal_pwr.c.obj
                0x08003d70                HAL_PWR_EnableBkUpAccess
 .text.RCC_Delay
                0x08003d7c       0x2c CMakeFiles/AccessControl_V2.elf.dir/Drivers/STM32F1xx_HAL_Driver/Src/stm32f1xx_hal_rcc.c.obj
 .text.HAL_RCC_OscConfig
                0x08003da8      0x410 CMakeFiles/AccessControl_V2.elf.dir/Drivers/STM32F1xx_HAL_Driver/Src/stm32f1xx_hal_rcc.c.obj
                0x08003da8                HAL_RCC_OscConfig
 .text.HAL_RCC_EnableCSS
                0x080041b8        0xc CMakeFiles/AccessControl_V2.elf.dir/Drivers/STM32F1xx_HAL_Driver/Src/stm32f1xx_hal_rcc.c.obj
                0x080041b8                HAL_RCC_EnableCSS
 .text.HAL_RCC_GetSysClockFreq
                0x080041c4       0x6c CMakeFiles/AccessControl_V2.elf.dir/Drivers/STM32F1xx_HAL_Driver/Src/stm32f1xx_hal_rcc.c.obj
                0x080041c4                HAL_RCC_GetSysClockFreq
 .text.HAL_RCC_ClockConfig
                0x08004230      0x16c CMakeFiles/AccessControl_V2.elf.dir/Drivers/STM32F1xx_HAL_Driver/Src/stm32f1xx_hal_rcc.c.obj
                0x08004230                HAL_RCC_ClockConfig
 .text.HAL_RCC_GetHCLKFreq
                0x0800439c        0xc CMakeFiles/AccessControl_V2.elf.dir/Drivers/STM32F1xx_HAL_Driver/Src/stm32f1xx_hal_rcc.c.obj
                0x0800439c                HAL_RCC_GetHCLKFreq
 .text.HAL_RCC_GetPCLK1Freq
                0x080043a8       0x20 CMakeFiles/AccessControl_V2.elf.dir/Drivers/STM32F1xx_HAL_Driver/Src/stm32f1xx_hal_rcc.c.obj
                0x080043a8                HAL_RCC_GetPCLK1Freq
 .text.HAL_RCC_GetPCLK2Freq
                0x080043c8       0x20 CMakeFiles/AccessControl_V2.elf.dir/Drivers/STM32F1xx_HAL_Driver/Src/stm32f1xx_hal_rcc.c.obj
                0x080043c8                HAL_RCC_GetPCLK2Freq
 .text.HAL_RCC_CSSCallback
                0x080043e8        0x2 CMakeFiles/AccessControl_V2.elf.dir/Drivers/STM32F1xx_HAL_Driver/Src/stm32f1xx_hal_rcc.c.obj
                0x080043e8                HAL_RCC_CSSCallback
 *fill*         0x080043ea        0x2 
 .text.HAL_RCC_NMI_IRQHandler
                0x080043ec       0x24 CMakeFiles/AccessControl_V2.elf.dir/Drivers/STM32F1xx_HAL_Driver/Src/stm32f1xx_hal_rcc.c.obj
                0x080043ec                HAL_RCC_NMI_IRQHandler
 .text.HAL_RCCEx_PeriphCLKConfig
                0x08004410      0x114 CMakeFiles/AccessControl_V2.elf.dir/Drivers/STM32F1xx_HAL_Driver/Src/stm32f1xx_hal_rcc_ex.c.obj
                0x08004410                HAL_RCCEx_PeriphCLKConfig
 .text.HAL_RCCEx_GetPeriphCLKFreq
                0x08004524      0x110 CMakeFiles/AccessControl_V2.elf.dir/Drivers/STM32F1xx_HAL_Driver/Src/stm32f1xx_hal_rcc_ex.c.obj
                0x08004524                HAL_RCCEx_GetPeriphCLKFreq
 .text.RTC_EnterInitMode
                0x08004634       0x30 CMakeFiles/AccessControl_V2.elf.dir/Drivers/STM32F1xx_HAL_Driver/Src/stm32f1xx_hal_rtc.c.obj
 .text.RTC_ExitInitMode
                0x08004664       0x32 CMakeFiles/AccessControl_V2.elf.dir/Drivers/STM32F1xx_HAL_Driver/Src/stm32f1xx_hal_rtc.c.obj
 .text.HAL_RTC_WaitForSynchro
                0x08004696       0x38 CMakeFiles/AccessControl_V2.elf.dir/Drivers/STM32F1xx_HAL_Driver/Src/stm32f1xx_hal_rtc.c.obj
                0x08004696                HAL_RTC_WaitForSynchro
 *fill*         0x080046ce        0x2 
 .text.HAL_RTC_Init
                0x080046d0       0xbc CMakeFiles/AccessControl_V2.elf.dir/Drivers/STM32F1xx_HAL_Driver/Src/stm32f1xx_hal_rtc.c.obj
                0x080046d0                HAL_RTC_Init
 .text.SPI_WaitFlagStateUntilTimeout
                0x0800478c       0xd0 CMakeFiles/AccessControl_V2.elf.dir/Drivers/STM32F1xx_HAL_Driver/Src/stm32f1xx_hal_spi.c.obj
 .text.SPI_EndRxTxTransaction
                0x0800485c       0x24 CMakeFiles/AccessControl_V2.elf.dir/Drivers/STM32F1xx_HAL_Driver/Src/stm32f1xx_hal_spi.c.obj
 .text.HAL_SPI_Init
                0x08004880       0xb6 CMakeFiles/AccessControl_V2.elf.dir/Drivers/STM32F1xx_HAL_Driver/Src/stm32f1xx_hal_spi.c.obj
                0x08004880                HAL_SPI_Init
 .text.HAL_SPI_TransmitReceive
                0x08004936      0x238 CMakeFiles/AccessControl_V2.elf.dir/Drivers/STM32F1xx_HAL_Driver/Src/stm32f1xx_hal_spi.c.obj
                0x08004936                HAL_SPI_TransmitReceive
 .text.TIM_TI2_SetConfig
                0x08004b6e       0x34 CMakeFiles/AccessControl_V2.elf.dir/Drivers/STM32F1xx_HAL_Driver/Src/stm32f1xx_hal_tim.c.obj
 .text.TIM_TI3_SetConfig
                0x08004ba2       0x32 CMakeFiles/AccessControl_V2.elf.dir/Drivers/STM32F1xx_HAL_Driver/Src/stm32f1xx_hal_tim.c.obj
 .text.TIM_TI4_SetConfig
                0x08004bd4       0x34 CMakeFiles/AccessControl_V2.elf.dir/Drivers/STM32F1xx_HAL_Driver/Src/stm32f1xx_hal_tim.c.obj
 .text.HAL_TIM_ReadCapturedValue
                0x08004c08       0x32 CMakeFiles/AccessControl_V2.elf.dir/Drivers/STM32F1xx_HAL_Driver/Src/stm32f1xx_hal_tim.c.obj
                0x08004c08                HAL_TIM_ReadCapturedValue
 .text.HAL_TIM_OC_DelayElapsedCallback
                0x08004c3a        0x2 CMakeFiles/AccessControl_V2.elf.dir/Drivers/STM32F1xx_HAL_Driver/Src/stm32f1xx_hal_tim.c.obj
                0x08004c3a                HAL_TIM_OC_DelayElapsedCallback
 .text.HAL_TIM_PWM_PulseFinishedCallback
                0x08004c3c        0x2 CMakeFiles/AccessControl_V2.elf.dir/Drivers/STM32F1xx_HAL_Driver/Src/stm32f1xx_hal_tim.c.obj
                0x08004c3c                HAL_TIM_PWM_PulseFinishedCallback
 .text.HAL_TIM_TriggerCallback
                0x08004c3e        0x2 CMakeFiles/AccessControl_V2.elf.dir/Drivers/STM32F1xx_HAL_Driver/Src/stm32f1xx_hal_tim.c.obj
                0x08004c3e                HAL_TIM_TriggerCallback
 .text.HAL_TIM_IRQHandler
                0x08004c40      0x17a CMakeFiles/AccessControl_V2.elf.dir/Drivers/STM32F1xx_HAL_Driver/Src/stm32f1xx_hal_tim.c.obj
                0x08004c40                HAL_TIM_IRQHandler
 *fill*         0x08004dba        0x2 
 .text.TIM_Base_SetConfig
                0x08004dbc       0x98 CMakeFiles/AccessControl_V2.elf.dir/Drivers/STM32F1xx_HAL_Driver/Src/stm32f1xx_hal_tim.c.obj
                0x08004dbc                TIM_Base_SetConfig
 .text.HAL_TIM_IC_Init
                0x08004e54       0x58 CMakeFiles/AccessControl_V2.elf.dir/Drivers/STM32F1xx_HAL_Driver/Src/stm32f1xx_hal_tim.c.obj
                0x08004e54                HAL_TIM_IC_Init
 .text.TIM_TI1_SetConfig
                0x08004eac       0x68 CMakeFiles/AccessControl_V2.elf.dir/Drivers/STM32F1xx_HAL_Driver/Src/stm32f1xx_hal_tim.c.obj
                0x08004eac                TIM_TI1_SetConfig
 .text.HAL_TIM_IC_ConfigChannel
                0x08004f14       0xb4 CMakeFiles/AccessControl_V2.elf.dir/Drivers/STM32F1xx_HAL_Driver/Src/stm32f1xx_hal_tim.c.obj
                0x08004f14                HAL_TIM_IC_ConfigChannel
 .text.TIM_CCxChannelCmd
                0x08004fc8       0x22 CMakeFiles/AccessControl_V2.elf.dir/Drivers/STM32F1xx_HAL_Driver/Src/stm32f1xx_hal_tim.c.obj
                0x08004fc8                TIM_CCxChannelCmd
 *fill*         0x08004fea        0x2 
 .text.HAL_TIM_IC_Start_IT
                0x08004fec      0x160 CMakeFiles/AccessControl_V2.elf.dir/Drivers/STM32F1xx_HAL_Driver/Src/stm32f1xx_hal_tim.c.obj
                0x08004fec                HAL_TIM_IC_Start_IT
 .text.HAL_TIMEx_CommutCallback
                0x0800514c        0x2 CMakeFiles/AccessControl_V2.elf.dir/Drivers/STM32F1xx_HAL_Driver/Src/stm32f1xx_hal_tim_ex.c.obj
                0x0800514c                HAL_TIMEx_CommutCallback
 .text.HAL_TIMEx_BreakCallback
                0x0800514e        0x2 CMakeFiles/AccessControl_V2.elf.dir/Drivers/STM32F1xx_HAL_Driver/Src/stm32f1xx_hal_tim_ex.c.obj
                0x0800514e                HAL_TIMEx_BreakCallback
 .text.UART_SetConfig
                0x08005150       0x90 CMakeFiles/AccessControl_V2.elf.dir/Drivers/STM32F1xx_HAL_Driver/Src/stm32f1xx_hal_uart.c.obj
 .text.UART_WaitOnFlagUntilTimeout
                0x080051e0       0x68 CMakeFiles/AccessControl_V2.elf.dir/Drivers/STM32F1xx_HAL_Driver/Src/stm32f1xx_hal_uart.c.obj
 .text.HAL_UART_Init
                0x08005248       0x5e CMakeFiles/AccessControl_V2.elf.dir/Drivers/STM32F1xx_HAL_Driver/Src/stm32f1xx_hal_uart.c.obj
                0x08005248                HAL_UART_Init
 .text.HAL_UART_Transmit
                0x080052a6       0xd8 CMakeFiles/AccessControl_V2.elf.dir/Drivers/STM32F1xx_HAL_Driver/Src/stm32f1xx_hal_uart.c.obj
                0x080052a6                HAL_UART_Transmit
 .text.HAL_UART_Receive
                0x0800537e       0xe2 CMakeFiles/AccessControl_V2.elf.dir/Drivers/STM32F1xx_HAL_Driver/Src/stm32f1xx_hal_uart.c.obj
                0x0800537e                HAL_UART_Receive
 .text.Reset_Handler
                0x08005460       0x48 CMakeFiles/AccessControl_V2.elf.dir/startup/startup_stm32f103xe.s.obj
                0x08005460                Reset_Handler
 .text.Default_Handler
                0x080054a8        0x2 CMakeFiles/AccessControl_V2.elf.dir/startup/startup_stm32f103xe.s.obj
                0x080054a8                RTC_Alarm_IRQHandler
                0x080054a8                EXTI2_IRQHandler
                0x080054a8                TIM8_TRG_COM_IRQHandler
                0x080054a8                TIM8_CC_IRQHandler
                0x080054a8                TIM1_CC_IRQHandler
                0x080054a8                TIM6_IRQHandler
                0x080054a8                PVD_IRQHandler
                0x080054a8                SDIO_IRQHandler
                0x080054a8                EXTI3_IRQHandler
                0x080054a8                EXTI0_IRQHandler
                0x080054a8                I2C2_EV_IRQHandler
                0x080054a8                ADC1_2_IRQHandler
                0x080054a8                SPI1_IRQHandler
                0x080054a8                TAMPER_IRQHandler
                0x080054a8                TIM8_UP_IRQHandler
                0x080054a8                DMA2_Channel2_IRQHandler
                0x080054a8                DMA1_Channel4_IRQHandler
                0x080054a8                USART3_IRQHandler
                0x080054a8                RTC_IRQHandler
                0x080054a8                DMA1_Channel7_IRQHandler
                0x080054a8                CAN1_RX1_IRQHandler
                0x080054a8                UART5_IRQHandler
                0x080054a8                ADC3_IRQHandler
                0x080054a8                DMA2_Channel1_IRQHandler
                0x080054a8                I2C1_EV_IRQHandler
                0x080054a8                DMA1_Channel6_IRQHandler
                0x080054a8                UART4_IRQHandler
                0x080054a8                TIM3_IRQHandler
                0x080054a8                RCC_IRQHandler
                0x080054a8                TIM1_TRG_COM_IRQHandler
                0x080054a8                DMA1_Channel1_IRQHandler
                0x080054a8                Default_Handler
                0x080054a8                EXTI15_10_IRQHandler
                0x080054a8                TIM7_IRQHandler
                0x080054a8                TIM5_IRQHandler
                0x080054a8                EXTI9_5_IRQHandler
                0x080054a8                SPI2_IRQHandler
                0x080054a8                DMA1_Channel5_IRQHandler
                0x080054a8                EXTI4_IRQHandler
                0x080054a8                USB_LP_CAN1_RX0_IRQHandler
                0x080054a8                USB_HP_CAN1_TX_IRQHandler
                0x080054a8                DMA1_Channel3_IRQHandler
                0x080054a8                FSMC_IRQHandler
                0x080054a8                TIM1_UP_IRQHandler
                0x080054a8                WWDG_IRQHandler
                0x080054a8                TIM2_IRQHandler
                0x080054a8                TIM1_BRK_IRQHandler
                0x080054a8                EXTI1_IRQHandler
                0x080054a8                DMA2_Channel4_5_IRQHandler
                0x080054a8                USART2_IRQHandler
                0x080054a8                I2C2_ER_IRQHandler
                0x080054a8                DMA1_Channel2_IRQHandler
                0x080054a8                TIM8_BRK_IRQHandler
                0x080054a8                CAN1_SCE_IRQHandler
                0x080054a8                FLASH_IRQHandler
                0x080054a8                USART1_IRQHandler
                0x080054a8                SPI3_IRQHandler
                0x080054a8                I2C1_ER_IRQHandler
                0x080054a8                USBWakeUp_IRQHandler
                0x080054a8                DMA2_Channel3_IRQHandler
 *fill*         0x080054aa        0x2 
 .text.__errno  0x080054ac        0xc d:/jetbrains/gcc-arm-none-eabi/bin/../lib/gcc/arm-none-eabi/9.3.1/../../../../arm-none-eabi/lib/thumb/v7-m/nofp\libg.a(lib_a-errno.o)
                0x080054ac                __errno
 .text.__libc_init_array
                0x080054b8       0x48 d:/jetbrains/gcc-arm-none-eabi/bin/../lib/gcc/arm-none-eabi/9.3.1/../../../../arm-none-eabi/lib/thumb/v7-m/nofp\libg.a(lib_a-init.o)
                0x080054b8                __libc_init_array
 .text.memset   0x08005500       0xa0 d:/jetbrains/gcc-arm-none-eabi/bin/../lib/gcc/arm-none-eabi/9.3.1/../../../../arm-none-eabi/lib/thumb/v7-m/nofp\libg.a(lib_a-memset.o)
                0x08005500                memset
 .text.printf   0x080055a0       0x28 d:/jetbrains/gcc-arm-none-eabi/bin/../lib/gcc/arm-none-eabi/9.3.1/../../../../arm-none-eabi/lib/thumb/v7-m/nofp\libg.a(lib_a-printf.o)
                0x080055a0                printf
 .text._puts_r  0x080055c8       0x9c d:/jetbrains/gcc-arm-none-eabi/bin/../lib/gcc/arm-none-eabi/9.3.1/../../../../arm-none-eabi/lib/thumb/v7-m/nofp\libg.a(lib_a-puts.o)
                0x080055c8                _puts_r
 .text.puts     0x08005664       0x10 d:/jetbrains/gcc-arm-none-eabi/bin/../lib/gcc/arm-none-eabi/9.3.1/../../../../arm-none-eabi/lib/thumb/v7-m/nofp\libg.a(lib_a-puts.o)
                0x08005664                puts
 .text.setvbuf  0x08005674      0x1a0 d:/jetbrains/gcc-arm-none-eabi/bin/../lib/gcc/arm-none-eabi/9.3.1/../../../../arm-none-eabi/lib/thumb/v7-m/nofp\libg.a(lib_a-setvbuf.o)
                0x08005674                setvbuf
 .text.strlen   0x08005814       0x5c d:/jetbrains/gcc-arm-none-eabi/bin/../lib/gcc/arm-none-eabi/9.3.1/../../../../arm-none-eabi/lib/thumb/v7-m/nofp\libg.a(lib_a-strlen-stub.o)
                0x08005814                strlen
 .text._vfprintf_r
                0x08005870     0x1c18 d:/jetbrains/gcc-arm-none-eabi/bin/../lib/gcc/arm-none-eabi/9.3.1/../../../../arm-none-eabi/lib/thumb/v7-m/nofp\libg.a(lib_a-vfprintf.o)
                0x08005870                _vfprintf_r
 .text.__sbprintf
                0x08007488       0x88 d:/jetbrains/gcc-arm-none-eabi/bin/../lib/gcc/arm-none-eabi/9.3.1/../../../../arm-none-eabi/lib/thumb/v7-m/nofp\libg.a(lib_a-vfprintf.o)
 .text.__swsetup_r
                0x08007510       0xd0 d:/jetbrains/gcc-arm-none-eabi/bin/../lib/gcc/arm-none-eabi/9.3.1/../../../../arm-none-eabi/lib/thumb/v7-m/nofp\libg.a(lib_a-wsetup.o)
                0x08007510                __swsetup_r
 .text.startup.register_fini
                0x080075e0       0x14 d:/jetbrains/gcc-arm-none-eabi/bin/../lib/gcc/arm-none-eabi/9.3.1/../../../../arm-none-eabi/lib/thumb/v7-m/nofp\libg.a(lib_a-__call_atexit.o)
 .text.atexit   0x080075f4        0xc d:/jetbrains/gcc-arm-none-eabi/bin/../lib/gcc/arm-none-eabi/9.3.1/../../../../arm-none-eabi/lib/thumb/v7-m/nofp\libg.a(lib_a-atexit.o)
                0x080075f4                atexit
 .text.quorem   0x08007600      0x120 d:/jetbrains/gcc-arm-none-eabi/bin/../lib/gcc/arm-none-eabi/9.3.1/../../../../arm-none-eabi/lib/thumb/v7-m/nofp\libg.a(lib_a-dtoa.o)
 .text._dtoa_r  0x08007720      0xec8 d:/jetbrains/gcc-arm-none-eabi/bin/../lib/gcc/arm-none-eabi/9.3.1/../../../../arm-none-eabi/lib/thumb/v7-m/nofp\libg.a(lib_a-dtoa.o)
                0x08007720                _dtoa_r
 .text.__sflush_r
                0x080085e8      0x130 d:/jetbrains/gcc-arm-none-eabi/bin/../lib/gcc/arm-none-eabi/9.3.1/../../../../arm-none-eabi/lib/thumb/v7-m/nofp\libg.a(lib_a-fflush.o)
                0x080085e8                __sflush_r
 .text._fflush_r
                0x08008718       0x5c d:/jetbrains/gcc-arm-none-eabi/bin/../lib/gcc/arm-none-eabi/9.3.1/../../../../arm-none-eabi/lib/thumb/v7-m/nofp\libg.a(lib_a-fflush.o)
                0x08008718                _fflush_r
 .text.std      0x08008774       0x50 d:/jetbrains/gcc-arm-none-eabi/bin/../lib/gcc/arm-none-eabi/9.3.1/../../../../arm-none-eabi/lib/thumb/v7-m/nofp\libg.a(lib_a-findfp.o)
 .text._cleanup_r
                0x080087c4        0xc d:/jetbrains/gcc-arm-none-eabi/bin/../lib/gcc/arm-none-eabi/9.3.1/../../../../arm-none-eabi/lib/thumb/v7-m/nofp\libg.a(lib_a-findfp.o)
                0x080087c4                _cleanup_r
 .text.__sinit  0x080087d0       0x5c d:/jetbrains/gcc-arm-none-eabi/bin/../lib/gcc/arm-none-eabi/9.3.1/../../../../arm-none-eabi/lib/thumb/v7-m/nofp\libg.a(lib_a-findfp.o)
                0x080087d0                __sinit
 .text.__sfp_lock_acquire
                0x0800882c        0xc d:/jetbrains/gcc-arm-none-eabi/bin/../lib/gcc/arm-none-eabi/9.3.1/../../../../arm-none-eabi/lib/thumb/v7-m/nofp\libg.a(lib_a-findfp.o)
                0x0800882c                __sfp_lock_acquire
 .text.__sfp_lock_release
                0x08008838        0xc d:/jetbrains/gcc-arm-none-eabi/bin/../lib/gcc/arm-none-eabi/9.3.1/../../../../arm-none-eabi/lib/thumb/v7-m/nofp\libg.a(lib_a-findfp.o)
                0x08008838                __sfp_lock_release
 .text.__libc_fini_array
                0x08008844       0x2c d:/jetbrains/gcc-arm-none-eabi/bin/../lib/gcc/arm-none-eabi/9.3.1/../../../../arm-none-eabi/lib/thumb/v7-m/nofp\libg.a(lib_a-fini.o)
                0x08008844                __libc_fini_array
 .text._malloc_trim_r
                0x08008870       0xa0 d:/jetbrains/gcc-arm-none-eabi/bin/../lib/gcc/arm-none-eabi/9.3.1/../../../../arm-none-eabi/lib/thumb/v7-m/nofp\libg.a(lib_a-freer.o)
                0x08008870                _malloc_trim_r
 .text._free_r  0x08008910      0x20c d:/jetbrains/gcc-arm-none-eabi/bin/../lib/gcc/arm-none-eabi/9.3.1/../../../../arm-none-eabi/lib/thumb/v7-m/nofp\libg.a(lib_a-freer.o)
                0x08008910                _free_r
 .text.__sfvwrite_r
                0x08008b1c      0x2ec d:/jetbrains/gcc-arm-none-eabi/bin/../lib/gcc/arm-none-eabi/9.3.1/../../../../arm-none-eabi/lib/thumb/v7-m/nofp\libg.a(lib_a-fvwrite.o)
                0x08008b1c                __sfvwrite_r
 .text._fwalk_reent
                0x08008e08       0x48 d:/jetbrains/gcc-arm-none-eabi/bin/../lib/gcc/arm-none-eabi/9.3.1/../../../../arm-none-eabi/lib/thumb/v7-m/nofp\libg.a(lib_a-fwalk.o)
                0x08008e08                _fwalk_reent
 .text._localeconv_r
                0x08008e50        0x8 d:/jetbrains/gcc-arm-none-eabi/bin/../lib/gcc/arm-none-eabi/9.3.1/../../../../arm-none-eabi/lib/thumb/v7-m/nofp\libg.a(lib_a-localeconv.o)
                0x08008e50                _localeconv_r
 .text.__retarget_lock_init_recursive
                0x08008e58        0x4 d:/jetbrains/gcc-arm-none-eabi/bin/../lib/gcc/arm-none-eabi/9.3.1/../../../../arm-none-eabi/lib/thumb/v7-m/nofp\libg.a(lib_a-lock.o)
                0x08008e58                __retarget_lock_init_recursive
 .text.__retarget_lock_close_recursive
                0x08008e5c        0x4 d:/jetbrains/gcc-arm-none-eabi/bin/../lib/gcc/arm-none-eabi/9.3.1/../../../../arm-none-eabi/lib/thumb/v7-m/nofp\libg.a(lib_a-lock.o)
                0x08008e5c                __retarget_lock_close_recursive
 .text.__retarget_lock_acquire_recursive
                0x08008e60        0x4 d:/jetbrains/gcc-arm-none-eabi/bin/../lib/gcc/arm-none-eabi/9.3.1/../../../../arm-none-eabi/lib/thumb/v7-m/nofp\libg.a(lib_a-lock.o)
                0x08008e60                __retarget_lock_acquire_recursive
 .text.__retarget_lock_release_recursive
                0x08008e64        0x4 d:/jetbrains/gcc-arm-none-eabi/bin/../lib/gcc/arm-none-eabi/9.3.1/../../../../arm-none-eabi/lib/thumb/v7-m/nofp\libg.a(lib_a-lock.o)
                0x08008e64                __retarget_lock_release_recursive
 .text.__swhatbuf_r
                0x08008e68       0x5c d:/jetbrains/gcc-arm-none-eabi/bin/../lib/gcc/arm-none-eabi/9.3.1/../../../../arm-none-eabi/lib/thumb/v7-m/nofp\libg.a(lib_a-makebuf.o)
                0x08008e68                __swhatbuf_r
 .text.__smakebuf_r
                0x08008ec4       0x94 d:/jetbrains/gcc-arm-none-eabi/bin/../lib/gcc/arm-none-eabi/9.3.1/../../../../arm-none-eabi/lib/thumb/v7-m/nofp\libg.a(lib_a-makebuf.o)
                0x08008ec4                __smakebuf_r
 .text.malloc   0x08008f58       0x10 d:/jetbrains/gcc-arm-none-eabi/bin/../lib/gcc/arm-none-eabi/9.3.1/../../../../arm-none-eabi/lib/thumb/v7-m/nofp\libg.a(lib_a-malloc.o)
                0x08008f58                malloc
 .text._malloc_r
                0x08008f68      0x55c d:/jetbrains/gcc-arm-none-eabi/bin/../lib/gcc/arm-none-eabi/9.3.1/../../../../arm-none-eabi/lib/thumb/v7-m/nofp\libg.a(lib_a-mallocr.o)
                0x08008f68                _malloc_r
 .text.memchr   0x080094c4       0x80 d:/jetbrains/gcc-arm-none-eabi/bin/../lib/gcc/arm-none-eabi/9.3.1/../../../../arm-none-eabi/lib/thumb/v7-m/nofp\libg.a(lib_a-memchr-stub.o)
                0x080094c4                memchr
 .text.memmove  0x08009544       0xd4 d:/jetbrains/gcc-arm-none-eabi/bin/../lib/gcc/arm-none-eabi/9.3.1/../../../../arm-none-eabi/lib/thumb/v7-m/nofp\libg.a(lib_a-memmove.o)
                0x08009544                memmove
 .text.__malloc_lock
                0x08009618        0xc d:/jetbrains/gcc-arm-none-eabi/bin/../lib/gcc/arm-none-eabi/9.3.1/../../../../arm-none-eabi/lib/thumb/v7-m/nofp\libg.a(lib_a-mlock.o)
                0x08009618                __malloc_lock
 .text.__malloc_unlock
                0x08009624        0xc d:/jetbrains/gcc-arm-none-eabi/bin/../lib/gcc/arm-none-eabi/9.3.1/../../../../arm-none-eabi/lib/thumb/v7-m/nofp\libg.a(lib_a-mlock.o)
                0x08009624                __malloc_unlock
 .text._Balloc  0x08009630       0x4c d:/jetbrains/gcc-arm-none-eabi/bin/../lib/gcc/arm-none-eabi/9.3.1/../../../../arm-none-eabi/lib/thumb/v7-m/nofp\libg.a(lib_a-mprec.o)
                0x08009630                _Balloc
 .text._Bfree   0x0800967c       0x14 d:/jetbrains/gcc-arm-none-eabi/bin/../lib/gcc/arm-none-eabi/9.3.1/../../../../arm-none-eabi/lib/thumb/v7-m/nofp\libg.a(lib_a-mprec.o)
                0x0800967c                _Bfree
 .text.__multadd
                0x08009690       0x9c d:/jetbrains/gcc-arm-none-eabi/bin/../lib/gcc/arm-none-eabi/9.3.1/../../../../arm-none-eabi/lib/thumb/v7-m/nofp\libg.a(lib_a-mprec.o)
                0x08009690                __multadd
 .text.__hi0bits
                0x0800972c       0x40 d:/jetbrains/gcc-arm-none-eabi/bin/../lib/gcc/arm-none-eabi/9.3.1/../../../../arm-none-eabi/lib/thumb/v7-m/nofp\libg.a(lib_a-mprec.o)
                0x0800972c                __hi0bits
 .text.__lo0bits
                0x0800976c       0x60 d:/jetbrains/gcc-arm-none-eabi/bin/../lib/gcc/arm-none-eabi/9.3.1/../../../../arm-none-eabi/lib/thumb/v7-m/nofp\libg.a(lib_a-mprec.o)
                0x0800976c                __lo0bits
 .text.__i2b    0x080097cc       0x2c d:/jetbrains/gcc-arm-none-eabi/bin/../lib/gcc/arm-none-eabi/9.3.1/../../../../arm-none-eabi/lib/thumb/v7-m/nofp\libg.a(lib_a-mprec.o)
                0x080097cc                __i2b
 .text.__multiply
                0x080097f8      0x160 d:/jetbrains/gcc-arm-none-eabi/bin/../lib/gcc/arm-none-eabi/9.3.1/../../../../arm-none-eabi/lib/thumb/v7-m/nofp\libg.a(lib_a-mprec.o)
                0x080097f8                __multiply
 .text.__pow5mult
                0x08009958       0x98 d:/jetbrains/gcc-arm-none-eabi/bin/../lib/gcc/arm-none-eabi/9.3.1/../../../../arm-none-eabi/lib/thumb/v7-m/nofp\libg.a(lib_a-mprec.o)
                0x08009958                __pow5mult
 .text.__lshift
                0x080099f0       0xe8 d:/jetbrains/gcc-arm-none-eabi/bin/../lib/gcc/arm-none-eabi/9.3.1/../../../../arm-none-eabi/lib/thumb/v7-m/nofp\libg.a(lib_a-mprec.o)
                0x080099f0                __lshift
 .text.__mcmp   0x08009ad8       0x3c d:/jetbrains/gcc-arm-none-eabi/bin/../lib/gcc/arm-none-eabi/9.3.1/../../../../arm-none-eabi/lib/thumb/v7-m/nofp\libg.a(lib_a-mprec.o)
                0x08009ad8                __mcmp
 .text.__mdiff  0x08009b14      0x150 d:/jetbrains/gcc-arm-none-eabi/bin/../lib/gcc/arm-none-eabi/9.3.1/../../../../arm-none-eabi/lib/thumb/v7-m/nofp\libg.a(lib_a-mprec.o)
                0x08009b14                __mdiff
 .text.__d2b    0x08009c64       0xc4 d:/jetbrains/gcc-arm-none-eabi/bin/../lib/gcc/arm-none-eabi/9.3.1/../../../../arm-none-eabi/lib/thumb/v7-m/nofp\libg.a(lib_a-mprec.o)
                0x08009c64                __d2b
 .text._realloc_r
                0x08009d28      0x3e0 d:/jetbrains/gcc-arm-none-eabi/bin/../lib/gcc/arm-none-eabi/9.3.1/../../../../arm-none-eabi/lib/thumb/v7-m/nofp\libg.a(lib_a-reallocr.o)
                0x08009d28                _realloc_r
 .text.frexp    0x0800a108       0x70 d:/jetbrains/gcc-arm-none-eabi/bin/../lib/gcc/arm-none-eabi/9.3.1/../../../../arm-none-eabi/lib/thumb/v7-m/nofp\libg.a(lib_a-s_frexp.o)
                0x0800a108                frexp
 .text._sbrk_r  0x0800a178       0x24 d:/jetbrains/gcc-arm-none-eabi/bin/../lib/gcc/arm-none-eabi/9.3.1/../../../../arm-none-eabi/lib/thumb/v7-m/nofp\libg.a(lib_a-sbrkr.o)
                0x0800a178                _sbrk_r
 .text.__sread  0x0800a19c       0x24 d:/jetbrains/gcc-arm-none-eabi/bin/../lib/gcc/arm-none-eabi/9.3.1/../../../../arm-none-eabi/lib/thumb/v7-m/nofp\libg.a(lib_a-stdio.o)
                0x0800a19c                __sread
 .text.__swrite
                0x0800a1c0       0x40 d:/jetbrains/gcc-arm-none-eabi/bin/../lib/gcc/arm-none-eabi/9.3.1/../../../../arm-none-eabi/lib/thumb/v7-m/nofp\libg.a(lib_a-stdio.o)
                0x0800a1c0                __swrite
 .text.__sseek  0x0800a200       0x20 d:/jetbrains/gcc-arm-none-eabi/bin/../lib/gcc/arm-none-eabi/9.3.1/../../../../arm-none-eabi/lib/thumb/v7-m/nofp\libg.a(lib_a-stdio.o)
                0x0800a200                __sseek
 .text.__sclose
                0x0800a220        0x8 d:/jetbrains/gcc-arm-none-eabi/bin/../lib/gcc/arm-none-eabi/9.3.1/../../../../arm-none-eabi/lib/thumb/v7-m/nofp\libg.a(lib_a-stdio.o)
                0x0800a220                __sclose
 .text.strncpy  0x0800a228       0x68 d:/jetbrains/gcc-arm-none-eabi/bin/../lib/gcc/arm-none-eabi/9.3.1/../../../../arm-none-eabi/lib/thumb/v7-m/nofp\libg.a(lib_a-strncpy.o)
                0x0800a228                strncpy
 .text.__sprint_r.part.0
                0x0800a290       0x78 d:/jetbrains/gcc-arm-none-eabi/bin/../lib/gcc/arm-none-eabi/9.3.1/../../../../arm-none-eabi/lib/thumb/v7-m/nofp\libg.a(lib_a-vfiprintf.o)
 .text.__sprint_r
                0x0800a308       0x14 d:/jetbrains/gcc-arm-none-eabi/bin/../lib/gcc/arm-none-eabi/9.3.1/../../../../arm-none-eabi/lib/thumb/v7-m/nofp\libg.a(lib_a-vfiprintf.o)
                0x0800a308                __sprint_r
 .text._vfiprintf_r
                0x0800a31c      0xd2c d:/jetbrains/gcc-arm-none-eabi/bin/../lib/gcc/arm-none-eabi/9.3.1/../../../../arm-none-eabi/lib/thumb/v7-m/nofp\libg.a(lib_a-vfiprintf.o)
                0x0800a31c                _vfiprintf_r
 .text.__sbprintf
                0x0800b048       0x88 d:/jetbrains/gcc-arm-none-eabi/bin/../lib/gcc/arm-none-eabi/9.3.1/../../../../arm-none-eabi/lib/thumb/v7-m/nofp\libg.a(lib_a-vfiprintf.o)
 .text._write_r
                0x0800b0d0       0x2c d:/jetbrains/gcc-arm-none-eabi/bin/../lib/gcc/arm-none-eabi/9.3.1/../../../../arm-none-eabi/lib/thumb/v7-m/nofp\libg.a(lib_a-writer.o)
                0x0800b0d0                _write_r
 .text.__register_exitproc
                0x0800b0fc       0x8c d:/jetbrains/gcc-arm-none-eabi/bin/../lib/gcc/arm-none-eabi/9.3.1/../../../../arm-none-eabi/lib/thumb/v7-m/nofp\libg.a(lib_a-__atexit.o)
                0x0800b0fc                __register_exitproc
 .text.__assert_func
                0x0800b188       0x3c d:/jetbrains/gcc-arm-none-eabi/bin/../lib/gcc/arm-none-eabi/9.3.1/../../../../arm-none-eabi/lib/thumb/v7-m/nofp\libg.a(lib_a-assert.o)
                0x0800b188                __assert_func
 .text._calloc_r
                0x0800b1c4       0x60 d:/jetbrains/gcc-arm-none-eabi/bin/../lib/gcc/arm-none-eabi/9.3.1/../../../../arm-none-eabi/lib/thumb/v7-m/nofp\libg.a(lib_a-callocr.o)
                0x0800b1c4                _calloc_r
 .text._close_r
                0x0800b224       0x24 d:/jetbrains/gcc-arm-none-eabi/bin/../lib/gcc/arm-none-eabi/9.3.1/../../../../arm-none-eabi/lib/thumb/v7-m/nofp\libg.a(lib_a-closer.o)
                0x0800b224                _close_r
 .text._fclose_r
                0x0800b248       0xcc d:/jetbrains/gcc-arm-none-eabi/bin/../lib/gcc/arm-none-eabi/9.3.1/../../../../arm-none-eabi/lib/thumb/v7-m/nofp\libg.a(lib_a-fclose.o)
                0x0800b248                _fclose_r
 .text.fiprintf
                0x0800b314       0x28 d:/jetbrains/gcc-arm-none-eabi/bin/../lib/gcc/arm-none-eabi/9.3.1/../../../../arm-none-eabi/lib/thumb/v7-m/nofp\libg.a(lib_a-fiprintf.o)
                0x0800b314                fiprintf
 .text.__fputwc
                0x0800b33c       0xa0 d:/jetbrains/gcc-arm-none-eabi/bin/../lib/gcc/arm-none-eabi/9.3.1/../../../../arm-none-eabi/lib/thumb/v7-m/nofp\libg.a(lib_a-fputwc.o)
                0x0800b33c                __fputwc
 .text._fputwc_r
                0x0800b3dc       0x68 d:/jetbrains/gcc-arm-none-eabi/bin/../lib/gcc/arm-none-eabi/9.3.1/../../../../arm-none-eabi/lib/thumb/v7-m/nofp\libg.a(lib_a-fputwc.o)
                0x0800b3dc                _fputwc_r
 .text._fstat_r
                0x0800b444       0x2c d:/jetbrains/gcc-arm-none-eabi/bin/../lib/gcc/arm-none-eabi/9.3.1/../../../../arm-none-eabi/lib/thumb/v7-m/nofp\libg.a(lib_a-fstatr.o)
                0x0800b444                _fstat_r
 .text._isatty_r
                0x0800b470       0x24 d:/jetbrains/gcc-arm-none-eabi/bin/../lib/gcc/arm-none-eabi/9.3.1/../../../../arm-none-eabi/lib/thumb/v7-m/nofp\libg.a(lib_a-isattyr.o)
                0x0800b470                _isatty_r
 .text.__locale_mb_cur_max
                0x0800b494        0xc d:/jetbrains/gcc-arm-none-eabi/bin/../lib/gcc/arm-none-eabi/9.3.1/../../../../arm-none-eabi/lib/thumb/v7-m/nofp\libg.a(lib_a-locale.o)
                0x0800b494                __locale_mb_cur_max
 .text._lseek_r
                0x0800b4a0       0x2c d:/jetbrains/gcc-arm-none-eabi/bin/../lib/gcc/arm-none-eabi/9.3.1/../../../../arm-none-eabi/lib/thumb/v7-m/nofp\libg.a(lib_a-lseekr.o)
                0x0800b4a0                _lseek_r
 .text.__ascii_mbtowc
                0x0800b4cc       0x2c d:/jetbrains/gcc-arm-none-eabi/bin/../lib/gcc/arm-none-eabi/9.3.1/../../../../arm-none-eabi/lib/thumb/v7-m/nofp\libg.a(lib_a-mbtowc_r.o)
                0x0800b4cc                __ascii_mbtowc
 .text._read_r  0x0800b4f8       0x2c d:/jetbrains/gcc-arm-none-eabi/bin/../lib/gcc/arm-none-eabi/9.3.1/../../../../arm-none-eabi/lib/thumb/v7-m/nofp\libg.a(lib_a-readr.o)
                0x0800b4f8                _read_r
 .text.__swbuf_r
                0x0800b524       0xb0 d:/jetbrains/gcc-arm-none-eabi/bin/../lib/gcc/arm-none-eabi/9.3.1/../../../../arm-none-eabi/lib/thumb/v7-m/nofp\libg.a(lib_a-wbuf.o)
                0x0800b524                __swbuf_r
 .text._wcrtomb_r
                0x0800b5d4       0x3c d:/jetbrains/gcc-arm-none-eabi/bin/../lib/gcc/arm-none-eabi/9.3.1/../../../../arm-none-eabi/lib/thumb/v7-m/nofp\libg.a(lib_a-wcrtomb.o)
                0x0800b5d4                _wcrtomb_r
 .text.__ascii_wctomb
                0x0800b610       0x1c d:/jetbrains/gcc-arm-none-eabi/bin/../lib/gcc/arm-none-eabi/9.3.1/../../../../arm-none-eabi/lib/thumb/v7-m/nofp\libg.a(lib_a-wctomb_r.o)
                0x0800b610                __ascii_wctomb
 .text.abort    0x0800b62c       0x10 d:/jetbrains/gcc-arm-none-eabi/bin/../lib/gcc/arm-none-eabi/9.3.1/../../../../arm-none-eabi/lib/thumb/v7-m/nofp\libg.a(lib_a-abort.o)
                0x0800b62c                abort
 .text._raise_r
                0x0800b63c       0x58 d:/jetbrains/gcc-arm-none-eabi/bin/../lib/gcc/arm-none-eabi/9.3.1/../../../../arm-none-eabi/lib/thumb/v7-m/nofp\libg.a(lib_a-signal.o)
                0x0800b63c                _raise_r
 .text.raise    0x0800b694       0x10 d:/jetbrains/gcc-arm-none-eabi/bin/../lib/gcc/arm-none-eabi/9.3.1/../../../../arm-none-eabi/lib/thumb/v7-m/nofp\libg.a(lib_a-signal.o)
                0x0800b694                raise
 .text._kill_r  0x0800b6a4       0x2c d:/jetbrains/gcc-arm-none-eabi/bin/../lib/gcc/arm-none-eabi/9.3.1/../../../../arm-none-eabi/lib/thumb/v7-m/nofp\libg.a(lib_a-signalr.o)
                0x0800b6a4                _kill_r
 .text._getpid_r
                0x0800b6d0        0x4 d:/jetbrains/gcc-arm-none-eabi/bin/../lib/gcc/arm-none-eabi/9.3.1/../../../../arm-none-eabi/lib/thumb/v7-m/nofp\libg.a(lib_a-signalr.o)
                0x0800b6d0                _getpid_r
 *(.glue_7)
 .glue_7        0x0800b6d4        0x0 linker stubs
 *(.glue_7t)
 .glue_7t       0x0800b6d4        0x0 linker stubs
 *(.eh_frame)
 .eh_frame      0x0800b6d4        0x0 d:/jetbrains/gcc-arm-none-eabi/bin/../lib/gcc/arm-none-eabi/9.3.1/thumb/v7-m/nofp/crtbegin.o
 *(.init)
 .init          0x0800b6d4        0x4 d:/jetbrains/gcc-arm-none-eabi/bin/../lib/gcc/arm-none-eabi/9.3.1/thumb/v7-m/nofp/crti.o
                0x0800b6d4                _init
 .init          0x0800b6d8        0x8 d:/jetbrains/gcc-arm-none-eabi/bin/../lib/gcc/arm-none-eabi/9.3.1/thumb/v7-m/nofp/crtn.o
 *(.fini)
 .fini          0x0800b6e0        0x4 d:/jetbrains/gcc-arm-none-eabi/bin/../lib/gcc/arm-none-eabi/9.3.1/thumb/v7-m/nofp/crti.o
                0x0800b6e0                _fini
 .fini          0x0800b6e4        0x8 d:/jetbrains/gcc-arm-none-eabi/bin/../lib/gcc/arm-none-eabi/9.3.1/thumb/v7-m/nofp/crtn.o
                0x0800b6ec                . = ALIGN (0x4)
                0x0800b6ec                _etext = .

.vfp11_veneer   0x0800b6ec        0x0
 .vfp11_veneer  0x0800b6ec        0x0 linker stubs

.v4_bx          0x0800b6ec        0x0
 .v4_bx         0x0800b6ec        0x0 linker stubs

.iplt           0x0800b6ec        0x0
 .iplt          0x0800b6ec        0x0 d:/jetbrains/gcc-arm-none-eabi/bin/../lib/gcc/arm-none-eabi/9.3.1/thumb/v7-m/nofp/crtbegin.o

.rodata         0x0800b6f0      0x870
                0x0800b6f0                . = ALIGN (0x4)
 *(.rodata)
 .rodata        0x0800b6f0       0x87 CMakeFiles/AccessControl_V2.elf.dir/Core/Src/mode.c.obj
 *(.rodata*)
 *fill*         0x0800b777        0x1 
 .rodata.ShowID.str1.4
                0x0800b778        0xc CMakeFiles/AccessControl_V2.elf.dir/Core/Src/display.c.obj
 .rodata.show_meanu.str1.4
                0x0800b784       0x1a CMakeFiles/AccessControl_V2.elf.dir/Core/Src/display.c.obj
 *fill*         0x0800b79e        0x2 
 .rodata.execute.str1.4
                0x0800b7a0      0x109 CMakeFiles/AccessControl_V2.elf.dir/Core/Src/display.c.obj
 *fill*         0x0800b8a9        0x3 
 .rodata.main.str1.4
                0x0800b8ac       0x16 CMakeFiles/AccessControl_V2.elf.dir/Core/Src/main.c.obj
 *fill*         0x0800b8c2        0x2 
 .rodata.check_user_exist.str1.4
                0x0800b8c4       0x17 CMakeFiles/AccessControl_V2.elf.dir/Core/Src/mode.c.obj
 *fill*         0x0800b8db        0x1 
 .rodata.check_root_exist.str1.4
                0x0800b8dc        0x7 CMakeFiles/AccessControl_V2.elf.dir/Core/Src/mode.c.obj
 *fill*         0x0800b8e3        0x1 
 .rodata.add_user.str1.4
                0x0800b8e4       0x46 CMakeFiles/AccessControl_V2.elf.dir/Core/Src/mode.c.obj
 *fill*         0x0800b92a        0x2 
 .rodata.add_root.str1.4
                0x0800b92c       0x2e CMakeFiles/AccessControl_V2.elf.dir/Core/Src/mode.c.obj
 *fill*         0x0800b95a        0x2 
 .rodata.read_mode.str1.4
                0x0800b95c        0xf CMakeFiles/AccessControl_V2.elf.dir/Core/Src/mode.c.obj
 *fill*         0x0800b96b        0x1 
 .rodata.root_mode.str1.4
                0x0800b96c       0x4d CMakeFiles/AccessControl_V2.elf.dir/Core/Src/mode.c.obj
 *fill*         0x0800b9b9        0x3 
 .rodata.add_mode.str1.4
                0x0800b9bc       0x5b CMakeFiles/AccessControl_V2.elf.dir/Core/Src/mode.c.obj
 *fill*         0x0800ba17        0x1 
 .rodata.del_mode.str1.4
                0x0800ba18        0xf CMakeFiles/AccessControl_V2.elf.dir/Core/Src/mode.c.obj
 *fill*         0x0800ba27        0x1 
 .rodata.meanu_mode.str1.4
                0x0800ba28       0x1c CMakeFiles/AccessControl_V2.elf.dir/Core/Src/mode.c.obj
 .rodata.infomation_mode.str1.4
                0x0800ba44       0xa7 CMakeFiles/AccessControl_V2.elf.dir/Core/Src/mode.c.obj
 *fill*         0x0800baeb        0x1 
 .rodata.AHBPrescTable
                0x0800baec       0x10 CMakeFiles/AccessControl_V2.elf.dir/Core/Src/system_stm32f1xx.c.obj
                0x0800baec                AHBPrescTable
 .rodata.APBPrescTable
                0x0800bafc        0x8 CMakeFiles/AccessControl_V2.elf.dir/Core/Src/system_stm32f1xx.c.obj
                0x0800bafc                APBPrescTable
 .rodata.information_init.str1.4
                0x0800bb04       0x23 CMakeFiles/AccessControl_V2.elf.dir/Core/Src/userinfo.c.obj
 *fill*         0x0800bb27        0x1 
 .rodata.W25QXX_Init.str1.4
                0x0800bb28       0x28 CMakeFiles/AccessControl_V2.elf.dir/Core/Src/w25qxx.c.obj
 .rodata.HAL_RCC_GetSysClockFreq.str1.4
                0x0800bb50       0x11 CMakeFiles/AccessControl_V2.elf.dir/Drivers/STM32F1xx_HAL_Driver/Src/stm32f1xx_hal_rcc.c.obj
 .rodata.HAL_RCCEx_GetPeriphCLKFreq.str1.4
                0x0800bb61       0x11 CMakeFiles/AccessControl_V2.elf.dir/Drivers/STM32F1xx_HAL_Driver/Src/stm32f1xx_hal_rcc_ex.c.obj
 *fill*         0x0800bb61        0x3 
 .rodata._global_impure_ptr
                0x0800bb64        0x4 d:/jetbrains/gcc-arm-none-eabi/bin/../lib/gcc/arm-none-eabi/9.3.1/../../../../arm-none-eabi/lib/thumb/v7-m/nofp\libg.a(lib_a-impure.o)
                0x0800bb64                _global_impure_ptr
 .rodata._puts_r.str1.4
                0x0800bb68       0x11 d:/jetbrains/gcc-arm-none-eabi/bin/../lib/gcc/arm-none-eabi/9.3.1/../../../../arm-none-eabi/lib/thumb/v7-m/nofp\libg.a(lib_a-puts.o)
                                  0x2 (size before relaxing)
 .rodata._vfprintf_r.str1.4
                0x0800bb68       0x42 d:/jetbrains/gcc-arm-none-eabi/bin/../lib/gcc/arm-none-eabi/9.3.1/../../../../arm-none-eabi/lib/thumb/v7-m/nofp\libg.a(lib_a-vfprintf.o)
 *fill*         0x0800bbaa        0x2 
 .rodata.blanks.7350
                0x0800bbac       0x10 d:/jetbrains/gcc-arm-none-eabi/bin/../lib/gcc/arm-none-eabi/9.3.1/../../../../arm-none-eabi/lib/thumb/v7-m/nofp\libg.a(lib_a-vfprintf.o)
 .rodata.zeroes.7351
                0x0800bbbc       0x10 d:/jetbrains/gcc-arm-none-eabi/bin/../lib/gcc/arm-none-eabi/9.3.1/../../../../arm-none-eabi/lib/thumb/v7-m/nofp\libg.a(lib_a-vfprintf.o)
 .rodata._dtoa_r.str1.4
                0x0800bbcc       0xa0 d:/jetbrains/gcc-arm-none-eabi/bin/../lib/gcc/arm-none-eabi/9.3.1/../../../../arm-none-eabi/lib/thumb/v7-m/nofp\libg.a(lib_a-dtoa.o)
                                 0xa4 (size before relaxing)
 .rodata.__multadd.str1.4
                0x0800bc6c       0x7d d:/jetbrains/gcc-arm-none-eabi/bin/../lib/gcc/arm-none-eabi/9.3.1/../../../../arm-none-eabi/lib/thumb/v7-m/nofp\libg.a(lib_a-mprec.o)
                                 0x91 (size before relaxing)
 *fill*         0x0800bce9        0x7 
 .rodata.__mprec_bigtens
                0x0800bcf0       0x28 d:/jetbrains/gcc-arm-none-eabi/bin/../lib/gcc/arm-none-eabi/9.3.1/../../../../arm-none-eabi/lib/thumb/v7-m/nofp\libg.a(lib_a-mprec.o)
                0x0800bcf0                __mprec_bigtens
 .rodata.__mprec_tens
                0x0800bd18       0xc8 d:/jetbrains/gcc-arm-none-eabi/bin/../lib/gcc/arm-none-eabi/9.3.1/../../../../arm-none-eabi/lib/thumb/v7-m/nofp\libg.a(lib_a-mprec.o)
                0x0800bd18                __mprec_tens
 .rodata.p05.6122
                0x0800bde0        0xc d:/jetbrains/gcc-arm-none-eabi/bin/../lib/gcc/arm-none-eabi/9.3.1/../../../../arm-none-eabi/lib/thumb/v7-m/nofp\libg.a(lib_a-mprec.o)
 .rodata._vfiprintf_r.str1.4
                0x0800bdec       0x2f d:/jetbrains/gcc-arm-none-eabi/bin/../lib/gcc/arm-none-eabi/9.3.1/../../../../arm-none-eabi/lib/thumb/v7-m/nofp\libg.a(lib_a-vfiprintf.o)
 .rodata.blanks.7328
                0x0800bdec       0x10 d:/jetbrains/gcc-arm-none-eabi/bin/../lib/gcc/arm-none-eabi/9.3.1/../../../../arm-none-eabi/lib/thumb/v7-m/nofp\libg.a(lib_a-vfiprintf.o)
 .rodata.zeroes.7329
                0x0800bdfc       0x10 d:/jetbrains/gcc-arm-none-eabi/bin/../lib/gcc/arm-none-eabi/9.3.1/../../../../arm-none-eabi/lib/thumb/v7-m/nofp\libg.a(lib_a-vfiprintf.o)
 .rodata.__assert_func.str1.4
                0x0800be0c       0x3f d:/jetbrains/gcc-arm-none-eabi/bin/../lib/gcc/arm-none-eabi/9.3.1/../../../../arm-none-eabi/lib/thumb/v7-m/nofp\libg.a(lib_a-assert.o)
                                 0x43 (size before relaxing)
 *fill*         0x0800be4b        0x1 
 .rodata._setlocale_r.str1.4
                0x0800be4c        0xa d:/jetbrains/gcc-arm-none-eabi/bin/../lib/gcc/arm-none-eabi/9.3.1/../../../../arm-none-eabi/lib/thumb/v7-m/nofp\libg.a(lib_a-locale.o)
                                  0xd (size before relaxing)
 *fill*         0x0800be56        0x2 
 .rodata.str1.4
                0x0800be58        0x2 d:/jetbrains/gcc-arm-none-eabi/bin/../lib/gcc/arm-none-eabi/9.3.1/../../../../arm-none-eabi/lib/thumb/v7-m/nofp\libg.a(lib_a-locale.o)
 *fill*         0x0800be5a        0x2 
 .rodata._ctype_
                0x0800be5c      0x101 d:/jetbrains/gcc-arm-none-eabi/bin/../lib/gcc/arm-none-eabi/9.3.1/../../../../arm-none-eabi/lib/thumb/v7-m/nofp\libg.a(lib_a-ctype_.o)
                0x0800be5c                _ctype_
                0x0800bf60                . = ALIGN (0x4)
 *fill*         0x0800bf5d        0x3 

.ARM.extab
 *(.ARM.extab* .gnu.linkonce.armextab.*)

.ARM            0x0800bf60        0x8
                0x0800bf60                __exidx_start = .
 *(.ARM.exidx*)
 .ARM.exidx     0x0800bf60        0x8 d:/jetbrains/gcc-arm-none-eabi/bin/../lib/gcc/arm-none-eabi/9.3.1/thumb/v7-m/nofp\libgcc.a(_udivmoddi4.o)
                0x0800bf68                __exidx_end = .

.rel.dyn        0x0800bf68        0x0
 .rel.iplt      0x0800bf68        0x0 d:/jetbrains/gcc-arm-none-eabi/bin/../lib/gcc/arm-none-eabi/9.3.1/thumb/v7-m/nofp/crtbegin.o

.preinit_array  0x0800bf68        0x0
                0x0800bf68                PROVIDE (__preinit_array_start = .)
 *(.preinit_array*)
                0x0800bf68                PROVIDE (__preinit_array_end = .)

.init_array     0x0800bf68        0x8
                0x0800bf68                PROVIDE (__init_array_start = .)
 *(SORT_BY_NAME(.init_array.*))
 .init_array.00000
                0x0800bf68        0x4 d:/jetbrains/gcc-arm-none-eabi/bin/../lib/gcc/arm-none-eabi/9.3.1/../../../../arm-none-eabi/lib/thumb/v7-m/nofp\libg.a(lib_a-__call_atexit.o)
 *(.init_array*)
 .init_array    0x0800bf6c        0x4 d:/jetbrains/gcc-arm-none-eabi/bin/../lib/gcc/arm-none-eabi/9.3.1/thumb/v7-m/nofp/crtbegin.o
                0x0800bf70                PROVIDE (__init_array_end = .)

.fini_array     0x0800bf70        0x4
                0x0800bf70                PROVIDE (__fini_array_start = .)
 *(SORT_BY_NAME(.fini_array.*))
 *(.fini_array*)
 .fini_array    0x0800bf70        0x4 d:/jetbrains/gcc-arm-none-eabi/bin/../lib/gcc/arm-none-eabi/9.3.1/thumb/v7-m/nofp/crtbegin.o
                0x0800bf74                PROVIDE (__fini_array_end = .)
                0x0800bf74                _sidata = LOADADDR (.data)

.data           0x20000000     0x1238 load address 0x0800bf74
                0x20000000                . = ALIGN (0x4)
                0x20000000                _sdata = .
 *(.data)
 *(.data*)
 .data.a_mode   0x20000000       0x18 CMakeFiles/AccessControl_V2.elf.dir/Core/Src/display.c.obj
                0x20000000                a_mode
 .data.pic_dianxie
                0x20000018      0x1f8 CMakeFiles/AccessControl_V2.elf.dir/Core/Src/display.c.obj
                0x20000018                pic_dianxie
 .data.pic_heart
                0x20000210      0x1f8 CMakeFiles/AccessControl_V2.elf.dir/Core/Src/display.c.obj
                0x20000210                pic_heart
 .data.pic_map  0x20000408      0x1f8 CMakeFiles/AccessControl_V2.elf.dir/Core/Src/display.c.obj
                0x20000408                pic_map
 .data.pic_unlock
                0x20000600       0x18 CMakeFiles/AccessControl_V2.elf.dir/Core/Src/display.c.obj
                0x20000600                pic_unlock
 .data.r_mode   0x20000618       0x18 CMakeFiles/AccessControl_V2.elf.dir/Core/Src/display.c.obj
                0x20000618                r_mode
 .data.w_mode   0x20000630       0x18 CMakeFiles/AccessControl_V2.elf.dir/Core/Src/display.c.obj
                0x20000630                w_mode
 .data.user_id.7889
                0x20000648        0xc CMakeFiles/AccessControl_V2.elf.dir/Core/Src/mode.c.obj
 .data.font6x8  0x20000654      0x228 CMakeFiles/AccessControl_V2.elf.dir/Core/Src/nokia_5110.c.obj
                0x20000654                font6x8
 .data.SystemCoreClock
                0x2000087c        0x4 CMakeFiles/AccessControl_V2.elf.dir/Core/Src/system_stm32f1xx.c.obj
                0x2000087c                SystemCoreClock
 .data.W25QXX_TYPE
                0x20000880        0x2 CMakeFiles/AccessControl_V2.elf.dir/Core/Src/w25qxx.c.obj
                0x20000880                W25QXX_TYPE
 .data.uwTickFreq
                0x20000882        0x1 CMakeFiles/AccessControl_V2.elf.dir/Drivers/STM32F1xx_HAL_Driver/Src/stm32f1xx_hal.c.obj
                0x20000882                uwTickFreq
 *fill*         0x20000883        0x1 
 .data.uwTickPrio
                0x20000884        0x4 CMakeFiles/AccessControl_V2.elf.dir/Drivers/STM32F1xx_HAL_Driver/Src/stm32f1xx_hal.c.obj
                0x20000884                uwTickPrio
 .data._impure_ptr
                0x20000888        0x4 d:/jetbrains/gcc-arm-none-eabi/bin/../lib/gcc/arm-none-eabi/9.3.1/../../../../arm-none-eabi/lib/thumb/v7-m/nofp\libg.a(lib_a-impure.o)
                0x20000888                _impure_ptr
 *fill*         0x2000088c        0x4 
 .data.impure_data
                0x20000890      0x428 d:/jetbrains/gcc-arm-none-eabi/bin/../lib/gcc/arm-none-eabi/9.3.1/../../../../arm-none-eabi/lib/thumb/v7-m/nofp\libg.a(lib_a-impure.o)
 .data.__atexit_recursive_mutex
                0x20000cb8        0x4 d:/jetbrains/gcc-arm-none-eabi/bin/../lib/gcc/arm-none-eabi/9.3.1/../../../../arm-none-eabi/lib/thumb/v7-m/nofp\libg.a(lib_a-__call_atexit.o)
                0x20000cb8                __atexit_recursive_mutex
 .data.__malloc_av_
                0x20000cbc      0x408 d:/jetbrains/gcc-arm-none-eabi/bin/../lib/gcc/arm-none-eabi/9.3.1/../../../../arm-none-eabi/lib/thumb/v7-m/nofp\libg.a(lib_a-mallocr.o)
                0x20000cbc                __malloc_av_
 .data.__malloc_sbrk_base
                0x200010c4        0x4 d:/jetbrains/gcc-arm-none-eabi/bin/../lib/gcc/arm-none-eabi/9.3.1/../../../../arm-none-eabi/lib/thumb/v7-m/nofp\libg.a(lib_a-mallocr.o)
                0x200010c4                __malloc_sbrk_base
 .data.__malloc_trim_threshold
                0x200010c8        0x4 d:/jetbrains/gcc-arm-none-eabi/bin/../lib/gcc/arm-none-eabi/9.3.1/../../../../arm-none-eabi/lib/thumb/v7-m/nofp\libg.a(lib_a-mallocr.o)
                0x200010c8                __malloc_trim_threshold
 .data.__global_locale
                0x200010cc      0x16c d:/jetbrains/gcc-arm-none-eabi/bin/../lib/gcc/arm-none-eabi/9.3.1/../../../../arm-none-eabi/lib/thumb/v7-m/nofp\libg.a(lib_a-locale.o)
                0x200010cc                __global_locale
                0x20001238                . = ALIGN (0x4)
                0x20001238                _edata = .

.igot.plt       0x20001238        0x0 load address 0x0800d1ac
 .igot.plt      0x20001238        0x0 d:/jetbrains/gcc-arm-none-eabi/bin/../lib/gcc/arm-none-eabi/9.3.1/thumb/v7-m/nofp/crtbegin.o
                0x20001238                . = ALIGN (0x4)

.bss            0x20001238     0x1694 load address 0x0800d1ac
                0x20001238                _sbss = .
                0x20001238                __bss_start__ = _sbss
 *(.bss)
 .bss           0x20001238       0x1c d:/jetbrains/gcc-arm-none-eabi/bin/../lib/gcc/arm-none-eabi/9.3.1/thumb/v7-m/nofp/crtbegin.o
 *(.bss*)
 .bss.fac_us    0x20001254        0x4 CMakeFiles/AccessControl_V2.elf.dir/Core/Src/delay.c.obj
 .bss.base.7835
                0x20001258        0x1 CMakeFiles/AccessControl_V2.elf.dir/Core/Src/display.c.obj
 .bss.i.7848    0x20001259        0x1 CMakeFiles/AccessControl_V2.elf.dir/Core/Src/display.c.obj
 .bss.row.7836  0x2000125a        0x1 CMakeFiles/AccessControl_V2.elf.dir/Core/Src/display.c.obj
 .bss.base.7887
                0x2000125b        0x1 CMakeFiles/AccessControl_V2.elf.dir/Core/Src/mode.c.obj
 .bss.cur.7888  0x2000125c        0x1 CMakeFiles/AccessControl_V2.elf.dir/Core/Src/mode.c.obj
 .bss.cur.7904  0x2000125d        0x1 CMakeFiles/AccessControl_V2.elf.dir/Core/Src/mode.c.obj
 .bss.get_root  0x2000125e        0x1 CMakeFiles/AccessControl_V2.elf.dir/Core/Src/mode.c.obj
                0x2000125e                get_root
 .bss.get_super_root
                0x2000125f        0x1 CMakeFiles/AccessControl_V2.elf.dir/Core/Src/mode.c.obj
                0x2000125f                get_super_root
 .bss.temp.7827
                0x20001260        0x4 CMakeFiles/AccessControl_V2.elf.dir/Core/Src/mode.c.obj
 .bss.CT        0x20001264        0x2 CMakeFiles/AccessControl_V2.elf.dir/Core/Src/rc522.c.obj
                0x20001264                CT
 *fill*         0x20001266        0x2 
 .bss.SN        0x20001268        0x4 CMakeFiles/AccessControl_V2.elf.dir/Core/Src/rc522.c.obj
                0x20001268                SN
 .bss.status    0x2000126c        0x1 CMakeFiles/AccessControl_V2.elf.dir/Core/Src/rc522.c.obj
                0x2000126c                status
 *fill*         0x2000126d        0x1 
 .bss.Dval      0x2000126e        0x2 CMakeFiles/AccessControl_V2.elf.dir/Core/Src/remote.c.obj
                0x2000126e                Dval
 .bss.RmtCnt    0x20001270        0x1 CMakeFiles/AccessControl_V2.elf.dir/Core/Src/remote.c.obj
                0x20001270                RmtCnt
 *fill*         0x20001271        0x3 
 .bss.RmtRec    0x20001274        0x4 CMakeFiles/AccessControl_V2.elf.dir/Core/Src/remote.c.obj
                0x20001274                RmtRec
 .bss.RmtSta    0x20001278        0x1 CMakeFiles/AccessControl_V2.elf.dir/Core/Src/remote.c.obj
                0x20001278                RmtSta
 *fill*         0x20001279        0x3 
 .bss.TIM4_Handler
                0x2000127c       0x48 CMakeFiles/AccessControl_V2.elf.dir/Core/Src/remote.c.obj
                0x2000127c                TIM4_Handler
 .bss.gHuart    0x200012c4        0x4 CMakeFiles/AccessControl_V2.elf.dir/Core/Src/retarget.c.obj
                0x200012c4                gHuart
 .bss.hrtc      0x200012c8       0x14 CMakeFiles/AccessControl_V2.elf.dir/Core/Src/rtc.c.obj
                0x200012c8                hrtc
 .bss.hspi1     0x200012dc       0x58 CMakeFiles/AccessControl_V2.elf.dir/Core/Src/spi.c.obj
                0x200012dc                hspi1
 .bss.hspi2     0x20001334       0x58 CMakeFiles/AccessControl_V2.elf.dir/Core/Src/spi.c.obj
                0x20001334                hspi2
 .bss.hspi3     0x2000138c       0x58 CMakeFiles/AccessControl_V2.elf.dir/Core/Src/spi.c.obj
                0x2000138c                hspi3
 .bss.heap_end.6022
                0x200013e4        0x4 CMakeFiles/AccessControl_V2.elf.dir/Core/Src/syscalls.c.obj
 .bss.huart1    0x200013e8       0x40 CMakeFiles/AccessControl_V2.elf.dir/Core/Src/usart.c.obj
                0x200013e8                huart1
 .bss.huart2    0x20001428       0x40 CMakeFiles/AccessControl_V2.elf.dir/Core/Src/usart.c.obj
                0x20001428                huart2
 .bss.NUM_ROOT  0x20001468        0x1 CMakeFiles/AccessControl_V2.elf.dir/Core/Src/userinfo.c.obj
                0x20001468                NUM_ROOT
 *fill*         0x20001469        0x1 
 .bss.NUM_USER  0x2000146a        0x2 CMakeFiles/AccessControl_V2.elf.dir/Core/Src/userinfo.c.obj
                0x2000146a                NUM_USER
 .bss.root      0x2000146c       0x18 CMakeFiles/AccessControl_V2.elf.dir/Core/Src/userinfo.c.obj
                0x2000146c                root
 .bss.student   0x20001484      0x3e8 CMakeFiles/AccessControl_V2.elf.dir/Core/Src/userinfo.c.obj
                0x20001484                student
 .bss.W25QXX_BUFFER
                0x2000186c     0x1000 CMakeFiles/AccessControl_V2.elf.dir/Core/Src/w25qxx.c.obj
                0x2000186c                W25QXX_BUFFER
 .bss.uwTick    0x2000286c        0x4 CMakeFiles/AccessControl_V2.elf.dir/Drivers/STM32F1xx_HAL_Driver/Src/stm32f1xx_hal.c.obj
                0x2000286c                uwTick
 .bss.__malloc_current_mallinfo
                0x20002870       0x28 d:/jetbrains/gcc-arm-none-eabi/bin/../lib/gcc/arm-none-eabi/9.3.1/../../../../arm-none-eabi/lib/thumb/v7-m/nofp\libg.a(lib_a-mallocr.o)
                0x20002870                __malloc_current_mallinfo
 .bss.__malloc_max_sbrked_mem
                0x20002898        0x4 d:/jetbrains/gcc-arm-none-eabi/bin/../lib/gcc/arm-none-eabi/9.3.1/../../../../arm-none-eabi/lib/thumb/v7-m/nofp\libg.a(lib_a-mallocr.o)
                0x20002898                __malloc_max_sbrked_mem
 .bss.__malloc_max_total_mem
                0x2000289c        0x4 d:/jetbrains/gcc-arm-none-eabi/bin/../lib/gcc/arm-none-eabi/9.3.1/../../../../arm-none-eabi/lib/thumb/v7-m/nofp\libg.a(lib_a-mallocr.o)
                0x2000289c                __malloc_max_total_mem
 .bss.__malloc_top_pad
                0x200028a0        0x4 d:/jetbrains/gcc-arm-none-eabi/bin/../lib/gcc/arm-none-eabi/9.3.1/../../../../arm-none-eabi/lib/thumb/v7-m/nofp\libg.a(lib_a-mallocr.o)
                0x200028a0                __malloc_top_pad
 *(COMMON)
 COMMON         0x200028a4       0x21 d:/jetbrains/gcc-arm-none-eabi/bin/../lib/gcc/arm-none-eabi/9.3.1/../../../../arm-none-eabi/lib/thumb/v7-m/nofp\libg.a(lib_a-lock.o)
                0x200028a4                __lock___atexit_recursive_mutex
                0x200028a8                __lock___arc4random_mutex
                0x200028ac                __lock___env_recursive_mutex
                0x200028b0                __lock___sinit_recursive_mutex
                0x200028b4                __lock___malloc_recursive_mutex
                0x200028b8                __lock___at_quick_exit_mutex
                0x200028bc                __lock___dd_hash_mutex
                0x200028c0                __lock___tz_mutex
                0x200028c4                __lock___sfp_recursive_mutex
 *fill*         0x200028c5        0x3 
 COMMON         0x200028c8        0x4 d:/jetbrains/gcc-arm-none-eabi/bin/../lib/gcc/arm-none-eabi/9.3.1/../../../../arm-none-eabi/lib/thumb/v7-m/nofp\libg.a(lib_a-reent.o)
                0x200028c8                errno
                0x200028cc                . = ALIGN (0x4)
                0x200028cc                _ebss = .
                0x200028cc                __bss_end__ = _ebss

._user_heap_stack
                0x200028cc      0xc04 load address 0x0800d1ac
                0x200028d0                . = ALIGN (0x8)
 *fill*         0x200028cc        0x4 
                0x200028d0                PROVIDE (end = .)
                [!provide]                PROVIDE (_end = .)
                0x20002cd0                . = (. + _Min_Heap_Size)
 *fill*         0x200028d0      0x400 
                0x200034d0                . = (. + _Min_Stack_Size)
 *fill*         0x20002cd0      0x800 
                0x200034d0                . = ALIGN (0x8)

/DISCARD/
 libc.a(*)
 libm.a(*)
 libgcc.a(*)

.ARM.attributes
                0x00000000       0x29
 *(.ARM.attributes)
 .ARM.attributes
                0x00000000       0x1d d:/jetbrains/gcc-arm-none-eabi/bin/../lib/gcc/arm-none-eabi/9.3.1/thumb/v7-m/nofp/crti.o
 .ARM.attributes
                0x0000001d       0x2d d:/jetbrains/gcc-arm-none-eabi/bin/../lib/gcc/arm-none-eabi/9.3.1/thumb/v7-m/nofp/crtbegin.o
 .ARM.attributes
                0x0000004a       0x2d CMakeFiles/AccessControl_V2.elf.dir/Core/Src/delay.c.obj
 .ARM.attributes
                0x00000077       0x2d CMakeFiles/AccessControl_V2.elf.dir/Core/Src/display.c.obj
 .ARM.attributes
                0x000000a4       0x2d CMakeFiles/AccessControl_V2.elf.dir/Core/Src/gpio.c.obj
 .ARM.attributes
                0x000000d1       0x2d CMakeFiles/AccessControl_V2.elf.dir/Core/Src/main.c.obj
 .ARM.attributes
                0x000000fe       0x2d CMakeFiles/AccessControl_V2.elf.dir/Core/Src/mode.c.obj
 .ARM.attributes
                0x0000012b       0x2d CMakeFiles/AccessControl_V2.elf.dir/Core/Src/nokia_5110.c.obj
 .ARM.attributes
                0x00000158       0x2d CMakeFiles/AccessControl_V2.elf.dir/Core/Src/rc522.c.obj
 .ARM.attributes
                0x00000185       0x2d CMakeFiles/AccessControl_V2.elf.dir/Core/Src/remote.c.obj
 .ARM.attributes
                0x000001b2       0x2d CMakeFiles/AccessControl_V2.elf.dir/Core/Src/retarget.c.obj
 .ARM.attributes
                0x000001df       0x2d CMakeFiles/AccessControl_V2.elf.dir/Core/Src/rtc.c.obj
 .ARM.attributes
                0x0000020c       0x2d CMakeFiles/AccessControl_V2.elf.dir/Core/Src/spi.c.obj
 .ARM.attributes
                0x00000239       0x2d CMakeFiles/AccessControl_V2.elf.dir/Core/Src/stm32f1xx_hal_msp.c.obj
 .ARM.attributes
                0x00000266       0x2d CMakeFiles/AccessControl_V2.elf.dir/Core/Src/stm32f1xx_it.c.obj
 .ARM.attributes
                0x00000293       0x2d CMakeFiles/AccessControl_V2.elf.dir/Core/Src/syscalls.c.obj
 .ARM.attributes
                0x000002c0       0x2d CMakeFiles/AccessControl_V2.elf.dir/Core/Src/system_stm32f1xx.c.obj
 .ARM.attributes
                0x000002ed       0x2d CMakeFiles/AccessControl_V2.elf.dir/Core/Src/usart.c.obj
 .ARM.attributes
                0x0000031a       0x2d CMakeFiles/AccessControl_V2.elf.dir/Core/Src/userinfo.c.obj
 .ARM.attributes
                0x00000347       0x2d CMakeFiles/AccessControl_V2.elf.dir/Core/Src/w25qxx.c.obj
 .ARM.attributes
                0x00000374       0x2d CMakeFiles/AccessControl_V2.elf.dir/Drivers/STM32F1xx_HAL_Driver/Src/stm32f1xx_hal.c.obj
 .ARM.attributes
                0x000003a1       0x2d CMakeFiles/AccessControl_V2.elf.dir/Drivers/STM32F1xx_HAL_Driver/Src/stm32f1xx_hal_cortex.c.obj
 .ARM.attributes
                0x000003ce       0x2d CMakeFiles/AccessControl_V2.elf.dir/Drivers/STM32F1xx_HAL_Driver/Src/stm32f1xx_hal_gpio.c.obj
 .ARM.attributes
                0x000003fb       0x2d CMakeFiles/AccessControl_V2.elf.dir/Drivers/STM32F1xx_HAL_Driver/Src/stm32f1xx_hal_pwr.c.obj
 .ARM.attributes
                0x00000428       0x2d CMakeFiles/AccessControl_V2.elf.dir/Drivers/STM32F1xx_HAL_Driver/Src/stm32f1xx_hal_rcc.c.obj
 .ARM.attributes
                0x00000455       0x2d CMakeFiles/AccessControl_V2.elf.dir/Drivers/STM32F1xx_HAL_Driver/Src/stm32f1xx_hal_rcc_ex.c.obj
 .ARM.attributes
                0x00000482       0x2d CMakeFiles/AccessControl_V2.elf.dir/Drivers/STM32F1xx_HAL_Driver/Src/stm32f1xx_hal_rtc.c.obj
 .ARM.attributes
                0x000004af       0x2d CMakeFiles/AccessControl_V2.elf.dir/Drivers/STM32F1xx_HAL_Driver/Src/stm32f1xx_hal_spi.c.obj
 .ARM.attributes
                0x000004dc       0x2d CMakeFiles/AccessControl_V2.elf.dir/Drivers/STM32F1xx_HAL_Driver/Src/stm32f1xx_hal_tim.c.obj
 .ARM.attributes
                0x00000509       0x2d CMakeFiles/AccessControl_V2.elf.dir/Drivers/STM32F1xx_HAL_Driver/Src/stm32f1xx_hal_tim_ex.c.obj
 .ARM.attributes
                0x00000536       0x2d CMakeFiles/AccessControl_V2.elf.dir/Drivers/STM32F1xx_HAL_Driver/Src/stm32f1xx_hal_uart.c.obj
 .ARM.attributes
                0x00000563       0x21 CMakeFiles/AccessControl_V2.elf.dir/startup/startup_stm32f103xe.s.obj
 .ARM.attributes
                0x00000584       0x2d d:/jetbrains/gcc-arm-none-eabi/bin/../lib/gcc/arm-none-eabi/9.3.1/../../../../arm-none-eabi/lib/thumb/v7-m/nofp\libg.a(lib_a-errno.o)
 .ARM.attributes
                0x000005b1       0x2d d:/jetbrains/gcc-arm-none-eabi/bin/../lib/gcc/arm-none-eabi/9.3.1/../../../../arm-none-eabi/lib/thumb/v7-m/nofp\libg.a(lib_a-impure.o)
 .ARM.attributes
                0x000005de       0x2d d:/jetbrains/gcc-arm-none-eabi/bin/../lib/gcc/arm-none-eabi/9.3.1/../../../../arm-none-eabi/lib/thumb/v7-m/nofp\libg.a(lib_a-init.o)
 .ARM.attributes
                0x0000060b       0x1b d:/jetbrains/gcc-arm-none-eabi/bin/../lib/gcc/arm-none-eabi/9.3.1/../../../../arm-none-eabi/lib/thumb/v7-m/nofp\libg.a(lib_a-memcpy.o)
 .ARM.attributes
                0x00000626       0x2d d:/jetbrains/gcc-arm-none-eabi/bin/../lib/gcc/arm-none-eabi/9.3.1/../../../../arm-none-eabi/lib/thumb/v7-m/nofp\libg.a(lib_a-memset.o)
 .ARM.attributes
                0x00000653       0x2d d:/jetbrains/gcc-arm-none-eabi/bin/../lib/gcc/arm-none-eabi/9.3.1/../../../../arm-none-eabi/lib/thumb/v7-m/nofp\libg.a(lib_a-printf.o)
 .ARM.attributes
                0x00000680       0x2d d:/jetbrains/gcc-arm-none-eabi/bin/../lib/gcc/arm-none-eabi/9.3.1/../../../../arm-none-eabi/lib/thumb/v7-m/nofp\libg.a(lib_a-puts.o)
 .ARM.attributes
                0x000006ad       0x2d d:/jetbrains/gcc-arm-none-eabi/bin/../lib/gcc/arm-none-eabi/9.3.1/../../../../arm-none-eabi/lib/thumb/v7-m/nofp\libg.a(lib_a-setvbuf.o)
 .ARM.attributes
                0x000006da       0x2d d:/jetbrains/gcc-arm-none-eabi/bin/../lib/gcc/arm-none-eabi/9.3.1/../../../../arm-none-eabi/lib/thumb/v7-m/nofp\libg.a(lib_a-strlen-stub.o)
 .ARM.attributes
                0x00000707       0x2d d:/jetbrains/gcc-arm-none-eabi/bin/../lib/gcc/arm-none-eabi/9.3.1/../../../../arm-none-eabi/lib/thumb/v7-m/nofp\libg.a(lib_a-vfprintf.o)
 .ARM.attributes
                0x00000734       0x2d d:/jetbrains/gcc-arm-none-eabi/bin/../lib/gcc/arm-none-eabi/9.3.1/../../../../arm-none-eabi/lib/thumb/v7-m/nofp\libg.a(lib_a-wsetup.o)
 .ARM.attributes
                0x00000761       0x2d d:/jetbrains/gcc-arm-none-eabi/bin/../lib/gcc/arm-none-eabi/9.3.1/../../../../arm-none-eabi/lib/thumb/v7-m/nofp\libg.a(lib_a-__call_atexit.o)
 .ARM.attributes
                0x0000078e       0x2d d:/jetbrains/gcc-arm-none-eabi/bin/../lib/gcc/arm-none-eabi/9.3.1/../../../../arm-none-eabi/lib/thumb/v7-m/nofp\libg.a(lib_a-atexit.o)
 .ARM.attributes
                0x000007bb       0x2d d:/jetbrains/gcc-arm-none-eabi/bin/../lib/gcc/arm-none-eabi/9.3.1/../../../../arm-none-eabi/lib/thumb/v7-m/nofp\libg.a(lib_a-dtoa.o)
 .ARM.attributes
                0x000007e8       0x2d d:/jetbrains/gcc-arm-none-eabi/bin/../lib/gcc/arm-none-eabi/9.3.1/../../../../arm-none-eabi/lib/thumb/v7-m/nofp\libg.a(lib_a-fflush.o)
 .ARM.attributes
                0x00000815       0x2d d:/jetbrains/gcc-arm-none-eabi/bin/../lib/gcc/arm-none-eabi/9.3.1/../../../../arm-none-eabi/lib/thumb/v7-m/nofp\libg.a(lib_a-findfp.o)
 .ARM.attributes
                0x00000842       0x2d d:/jetbrains/gcc-arm-none-eabi/bin/../lib/gcc/arm-none-eabi/9.3.1/../../../../arm-none-eabi/lib/thumb/v7-m/nofp\libg.a(lib_a-fini.o)
 .ARM.attributes
                0x0000086f       0x2d d:/jetbrains/gcc-arm-none-eabi/bin/../lib/gcc/arm-none-eabi/9.3.1/../../../../arm-none-eabi/lib/thumb/v7-m/nofp\libg.a(lib_a-freer.o)
 .ARM.attributes
                0x0000089c       0x2d d:/jetbrains/gcc-arm-none-eabi/bin/../lib/gcc/arm-none-eabi/9.3.1/../../../../arm-none-eabi/lib/thumb/v7-m/nofp\libg.a(lib_a-fvwrite.o)
 .ARM.attributes
                0x000008c9       0x2d d:/jetbrains/gcc-arm-none-eabi/bin/../lib/gcc/arm-none-eabi/9.3.1/../../../../arm-none-eabi/lib/thumb/v7-m/nofp\libg.a(lib_a-fwalk.o)
 .ARM.attributes
                0x000008f6       0x2d d:/jetbrains/gcc-arm-none-eabi/bin/../lib/gcc/arm-none-eabi/9.3.1/../../../../arm-none-eabi/lib/thumb/v7-m/nofp\libg.a(lib_a-localeconv.o)
 .ARM.attributes
                0x00000923       0x2d d:/jetbrains/gcc-arm-none-eabi/bin/../lib/gcc/arm-none-eabi/9.3.1/../../../../arm-none-eabi/lib/thumb/v7-m/nofp\libg.a(lib_a-lock.o)
 .ARM.attributes
                0x00000950       0x2d d:/jetbrains/gcc-arm-none-eabi/bin/../lib/gcc/arm-none-eabi/9.3.1/../../../../arm-none-eabi/lib/thumb/v7-m/nofp\libg.a(lib_a-makebuf.o)
 .ARM.attributes
                0x0000097d       0x2d d:/jetbrains/gcc-arm-none-eabi/bin/../lib/gcc/arm-none-eabi/9.3.1/../../../../arm-none-eabi/lib/thumb/v7-m/nofp\libg.a(lib_a-malloc.o)
 .ARM.attributes
                0x000009aa       0x2d d:/jetbrains/gcc-arm-none-eabi/bin/../lib/gcc/arm-none-eabi/9.3.1/../../../../arm-none-eabi/lib/thumb/v7-m/nofp\libg.a(lib_a-mallocr.o)
 .ARM.attributes
                0x000009d7       0x2d d:/jetbrains/gcc-arm-none-eabi/bin/../lib/gcc/arm-none-eabi/9.3.1/../../../../arm-none-eabi/lib/thumb/v7-m/nofp\libg.a(lib_a-memchr-stub.o)
 .ARM.attributes
                0x00000a04       0x2d d:/jetbrains/gcc-arm-none-eabi/bin/../lib/gcc/arm-none-eabi/9.3.1/../../../../arm-none-eabi/lib/thumb/v7-m/nofp\libg.a(lib_a-memmove.o)
 .ARM.attributes
                0x00000a31       0x2d d:/jetbrains/gcc-arm-none-eabi/bin/../lib/gcc/arm-none-eabi/9.3.1/../../../../arm-none-eabi/lib/thumb/v7-m/nofp\libg.a(lib_a-mlock.o)
 .ARM.attributes
                0x00000a5e       0x2d d:/jetbrains/gcc-arm-none-eabi/bin/../lib/gcc/arm-none-eabi/9.3.1/../../../../arm-none-eabi/lib/thumb/v7-m/nofp\libg.a(lib_a-mprec.o)
 .ARM.attributes