Archive member included to satisfy reference by file (symbol)

d:/jetbrains/gcc-arm-none-eabi/bin/../lib/gcc/arm-none-eabi/9.3.1/../../../../arm-none-eabi/lib/thumb/v7-m/nofp\libg.a(lib_a-errno.o)
                              CMakeFiles/AccessControl_V2.elf.dir/Core/Src/retarget.c.obj (__errno)
d:/jetbrains/gcc-arm-none-eabi/bin/../lib/gcc/arm-none-eabi/9.3.1/../../../../arm-none-eabi/lib/thumb/v7-m/nofp\libg.a(lib_a-exit.o)
                              d:/jetbrains/gcc-arm-none-eabi/bin/../lib/gcc/arm-none-eabi/9.3.1/../../../../arm-none-eabi/lib/thumb/v7-m/nofp/crt0.o (exit)
d:/jetbrains/gcc-arm-none-eabi/bin/../lib/gcc/arm-none-eabi/9.3.1/../../../../arm-none-eabi/lib/thumb/v7-m/nofp\libg.a(lib_a-impure.o)
                              d:/jetbrains/gcc-arm-none-eabi/bin/../lib/gcc/arm-none-eabi/9.3.1/../../../../arm-none-eabi/lib/thumb/v7-m/nofp\libg.a(lib_a-exit.o) (_global_impure_ptr)
d:/jetbrains/gcc-arm-none-eabi/bin/../lib/gcc/arm-none-eabi/9.3.1/../../../../arm-none-eabi/lib/thumb/v7-m/nofp\libg.a(lib_a-init.o)
                              d:/jetbrains/gcc-arm-none-eabi/bin/../lib/gcc/arm-none-eabi/9.3.1/../../../../arm-none-eabi/lib/thumb/v7-m/nofp/crt0.o (__libc_init_array)
d:/jetbrains/gcc-arm-none-eabi/bin/../lib/gcc/arm-none-eabi/9.3.1/../../../../arm-none-eabi/lib/thumb/v7-m/nofp\libg.a(lib_a-memcpy.o)
                              CMakeFiles/AccessControl_V2.elf.dir/Core/Src/mode.c.obj (memcpy)
d:/jetbrains/gcc-arm-none-eabi/bin/../lib/gcc/arm-none-eabi/9.3.1/../../../../arm-none-eabi/lib/thumb/v7-m/nofp\libg.a(lib_a-memset.o)
                              d:/jetbrains/gcc-arm-none-eabi/bin/../lib/gcc/arm-none-eabi/9.3.1/../../../../arm-none-eabi/lib/thumb/v7-m/nofp/crt0.o (memset)
d:/jetbrains/gcc-arm-none-eabi/bin/../lib/gcc/arm-none-eabi/9.3.1/../../../../arm-none-eabi/lib/thumb/v7-m/nofp\libg.a(lib_a-printf.o)
                              CMakeFiles/AccessControl_V2.elf.dir/Core/Src/display.c.obj (printf)
d:/jetbrains/gcc-arm-none-eabi/bin/../lib/gcc/arm-none-eabi/9.3.1/../../../../arm-none-eabi/lib/thumb/v7-m/nofp\libg.a(lib_a-puts.o)
                              CMakeFiles/AccessControl_V2.elf.dir/Core/Src/display.c.obj (puts)
d:/jetbrains/gcc-arm-none-eabi/bin/../lib/gcc/arm-none-eabi/9.3.1/../../../../arm-none-eabi/lib/thumb/v7-m/nofp\libg.a(lib_a-setvbuf.o)
                              CMakeFiles/AccessControl_V2.elf.dir/Core/Src/retarget.c.obj (setvbuf)
d:/jetbrains/gcc-arm-none-eabi/bin/../lib/gcc/arm-none-eabi/9.3.1/../../../../arm-none-eabi/lib/thumb/v7-m/nofp\libg.a(lib_a-strlen-stub.o)
                              d:/jetbrains/gcc-arm-none-eabi/bin/../lib/gcc/arm-none-eabi/9.3.1/../../../../arm-none-eabi/lib/thumb/v7-m/nofp\libg.a(lib_a-puts.o) (strlen)
d:/jetbrains/gcc-arm-none-eabi/bin/../lib/gcc/arm-none-eabi/9.3.1/../../../../arm-none-eabi/lib/thumb/v7-m/nofp\libg.a(lib_a-vfprintf.o)
                              d:/jetbrains/gcc-arm-none-eabi/bin/../lib/gcc/arm-none-eabi/9.3.1/../../../../arm-none-eabi/lib/thumb/v7-m/nofp\libg.a(lib_a-printf.o) (_vfprintf_r)
d:/jetbrains/gcc-arm-none-eabi/bin/../lib/gcc/arm-none-eabi/9.3.1/../../../../arm-none-eabi/lib/thumb/v7-m/nofp\libg.a(lib_a-wsetup.o)
                              d:/jetbrains/gcc-arm-none-eabi/bin/../lib/gcc/arm-none-eabi/9.3.1/../../../../arm-none-eabi/lib/thumb/v7-m/nofp\libg.a(lib_a-vfprintf.o) (__swsetup_r)
d:/jetbrains/gcc-arm-none-eabi/bin/../lib/gcc/arm-none-eabi/9.3.1/../../../../arm-none-eabi/lib/thumb/v7-m/nofp\libg.a(lib_a-__call_atexit.o)
                              d:/jetbrains/gcc-arm-none-eabi/bin/../lib/gcc/arm-none-eabi/9.3.1/../../../../arm-none-eabi/lib/thumb/v7-m/nofp\libg.a(lib_a-exit.o) (__call_exitprocs)
d:/jetbrains/gcc-arm-none-eabi/bin/../lib/gcc/arm-none-eabi/9.3.1/../../../../arm-none-eabi/lib/thumb/v7-m/nofp\libg.a(lib_a-atexit.o)
                              d:/jetbrains/gcc-arm-none-eabi/bin/../lib/gcc/arm-none-eabi/9.3.1/../../../../arm-none-eabi/lib/thumb/v7-m/nofp\libg.a(lib_a-__call_atexit.o) (atexit)
d:/jetbrains/gcc-arm-none-eabi/bin/../lib/gcc/arm-none-eabi/9.3.1/../../../../arm-none-eabi/lib/thumb/v7-m/nofp\libg.a(lib_a-dtoa.o)
                              d:/jetbrains/gcc-arm-none-eabi/bin/../lib/gcc/arm-none-eabi/9.3.1/../../../../arm-none-eabi/lib/thumb/v7-m/nofp\libg.a(lib_a-vfprintf.o) (_dtoa_r)
d:/jetbrains/gcc-arm-none-eabi/bin/../lib/gcc/arm-none-eabi/9.3.1/../../../../arm-none-eabi/lib/thumb/v7-m/nofp\libg.a(lib_a-fflush.o)
                              d:/jetbrains/gcc-arm-none-eabi/bin/../lib/gcc/arm-none-eabi/9.3.1/../../../../arm-none-eabi/lib/thumb/v7-m/nofp\libg.a(lib_a-setvbuf.o) (_fflush_r)
d:/jetbrains/gcc-arm-none-eabi/bin/../lib/gcc/arm-none-eabi/9.3.1/../../../../arm-none-eabi/lib/thumb/v7-m/nofp\libg.a(lib_a-findfp.o)
                              d:/jetbrains/gcc-arm-none-eabi/bin/../lib/gcc/arm-none-eabi/9.3.1/../../../../arm-none-eabi/lib/thumb/v7-m/nofp\libg.a(lib_a-puts.o) (__sinit)
[...]
Memory Configuration

Name             Origin             Length             Attributes
RAM              0x20000000         0x0000c000         xrw
FLASH            0x08000000         0x00040000         xr
*default*        0x00000000         0xffffffff

Linker script and memory map

LOAD d:/jetbrains/gcc-arm-none-eabi/bin/../lib/gcc/arm-none-eabi/9.3.1/thumb/v7-m/nofp/crti.o
LOAD d:/jetbrains/gcc-arm-none-eabi/bin/../lib/gcc/arm-none-eabi/9.3.1/thumb/v7-m/nofp/crtbegin.o
LOAD d:/jetbrains/gcc-arm-none-eabi/bin/../lib/gcc/arm-none-eabi/9.3.1/../../../../arm-none-eabi/lib/thumb/v7-m/nofp/crt0.o
LOAD CMakeFiles/AccessControl_V2.elf.dir/Core/Src/delay.c.obj
LOAD CMakeFiles/AccessControl_V2.elf.dir/Core/Src/display.c.obj
LOAD CMakeFiles/AccessControl_V2.elf.dir/Core/Src/gpio.c.obj
LOAD CMakeFiles/AccessControl_V2.elf.dir/Core/Src/main.c.obj
LOAD CMakeFiles/AccessControl_V2.elf.dir/Core/Src/mode.c.obj
LOAD CMakeFiles/AccessControl_V2.elf.dir/Core/Src/nokia_5110.c.obj
LOAD CMakeFiles/AccessControl_V2.elf.dir/Core/Src/rc522.c.obj
LOAD CMakeFiles/AccessControl_V2.elf.dir/Core/Src/remote.c.obj
LOAD CMakeFiles/AccessControl_V2.elf.dir/Core/Src/retarget.c.obj
LOAD CMakeFiles/AccessControl_V2.elf.dir/Core/Src/rtc.c.obj
LOAD CMakeFiles/AccessControl_V2.elf.dir/Core/Src/spi.c.obj
LOAD CMakeFiles/AccessControl_V2.elf.dir/Core/Src/stm32f1xx_hal_msp.c.obj
LOAD CMakeFiles/AccessControl_V2.elf.dir/Core/Src/stm32f1xx_it.c.obj
LOAD CMakeFiles/AccessControl_V2.elf.dir/Core/Src/sys.c.obj
LOAD CMakeFiles/AccessControl_V2.elf.dir/Core/Src/syscalls.c.obj
LOAD CMakeFiles/AccessControl_V2.elf.dir/Core/Src/system_stm32f1xx.c.obj
LOAD CMakeFiles/AccessControl_V2.elf.dir/Core/Src/usart.c.obj
LOAD CMakeFiles/AccessControl_V2.elf.dir/Core/Src/userinfo.c.obj
LOAD CMakeFiles/AccessControl_V2.elf.dir/Core/Src/w25qxx.c.obj
LOAD CMakeFiles/AccessControl_V2.elf.dir/Drivers/STM32F1xx_HAL_Driver/Src/stm32f1xx_hal.c.obj
LOAD CMakeFiles/AccessControl_V2.elf.dir/Drivers/STM32F1xx_HAL_Driver/Src/stm32f1xx_hal_cortex.c.obj
LOAD CMakeFiles/AccessControl_V2.elf.dir/Drivers/STM32F1xx_HAL_Driver/Src/stm32f1xx_hal_dma.c.obj
LOAD CMakeFiles/AccessControl_V2.elf.dir/Drivers/STM32F1xx_HAL_Driver/Src/stm32f1xx_hal_exti.c.obj
LOAD CMakeFiles/AccessControl_V2.elf.dir/Drivers/STM32F1xx_HAL_Driver/Src/stm32f1xx_hal_flash.c.obj
LOAD CMakeFiles/AccessControl_V2.elf.dir/Drivers/STM32F1xx_HAL_Driver/Src/stm32f1xx_hal_flash_ex.c.obj
LOAD CMakeFiles/AccessControl_V2.elf.dir/Drivers/STM32F1xx_HAL_Driver/Src/stm32f1xx_hal_gpio.c.obj
LOAD CMakeFiles/AccessControl_V2.elf.dir/Drivers/STM32F1xx_HAL_Driver/Src/stm32f1xx_hal_gpio_ex.c.obj
LOAD CMakeFiles/AccessControl_V2.elf.dir/Drivers/STM32F1xx_HAL_Driver/Src/stm32f1xx_hal_pwr.c.obj
LOAD CMakeFiles/AccessControl_V2.elf.dir/Drivers/STM32F1xx_HAL_Driver/Src/stm32f1xx_hal_rcc.c.obj
LOAD CMakeFiles/AccessControl_V2.elf.dir/Drivers/STM32F1xx_HAL_Driver/Src/stm32f1xx_hal_rcc_ex.c.obj
LOAD CMakeFiles/AccessControl_V2.elf.dir/Drivers/STM32F1xx_HAL_Driver/Src/stm32f1xx_hal_rtc.c.obj
LOAD CMakeFiles/AccessControl_V2.elf.dir/Drivers/STM32F1xx_HAL_Driver/Src/stm32f1xx_hal_rtc_ex.c.obj
LOAD CMakeFiles/AccessControl_V2.elf.dir/Drivers/STM32F1xx_HAL_Driver/Src/stm32f1xx_hal_spi.c.obj
LOAD CMakeFiles/AccessControl_V2.elf.dir/Drivers/STM32F1xx_HAL_Driver/Src/stm32f1xx_hal_tim.c.obj
LOAD CMakeFiles/AccessControl_V2.elf.dir/Drivers/STM32F1xx_HAL_Driver/Src/stm32f1xx_hal_tim_ex.c.obj
LOAD CMakeFiles/AccessControl_V2.elf.dir/Drivers/STM32F1xx_HAL_Driver/Src/stm32f1xx_hal_uart.c.obj
LOAD CMakeFiles/AccessControl_V2.elf.dir/startup/startup_stm32f103xe.s.obj
START GROUP
LOAD d:/jetbrains/gcc-arm-none-eabi/bin/../lib/gcc/arm-none-eabi/9.3.1/thumb/v7-m/nofp\libgcc.a
LOAD d:/jetbrains/gcc-arm-none-eabi/bin/../lib/gcc/arm-none-eabi/9.3.1/../../../../arm-none-eabi/lib/thumb/v7-m/nofp\libg.a
LOAD d:/jetbrains/gcc-arm-none-eabi/bin/../lib/gcc/arm-none-eabi/9.3.1/../../../../arm-none-eabi/lib/thumb/v7-m/nofp\libc.a
END GROUP
LOAD d:/jetbrains/gcc-arm-none-eabi/bin/../lib/gcc/arm-none-eabi/9.3.1/thumb/v7-m/nofp/crtend.o
LOAD d:/jetbrains/gcc-arm-none-eabi/bin/../lib/gcc/arm-none-eabi/9.3.1/thumb/v7-m/nofp/crtn.o
                0x2000c000                _estack = 0x2000c000
                0x00000400                _Min_Heap_Size = 0x400
                0x00000800                _Min_Stack_Size = 0x800

.isr_vector     0x08000000      0x1e4
                0x08000000                . = ALIGN (0x4)
 *(.isr_vector)
 .isr_vector    0x08000000      0x1e4 CMakeFiles/AccessControl_V2.elf.dir/startup/startup_stm32f103xe.s.obj
                0x08000000                g_pfnVectors
                0x080001e4                . = ALIGN (0x4)

.text           0x080001e8     0xb384
                0x080001e8                . = ALIGN (0x4)
 *(.text)
 .text          0x080001e8       0x40 d:/jetbrains/gcc-arm-none-eabi/bin/../lib/gcc/arm-none-eabi/9.3.1/thumb/v7-m/nofp/crtbegin.o
 .text          0x08000228       0xec d:/jetbrains/gcc-arm-none-eabi/bin/../lib/gcc/arm-none-eabi/9.3.1/../../../../arm-none-eabi/lib/thumb/v7-m/nofp\libg.a(lib_a-memcpy.o)
                0x08000228                memcpy
 .text          0x08000314      0x378 d:/jetbrains/gcc-arm-none-eabi/bin/../lib/gcc/arm-none-eabi/9.3.1/thumb/v7-m/nofp\libgcc.a(_arm_addsubdf3.o)
                0x08000314                __aeabi_drsub
                0x0800031c                __aeabi_dsub
                0x0800031c                __subdf3
                0x08000320                __aeabi_dadd
                0x08000320                __adddf3
                0x08000598                __floatunsidf
                0x08000598                __aeabi_ui2d
                0x080005b8                __floatsidf
                0x080005b8                __aeabi_i2d
                0x080005dc                __aeabi_f2d
                0x080005dc                __extendsfdf2
                0x08000620                __floatundidf
                0x08000620                __aeabi_ul2d
                0x08000630                __floatdidf
                0x08000630                __aeabi_l2d
 .text          0x0800068c      0x424 d:/jetbrains/gcc-arm-none-eabi/bin/../lib/gcc/arm-none-eabi/9.3.1/thumb/v7-m/nofp\libgcc.a(_arm_muldivdf3.o)
                0x0800068c                __aeabi_dmul
                0x0800068c                __muldf3
                0x080008e0                __divdf3
                0x080008e0                __aeabi_ddiv
 .text          0x08000ab0      0x110 d:/jetbrains/gcc-arm-none-eabi/bin/../lib/gcc/arm-none-eabi/9.3.1/thumb/v7-m/nofp\libgcc.a(_arm_cmpdf2.o)
                0x08000ab0                __gtdf2
                0x08000ab0                __gedf2
                0x08000ab8                __ltdf2
                0x08000ab8                __ledf2
                0x08000ac0                __nedf2
                0x08000ac0                __eqdf2
                0x08000ac0                __cmpdf2
                0x08000b3c                __aeabi_cdrcmple
                0x08000b4c                __aeabi_cdcmpeq
                0x08000b4c                __aeabi_cdcmple
                0x08000b5c                __aeabi_dcmpeq
                0x08000b70                __aeabi_dcmplt
                0x08000b84                __aeabi_dcmple
                0x08000b98                __aeabi_dcmpge
                0x08000bac                __aeabi_dcmpgt
 .text          0x08000bc0       0x2c d:/jetbrains/gcc-arm-none-eabi/bin/../lib/gcc/arm-none-eabi/9.3.1/thumb/v7-m/nofp\libgcc.a(_arm_unorddf2.o)
                0x08000bc0                __unorddf2
                0x08000bc0                __aeabi_dcmpun
 .text          0x08000bec       0x50 d:/jetbrains/gcc-arm-none-eabi/bin/../lib/gcc/arm-none-eabi/9.3.1/thumb/v7-m/nofp\libgcc.a(_arm_fixdfsi.o)
                0x08000bec                __aeabi_d2iz
                0x08000bec                __fixdfsi
 .text          0x08000c3c       0x30 d:/jetbrains/gcc-arm-none-eabi/bin/../lib/gcc/arm-none-eabi/9.3.1/thumb/v7-m/nofp\libgcc.a(_aeabi_uldivmod.o)
                0x08000c3c                __aeabi_uldivmod
 .text          0x08000c6c      0x2c4 d:/jetbrains/gcc-arm-none-eabi/bin/../lib/gcc/arm-none-eabi/9.3.1/thumb/v7-m/nofp\libgcc.a(_udivmoddi4.o)
                0x08000c6c                __udivmoddi4
 .text          0x08000f30        0x4 d:/jetbrains/gcc-arm-none-eabi/bin/../lib/gcc/arm-none-eabi/9.3.1/thumb/v7-m/nofp\libgcc.a(_dvmd_tls.o)
                0x08000f30                __aeabi_idiv0
                0x08000f30                __aeabi_ldiv0
 *(.text*)
 .text.delay_init
                0x08000f34       0x14 CMakeFiles/AccessControl_V2.elf.dir/Core/Src/delay.c.obj
                0x08000f34                delay_init
 .text.delay_us
                0x08000f48       0x3c CMakeFiles/AccessControl_V2.elf.dir/Core/Src/delay.c.obj
                0x08000f48                delay_us
 .text.delay_ms
                0x08000f84       0x18 CMakeFiles/AccessControl_V2.elf.dir/Core/Src/delay.c.obj
                0x08000f84                delay_ms
 .text.showp1   0x08000f9c       0x20 CMakeFiles/AccessControl_V2.elf.dir/Core/Src/display.c.obj
                0x08000f9c                showp1
 .text.showp2   0x08000fbc       0x20 CMakeFiles/AccessControl_V2.elf.dir/Core/Src/display.c.obj
                0x08000fbc                showp2
 .text.ShowID   0x08000fdc       0x64 CMakeFiles/AccessControl_V2.elf.dir/Core/Src/display.c.obj
                0x08000fdc                ShowID
 .text.show_meanu
                0x08001040       0xe0 CMakeFiles/AccessControl_V2.elf.dir/Core/Src/display.c.obj
                0x08001040                show_meanu
 .text.execute  0x08001120      0x35c CMakeFiles/AccessControl_V2.elf.dir/Core/Src/display.c.obj
                0x08001120                execute
 .text.MX_GPIO_Init
                0x0800147c       0xd4 CMakeFiles/AccessControl_V2.elf.dir/Core/Src/gpio.c.obj
                0x0800147c                MX_GPIO_Init
 .text.Error_Handler
                0x08001550        0x4 CMakeFiles/AccessControl_V2.elf.dir/Core/Src/main.c.obj
                0x08001550                Error_Handler
 .text.SystemClock_Config
                0x08001554       0x8e CMakeFiles/AccessControl_V2.elf.dir/Core/Src/main.c.obj
                0x08001554                SystemClock_Config
 *fill*         0x080015e2        0x2 
 .text.main     0x080015e4       0xf0 CMakeFiles/AccessControl_V2.elf.dir/Core/Src/main.c.obj
                0x080015e4                main
 .text.initSN   0x080016d4       0x14 CMakeFiles/AccessControl_V2.elf.dir/Core/Src/mode.c.obj
                0x080016d4                initSN
 .text.write_root_num
                0x080016e8       0x54 CMakeFiles/AccessControl_V2.elf.dir/Core/Src/mode.c.obj
                0x080016e8                write_root_num
 .text.check_read_same
                0x0800173c       0x38 CMakeFiles/AccessControl_V2.elf.dir/Core/Src/mode.c.obj
                0x0800173c                check_read_same
 .text.check_user_exist
                0x08001774       0x90 CMakeFiles/AccessControl_V2.elf.dir/Core/Src/mode.c.obj
                0x08001774                check_user_exist
 .text.check_root_exist
                0x08001804       0x8c CMakeFiles/AccessControl_V2.elf.dir/Core/Src/mode.c.obj
                0x08001804                check_root_exist
 .text.add_user
                0x08001890      0x13c CMakeFiles/AccessControl_V2.elf.dir/Core/Src/mode.c.obj
                0x08001890                add_user
 .text.add_root
                0x080019cc       0x94 CMakeFiles/AccessControl_V2.elf.dir/Core/Src/mode.c.obj
                0x080019cc                add_root
 .text.del_user
                0x08001a60       0x4c CMakeFiles/AccessControl_V2.elf.dir/Core/Src/mode.c.obj
                0x08001a60                del_user
 .text.show_all_id
                0x08001aac      0x138 CMakeFiles/AccessControl_V2.elf.dir/Core/Src/mode.c.obj
                0x08001aac                show_all_id
 .text.show_id  0x08001be4       0x50 CMakeFiles/AccessControl_V2.elf.dir/Core/Src/mode.c.obj
                0x08001be4                show_id
 .text.read_mode
                0x08001c34       0xb4 CMakeFiles/AccessControl_V2.elf.dir/Core/Src/mode.c.obj
                0x08001c34                read_mode
 .text.root_mode
                0x08001ce8      0x130 CMakeFiles/AccessControl_V2.elf.dir/Core/Src/mode.c.obj
                0x08001ce8                root_mode
 .text.add_mode
                0x08001e18      0x278 CMakeFiles/AccessControl_V2.elf.dir/Core/Src/mode.c.obj
                0x08001e18                add_mode
 .text.del_mode
                0x08002090       0xdc CMakeFiles/AccessControl_V2.elf.dir/Core/Src/mode.c.obj
                0x08002090                del_mode
 .text.meanu_mode
                0x0800216c       0xf0 CMakeFiles/AccessControl_V2.elf.dir/Core/Src/mode.c.obj
                0x0800216c                meanu_mode
 .text.infomation_mode
                0x0800225c      0x1c0 CMakeFiles/AccessControl_V2.elf.dir/Core/Src/mode.c.obj
                0x0800225c                infomation_mode
 .text.LCD_IO_Init
                0x0800241c       0x8c CMakeFiles/AccessControl_V2.elf.dir/Core/Src/nokia_5110.c.obj
                0x0800241c                LCD_IO_Init
 .text.LCD_write_byte
                0x080024a8       0x5c CMakeFiles/AccessControl_V2.elf.dir/Core/Src/nokia_5110.c.obj
                0x080024a8                LCD_write_byte
 .text.LCD_clear
                0x08002504       0x28 CMakeFiles/AccessControl_V2.elf.dir/Core/Src/nokia_5110.c.obj
                0x08002504                LCD_clear
 .text.LCD_init
                0x0800252c       0x68 CMakeFiles/AccessControl_V2.elf.dir/Core/Src/nokia_5110.c.obj
                0x0800252c                LCD_init
 .text.LCD_set_XY
                0x08002594       0x1c CMakeFiles/AccessControl_V2.elf.dir/Core/Src/nokia_5110.c.obj
                0x08002594                LCD_set_XY
 .text.LCD_write_char
                0x080025b0       0x2c CMakeFiles/AccessControl_V2.elf.dir/Core/Src/nokia_5110.c.obj
                0x080025b0                LCD_write_char
 .text.LCD_write_english_string
                0x080025dc       0x16 CMakeFiles/AccessControl_V2.elf.dir/Core/Src/nokia_5110.c.obj
                0x080025dc                LCD_write_english_string
 .text.LCD_Show_Pic
                0x080025f2       0x5c CMakeFiles/AccessControl_V2.elf.dir/Core/Src/nokia_5110.c.obj
                0x080025f2                LCD_Show_Pic
 .text.SPI_RC522_SendByte
                0x0800264e        0x8 CMakeFiles/AccessControl_V2.elf.dir/Core/Src/rc522.c.obj
                0x0800264e                SPI_RC522_SendByte
 .text.SPI_RC522_ReadByte
                0x08002656        0xa CMakeFiles/AccessControl_V2.elf.dir/Core/Src/rc522.c.obj
                0x08002656                SPI_RC522_ReadByte
 .text.ReadRawRC
                0x08002660       0x38 CMakeFiles/AccessControl_V2.elf.dir/Core/Src/rc522.c.obj
                0x08002660                ReadRawRC
 .text.WriteRawRC
                0x08002698       0x34 CMakeFiles/AccessControl_V2.elf.dir/Core/Src/rc522.c.obj
                0x08002698                WriteRawRC
 .text.SetBitMask
                0x080026cc       0x18 CMakeFiles/AccessControl_V2.elf.dir/Core/Src/rc522.c.obj
                0x080026cc                SetBitMask
 .text.ClearBitMask
                0x080026e4       0x18 CMakeFiles/AccessControl_V2.elf.dir/Core/Src/rc522.c.obj
                0x080026e4                ClearBitMask
 .text.PcdAntennaOn
                0x080026fc       0x1a CMakeFiles/AccessControl_V2.elf.dir/Core/Src/rc522.c.obj
                0x080026fc                PcdAntennaOn
 *fill*         0x08002716        0x2 
 .text.PcdReset
                0x08002718       0x84 CMakeFiles/AccessControl_V2.elf.dir/Core/Src/rc522.c.obj
                0x08002718                PcdReset
 .text.M500PcdConfigISOType
                0x0800279c       0x54 CMakeFiles/AccessControl_V2.elf.dir/Core/Src/rc522.c.obj
                0x0800279c                M500PcdConfigISOType
 .text.RC522_Init
                0x080027f0       0x30 CMakeFiles/AccessControl_V2.elf.dir/Core/Src/rc522.c.obj
                0x080027f0                RC522_Init
 .text.PcdComMF522
                0x08002820      0x118 CMakeFiles/AccessControl_V2.elf.dir/Core/Src/rc522.c.obj
                0x08002820                PcdComMF522
 .text.PcdRequest
                0x08002938       0x54 CMakeFiles/AccessControl_V2.elf.dir/Core/Src/rc522.c.obj
                0x08002938                PcdRequest
 .text.PcdAnticoll
                0x0800298c       0x78 CMakeFiles/AccessControl_V2.elf.dir/Core/Src/rc522.c.obj
                0x0800298c                PcdAnticoll
 .text.CalulateCRC
                0x08002a04       0x64 CMakeFiles/AccessControl_V2.elf.dir/Core/Src/rc522.c.obj
                0x08002a04                CalulateCRC
 .text.PcdSelect
                0x08002a68       0x70 CMakeFiles/AccessControl_V2.elf.dir/Core/Src/rc522.c.obj
                0x08002a68                PcdSelect
 .text.RC522_Handel
                0x08002ad8       0x60 CMakeFiles/AccessControl_V2.elf.dir/Core/Src/rc522.c.obj
                0x08002ad8                RC522_Handel
 .text.Remote_Init
                0x08002b38       0x54 CMakeFiles/AccessControl_V2.elf.dir/Core/Src/remote.c.obj
                0x08002b38                Remote_Init
 .text.HAL_TIM_IC_MspInit
                0x08002b8c       0x60 CMakeFiles/AccessControl_V2.elf.dir/Core/Src/remote.c.obj
                0x08002b8c                HAL_TIM_IC_MspInit
 .text.TIM4_IRQHandler
                0x08002bec       0x10 CMakeFiles/AccessControl_V2.elf.dir/Core/Src/remote.c.obj
                0x08002bec                TIM4_IRQHandler
 .text.HAL_TIM_PeriodElapsedCallback
                0x08002bfc       0x50 CMakeFiles/AccessControl_V2.elf.dir/Core/Src/remote.c.obj
                0x08002bfc                HAL_TIM_PeriodElapsedCallback
 .text.HAL_TIM_IC_CaptureCallback
                0x08002c4c       0xf8 CMakeFiles/AccessControl_V2.elf.dir/Core/Src/remote.c.obj
                0x08002c4c                HAL_TIM_IC_CaptureCallback
 .text.Remote_Scan
                0x08002d44       0x64 CMakeFiles/AccessControl_V2.elf.dir/Core/Src/remote.c.obj
                0x08002d44                Remote_Scan
 .text.RetargetInit
                0x08002da8       0x20 CMakeFiles/AccessControl_V2.elf.dir/Core/Src/retarget.c.obj
                0x08002da8                RetargetInit
 .text._isatty  0x08002dc8       0x16 CMakeFiles/AccessControl_V2.elf.dir/Core/Src/retarget.c.obj
                0x08002dc8                _isatty
 *fill*         0x08002dde        0x2 
 .text._write   0x08002de0       0x34 CMakeFiles/AccessControl_V2.elf.dir/Core/Src/retarget.c.obj
                0x08002de0                _write
 .text._close   0x08002e14       0x18 CMakeFiles/AccessControl_V2.elf.dir/Core/Src/retarget.c.obj
                0x08002e14                _close
 .text._lseek   0x08002e2c       0x10 CMakeFiles/AccessControl_V2.elf.dir/Core/Src/retarget.c.obj
                0x08002e2c                _lseek
 .text._read    0x08002e3c       0x30 CMakeFiles/AccessControl_V2.elf.dir/Core/Src/retarget.c.obj
                0x08002e3c                _read
 .text._fstat   0x08002e6c       0x1a CMakeFiles/AccessControl_V2.elf.dir/Core/Src/retarget.c.obj
                0x08002e6c                _fstat
 *fill*         0x08002e86        0x2 
 .text.MX_RTC_Init
                0x08002e88       0x2c CMakeFiles/AccessControl_V2.elf.dir/Core/Src/rtc.c.obj
                0x08002e88                MX_RTC_Init
 .text.HAL_RTC_MspInit
                0x08002eb4       0x40 CMakeFiles/AccessControl_V2.elf.dir/Core/Src/rtc.c.obj
                0x08002eb4                HAL_RTC_MspInit
 .text.MX_SPI1_Init
                0x08002ef4       0x48 CMakeFiles/AccessControl_V2.elf.dir/Core/Src/spi.c.obj
                0x08002ef4                MX_SPI1_Init
 .text.MX_SPI2_Init
                0x08002f3c       0x48 CMakeFiles/AccessControl_V2.elf.dir/Core/Src/spi.c.obj
                0x08002f3c                MX_SPI2_Init
 .text.MX_SPI3_Init
                0x08002f84       0x48 CMakeFiles/AccessControl_V2.elf.dir/Core/Src/spi.c.obj
                0x08002f84                MX_SPI3_Init
 .text.HAL_SPI_MspInit
                0x08002fcc      0x134 CMakeFiles/AccessControl_V2.elf.dir/Core/Src/spi.c.obj
                0x08002fcc                HAL_SPI_MspInit
 .text.SPI1_ReadWriteByte
                0x08003100       0x2c CMakeFiles/AccessControl_V2.elf.dir/Core/Src/spi.c.obj
                0x08003100                SPI1_ReadWriteByte
 .text.SPI2_ReadWriteByte
                0x0800312c       0x2c CMakeFiles/AccessControl_V2.elf.dir/Core/Src/spi.c.obj
                0x0800312c                SPI2_ReadWriteByte
 .text.HAL_MspInit
                0x08003158       0x44 CMakeFiles/AccessControl_V2.elf.dir/Core/Src/stm32f1xx_hal_msp.c.obj
                0x08003158                HAL_MspInit
 .text.NMI_Handler
                0x0800319c        0x8 CMakeFiles/AccessControl_V2.elf.dir/Core/Src/stm32f1xx_it.c.obj
                0x0800319c                NMI_Handler
 .text.HardFault_Handler
                0x080031a4        0x2 CMakeFiles/AccessControl_V2.elf.dir/Core/Src/stm32f1xx_it.c.obj
                0x080031a4                HardFault_Handler
 .text.MemManage_Handler
                0x080031a6        0x2 CMakeFiles/AccessControl_V2.elf.dir/Core/Src/stm32f1xx_it.c.obj
                0x080031a6                MemManage_Handler
 .text.BusFault_Handler
                0x080031a8        0x2 CMakeFiles/AccessControl_V2.elf.dir/Core/Src/stm32f1xx_it.c.obj
                0x080031a8                BusFault_Handler
 .text.UsageFault_Handler
                0x080031aa        0x2 CMakeFiles/AccessControl_V2.elf.dir/Core/Src/stm32f1xx_it.c.obj
                0x080031aa                UsageFault_Handler
 .text.SVC_Handler
                0x080031ac        0x2 CMakeFiles/AccessControl_V2.elf.dir/Core/Src/stm32f1xx_it.c.obj
                0x080031ac                SVC_Handler
 .text.DebugMon_Handler
                0x080031ae        0x2 CMakeFiles/AccessControl_V2.elf.dir/Core/Src/stm32f1xx_it.c.obj
                0x080031ae                DebugMon_Handler
 .text.PendSV_Handler
                0x080031b0        0x2 CMakeFiles/AccessControl_V2.elf.dir/Core/Src/stm32f1xx_it.c.obj
                0x080031b0                PendSV_Handler
 .text.SysTick_Handler
                0x080031b2        0x8 CMakeFiles/AccessControl_V2.elf.dir/Core/Src/stm32f1xx_it.c.obj
                0x080031b2                SysTick_Handler
 .text._getpid  0x080031ba        0x4 CMakeFiles/AccessControl_V2.elf.dir/Core/Src/syscalls.c.obj
                0x080031ba                _getpid
 .text._kill    0x080031be       0x10 CMakeFiles/AccessControl_V2.elf.dir/Core/Src/syscalls.c.obj
                0x080031be                _kill
 .text._exit    0x080031ce        0xc CMakeFiles/AccessControl_V2.elf.dir/Core/Src/syscalls.c.obj
                0x080031ce                _exit
 *fill*         0x080031da        0x2 
 .text._sbrk    0x080031dc       0x3c CMakeFiles/AccessControl_V2.elf.dir/Core/Src/syscalls.c.obj
                0x080031dc                _sbrk
 .text.SystemInit
                0x08003218        0x2 CMakeFiles/AccessControl_V2.elf.dir/Core/Src/system_stm32f1xx.c.obj
                0x08003218                SystemInit
 *fill*         0x0800321a        0x2 
 .text.MX_USART1_UART_Init
                0x0800321c       0x34 CMakeFiles/AccessControl_V2.elf.dir/Core/Src/usart.c.obj
                0x0800321c                MX_USART1_UART_Init
 .text.MX_USART2_UART_Init
                0x08003250       0x34 CMakeFiles/AccessControl_V2.elf.dir/Core/Src/usart.c.obj
                0x08003250                MX_USART2_UART_Init
 .text.HAL_UART_MspInit
                0x08003284       0x98 CMakeFiles/AccessControl_V2.elf.dir/Core/Src/usart.c.obj
                0x08003284                HAL_UART_MspInit
 .text.information_init
                0x0800331c      0x12c CMakeFiles/AccessControl_V2.elf.dir/Core/Src/userinfo.c.obj
                0x0800331c                information_init
 .text.reflash_information
                0x08003448       0x8c CMakeFiles/AccessControl_V2.elf.dir/Core/Src/userinfo.c.obj
                0x08003448                reflash_information
 .text.W25QXX_ReadSR
                0x080034d4       0x30 CMakeFiles/AccessControl_V2.elf.dir/Core/Src/w25qxx.c.obj
                0x080034d4                W25QXX_ReadSR
 .text.W25QXX_Write_Enable
                0x08003504       0x18 CMakeFiles/AccessControl_V2.elf.dir/Core/Src/w25qxx.c.obj
                0x08003504                W25QXX_Write_Enable
 .text.W25QXX_ReadID
                0x0800351c       0x40 CMakeFiles/AccessControl_V2.elf.dir/Core/Src/w25qxx.c.obj
                0x0800351c                W25QXX_ReadID
 .text.W25QXX_Init
                0x0800355c       0xa4 CMakeFiles/AccessControl_V2.elf.dir/Core/Src/w25qxx.c.obj
                0x0800355c                W25QXX_Init
 .text.W25QXX_Read
                0x08003600       0x64 CMakeFiles/AccessControl_V2.elf.dir/Core/Src/w25qxx.c.obj
                0x08003600                W25QXX_Read
 .text.W25QXX_Wait_Busy
                0x08003664       0x10 CMakeFiles/AccessControl_V2.elf.dir/Core/Src/w25qxx.c.obj
                0x08003664                W25QXX_Wait_Busy
 .text.W25QXX_Write_Page
                0x08003674       0x68 CMakeFiles/AccessControl_V2.elf.dir/Core/Src/w25qxx.c.obj
                0x08003674                W25QXX_Write_Page
 .text.W25QXX_Write_NoCheck
                0x080036dc       0x3e CMakeFiles/AccessControl_V2.elf.dir/Core/Src/w25qxx.c.obj
                0x080036dc                W25QXX_Write_NoCheck
 *fill*         0x0800371a        0x2 
 .text.W25QXX_Erase_Sector
                0x0800371c       0x58 CMakeFiles/AccessControl_V2.elf.dir/Core/Src/w25qxx.c.obj
                0x0800371c                W25QXX_Erase_Sector
 .text.W25QXX_Write
                0x08003774       0xa4 CMakeFiles/AccessControl_V2.elf.dir/Core/Src/w25qxx.c.obj
                0x08003774                W25QXX_Write
 .text.HAL_InitTick
                0x08003818       0x4c CMakeFiles/AccessControl_V2.elf.dir/Drivers/STM32F1xx_HAL_Driver/Src/stm32f1xx_hal.c.obj
                0x08003818                HAL_InitTick
 .text.HAL_Init
                0x08003864       0x24 CMakeFiles/AccessControl_V2.elf.dir/Drivers/STM32F1xx_HAL_Driver/Src/stm32f1xx_hal.c.obj
                0x08003864                HAL_Init
 .text.HAL_IncTick
                0x08003888       0x18 CMakeFiles/AccessControl_V2.elf.dir/Drivers/STM32F1xx_HAL_Driver/Src/stm32f1xx_hal.c.obj
                0x08003888                HAL_IncTick
 .text.HAL_GetTick
                0x080038a0        0xc CMakeFiles/AccessControl_V2.elf.dir/Drivers/STM32F1xx_HAL_Driver/Src/stm32f1xx_hal.c.obj
                0x080038a0                HAL_GetTick
 .text.HAL_NVIC_SetPriorityGrouping
                0x080038ac       0x24 CMakeFiles/AccessControl_V2.elf.dir/Drivers/STM32F1xx_HAL_Driver/Src/stm32f1xx_hal_cortex.c.obj
                0x080038ac                HAL_NVIC_SetPriorityGrouping
 .text.HAL_NVIC_SetPriority
                0x080038d0       0x68 CMakeFiles/AccessControl_V2.elf.dir/Drivers/STM32F1xx_HAL_Driver/Src/stm32f1xx_hal_cortex.c.obj
                0x080038d0                HAL_NVIC_SetPriority
 .text.HAL_NVIC_EnableIRQ
                0x08003938       0x1c CMakeFiles/AccessControl_V2.elf.dir/Drivers/STM32F1xx_HAL_Driver/Src/stm32f1xx_hal_cortex.c.obj
                0x08003938                HAL_NVIC_EnableIRQ
 .text.HAL_SYSTICK_Config
                0x08003954       0x2c CMakeFiles/AccessControl_V2.elf.dir/Drivers/STM32F1xx_HAL_Driver/Src/stm32f1xx_hal_cortex.c.obj
                0x08003954                HAL_SYSTICK_Config
 .text.HAL_SYSTICK_CLKSourceConfig
                0x08003980       0x20 CMakeFiles/AccessControl_V2.elf.dir/Drivers/STM32F1xx_HAL_Driver/Src/stm32f1xx_hal_cortex.c.obj
                0x08003980                HAL_SYSTICK_CLKSourceConfig
 .text.HAL_GPIO_Init
                0x080039a0      0x238 CMakeFiles/AccessControl_V2.elf.dir/Drivers/STM32F1xx_HAL_Driver/Src/stm32f1xx_hal_gpio.c.obj
                0x080039a0                HAL_GPIO_Init
 .text.HAL_GPIO_WritePin
                0x08003bd8        0xc CMakeFiles/AccessControl_V2.elf.dir/Drivers/STM32F1xx_HAL_Driver/Src/stm32f1xx_hal_gpio.c.obj
                0x08003bd8                HAL_GPIO_WritePin
 .text.HAL_PWR_EnableBkUpAccess
                0x08003be4        0xc CMakeFiles/AccessControl_V2.elf.dir/Drivers/STM32F1xx_HAL_Driver/Src/stm32f1xx_hal_pwr.c.obj
                0x08003be4                HAL_PWR_EnableBkUpAccess
 .text.RCC_Delay
                0x08003bf0       0x2c CMakeFiles/AccessControl_V2.elf.dir/Drivers/STM32F1xx_HAL_Driver/Src/stm32f1xx_hal_rcc.c.obj
 .text.HAL_RCC_OscConfig
                0x08003c1c      0x410 CMakeFiles/AccessControl_V2.elf.dir/Drivers/STM32F1xx_HAL_Driver/Src/stm32f1xx_hal_rcc.c.obj
                0x08003c1c                HAL_RCC_OscConfig
 .text.HAL_RCC_EnableCSS
                0x0800402c        0xc CMakeFiles/AccessControl_V2.elf.dir/Drivers/STM32F1xx_HAL_Driver/Src/stm32f1xx_hal_rcc.c.obj
                0x0800402c                HAL_RCC_EnableCSS
 .text.HAL_RCC_GetSysClockFreq
                0x08004038       0x78 CMakeFiles/AccessControl_V2.elf.dir/Drivers/STM32F1xx_HAL_Driver/Src/stm32f1xx_hal_rcc.c.obj
                0x08004038                HAL_RCC_GetSysClockFreq
 .text.HAL_RCC_ClockConfig
                0x080040b0      0x16c CMakeFiles/AccessControl_V2.elf.dir/Drivers/STM32F1xx_HAL_Driver/Src/stm32f1xx_hal_rcc.c.obj
                0x080040b0                HAL_RCC_ClockConfig
 .text.HAL_RCC_GetHCLKFreq
                0x0800421c        0xc CMakeFiles/AccessControl_V2.elf.dir/Drivers/STM32F1xx_HAL_Driver/Src/stm32f1xx_hal_rcc.c.obj
                0x0800421c                HAL_RCC_GetHCLKFreq
 .text.HAL_RCC_GetPCLK1Freq
                0x08004228       0x20 CMakeFiles/AccessControl_V2.elf.dir/Drivers/STM32F1xx_HAL_Driver/Src/stm32f1xx_hal_rcc.c.obj
                0x08004228                HAL_RCC_GetPCLK1Freq
 .text.HAL_RCC_GetPCLK2Freq
                0x08004248       0x20 CMakeFiles/AccessControl_V2.elf.dir/Drivers/STM32F1xx_HAL_Driver/Src/stm32f1xx_hal_rcc.c.obj
                0x08004248                HAL_RCC_GetPCLK2Freq
 .text.HAL_RCC_CSSCallback
                0x08004268        0x2 CMakeFiles/AccessControl_V2.elf.dir/Drivers/STM32F1xx_HAL_Driver/Src/stm32f1xx_hal_rcc.c.obj
                0x08004268                HAL_RCC_CSSCallback
 *fill*         0x0800426a        0x2 
 .text.HAL_RCC_NMI_IRQHandler
                0x0800426c       0x24 CMakeFiles/AccessControl_V2.elf.dir/Drivers/STM32F1xx_HAL_Driver/Src/stm32f1xx_hal_rcc.c.obj
                0x0800426c                HAL_RCC_NMI_IRQHandler
 .text.HAL_RCCEx_PeriphCLKConfig
                0x08004290      0x114 CMakeFiles/AccessControl_V2.elf.dir/Drivers/STM32F1xx_HAL_Driver/Src/stm32f1xx_hal_rcc_ex.c.obj
                0x08004290                HAL_RCCEx_PeriphCLKConfig
 .text.HAL_RCCEx_GetPeriphCLKFreq
                0x080043a4      0x110 CMakeFiles/AccessControl_V2.elf.dir/Drivers/STM32F1xx_HAL_Driver/Src/stm32f1xx_hal_rcc_ex.c.obj
                0x080043a4                HAL_RCCEx_GetPeriphCLKFreq
 .text.RTC_EnterInitMode
                0x080044b4       0x30 CMakeFiles/AccessControl_V2.elf.dir/Drivers/STM32F1xx_HAL_Driver/Src/stm32f1xx_hal_rtc.c.obj
 .text.RTC_ExitInitMode
                0x080044e4       0x32 CMakeFiles/AccessControl_V2.elf.dir/Drivers/STM32F1xx_HAL_Driver/Src/stm32f1xx_hal_rtc.c.obj
 .text.HAL_RTC_WaitForSynchro
                0x08004516       0x38 CMakeFiles/AccessControl_V2.elf.dir/Drivers/STM32F1xx_HAL_Driver/Src/stm32f1xx_hal_rtc.c.obj
                0x08004516                HAL_RTC_WaitForSynchro
 *fill*         0x0800454e        0x2 
 .text.HAL_RTC_Init
                0x08004550       0xbc CMakeFiles/AccessControl_V2.elf.dir/Drivers/STM32F1xx_HAL_Driver/Src/stm32f1xx_hal_rtc.c.obj
                0x08004550                HAL_RTC_Init
 .text.SPI_WaitFlagStateUntilTimeout
                0x0800460c       0xd0 CMakeFiles/AccessControl_V2.elf.dir/Drivers/STM32F1xx_HAL_Driver/Src/stm32f1xx_hal_spi.c.obj
 .text.SPI_EndRxTxTransaction
                0x080046dc       0x24 CMakeFiles/AccessControl_V2.elf.dir/Drivers/STM32F1xx_HAL_Driver/Src/stm32f1xx_hal_spi.c.obj
 .text.HAL_SPI_Init
                0x08004700       0xb6 CMakeFiles/AccessControl_V2.elf.dir/Drivers/STM32F1xx_HAL_Driver/Src/stm32f1xx_hal_spi.c.obj
                0x08004700                HAL_SPI_Init
 .text.HAL_SPI_TransmitReceive
                0x080047b6      0x238 CMakeFiles/AccessControl_V2.elf.dir/Drivers/STM32F1xx_HAL_Driver/Src/stm32f1xx_hal_spi.c.obj
                0x080047b6                HAL_SPI_TransmitReceive
 .text.TIM_TI2_SetConfig
                0x080049ee       0x34 CMakeFiles/AccessControl_V2.elf.dir/Drivers/STM32F1xx_HAL_Driver/Src/stm32f1xx_hal_tim.c.obj
 .text.TIM_TI3_SetConfig
                0x08004a22       0x32 CMakeFiles/AccessControl_V2.elf.dir/Drivers/STM32F1xx_HAL_Driver/Src/stm32f1xx_hal_tim.c.obj
 .text.TIM_TI4_SetConfig
                0x08004a54       0x34 CMakeFiles/AccessControl_V2.elf.dir/Drivers/STM32F1xx_HAL_Driver/Src/stm32f1xx_hal_tim.c.obj
 .text.HAL_TIM_ReadCapturedValue
                0x08004a88       0x32 CMakeFiles/AccessControl_V2.elf.dir/Drivers/STM32F1xx_HAL_Driver/Src/stm32f1xx_hal_tim.c.obj
                0x08004a88                HAL_TIM_ReadCapturedValue
 .text.HAL_TIM_OC_DelayElapsedCallback
                0x08004aba        0x2 CMakeFiles/AccessControl_V2.elf.dir/Drivers/STM32F1xx_HAL_Driver/Src/stm32f1xx_hal_tim.c.obj
                0x08004aba                HAL_TIM_OC_DelayElapsedCallback
 .text.HAL_TIM_PWM_PulseFinishedCallback
                0x08004abc        0x2 CMakeFiles/AccessControl_V2.elf.dir/Drivers/STM32F1xx_HAL_Driver/Src/stm32f1xx_hal_tim.c.obj
                0x08004abc                HAL_TIM_PWM_PulseFinishedCallback
 .text.HAL_TIM_TriggerCallback
                0x08004abe        0x2 CMakeFiles/AccessControl_V2.elf.dir/Drivers/STM32F1xx_HAL_Driver/Src/stm32f1xx_hal_tim.c.obj
                0x08004abe                HAL_TIM_TriggerCallback
 .text.HAL_TIM_IRQHandler
                0x08004ac0      0x17a CMakeFiles/AccessControl_V2.elf.dir/Drivers/STM32F1xx_HAL_Driver/Src/stm32f1xx_hal_tim.c.obj
                0x08004ac0                HAL_TIM_IRQHandler
 *fill*         0x08004c3a        0x2 
 .text.TIM_Base_SetConfig
                0x08004c3c       0x98 CMakeFiles/AccessControl_V2.elf.dir/Drivers/STM32F1xx_HAL_Driver/Src/stm32f1xx_hal_tim.c.obj
                0x08004c3c                TIM_Base_SetConfig
 .text.HAL_TIM_IC_Init
                0x08004cd4       0x58 CMakeFiles/AccessControl_V2.elf.dir/Drivers/STM32F1xx_HAL_Driver/Src/stm32f1xx_hal_tim.c.obj
                0x08004cd4                HAL_TIM_IC_Init
 .text.TIM_TI1_SetConfig
                0x08004d2c       0x68 CMakeFiles/AccessControl_V2.elf.dir/Drivers/STM32F1xx_HAL_Driver/Src/stm32f1xx_hal_tim.c.obj
                0x08004d2c                TIM_TI1_SetConfig
 .text.HAL_TIM_IC_ConfigChannel
                0x08004d94       0xb4 CMakeFiles/AccessControl_V2.elf.dir/Drivers/STM32F1xx_HAL_Driver/Src/stm32f1xx_hal_tim.c.obj
                0x08004d94                HAL_TIM_IC_ConfigChannel
 .text.TIM_CCxChannelCmd
                0x08004e48       0x22 CMakeFiles/AccessControl_V2.elf.dir/Drivers/STM32F1xx_HAL_Driver/Src/stm32f1xx_hal_tim.c.obj
                0x08004e48                TIM_CCxChannelCmd
 *fill*         0x08004e6a        0x2 
 .text.HAL_TIM_IC_Start_IT
                0x08004e6c      0x160 CMakeFiles/AccessControl_V2.elf.dir/Drivers/STM32F1xx_HAL_Driver/Src/stm32f1xx_hal_tim.c.obj
                0x08004e6c                HAL_TIM_IC_Start_IT
 .text.HAL_TIMEx_CommutCallback
                0x08004fcc        0x2 CMakeFiles/AccessControl_V2.elf.dir/Drivers/STM32F1xx_HAL_Driver/Src/stm32f1xx_hal_tim_ex.c.obj
                0x08004fcc                HAL_TIMEx_CommutCallback
 .text.HAL_TIMEx_BreakCallback
                0x08004fce        0x2 CMakeFiles/AccessControl_V2.elf.dir/Drivers/STM32F1xx_HAL_Driver/Src/stm32f1xx_hal_tim_ex.c.obj
                0x08004fce                HAL_TIMEx_BreakCallback
 .text.UART_SetConfig
                0x08004fd0       0x90 CMakeFiles/AccessControl_V2.elf.dir/Drivers/STM32F1xx_HAL_Driver/Src/stm32f1xx_hal_uart.c.obj
 .text.UART_WaitOnFlagUntilTimeout
                0x08005060       0x68 CMakeFiles/AccessControl_V2.elf.dir/Drivers/STM32F1xx_HAL_Driver/Src/stm32f1xx_hal_uart.c.obj
 .text.HAL_UART_Init
                0x080050c8       0x5e CMakeFiles/AccessControl_V2.elf.dir/Drivers/STM32F1xx_HAL_Driver/Src/stm32f1xx_hal_uart.c.obj
                0x080050c8                HAL_UART_Init
 .text.HAL_UART_Transmit
                0x08005126       0xd8 CMakeFiles/AccessControl_V2.elf.dir/Drivers/STM32F1xx_HAL_Driver/Src/stm32f1xx_hal_uart.c.obj
                0x08005126                HAL_UART_Transmit
 .text.HAL_UART_Receive
                0x080051fe       0xe2 CMakeFiles/AccessControl_V2.elf.dir/Drivers/STM32F1xx_HAL_Driver/Src/stm32f1xx_hal_uart.c.obj
                0x080051fe                HAL_UART_Receive
 .text.Reset_Handler
                0x080052e0       0x48 CMakeFiles/AccessControl_V2.elf.dir/startup/startup_stm32f103xe.s.obj
                0x080052e0                Reset_Handler
 .text.Default_Handler
                0x08005328        0x2 CMakeFiles/AccessControl_V2.elf.dir/startup/startup_stm32f103xe.s.obj
                0x08005328                RTC_Alarm_IRQHandler
                0x08005328                EXTI2_IRQHandler
                0x08005328                TIM8_TRG_COM_IRQHandler
                0x08005328                TIM8_CC_IRQHandler
                0x08005328                TIM1_CC_IRQHandler
                0x08005328                TIM6_IRQHandler
                0x08005328                PVD_IRQHandler
                0x08005328                SDIO_IRQHandler
                0x08005328                EXTI3_IRQHandler
                0x08005328                EXTI0_IRQHandler
                0x08005328                I2C2_EV_IRQHandler
                0x08005328                ADC1_2_IRQHandler
                0x08005328                SPI1_IRQHandler
                0x08005328                TAMPER_IRQHandler
                0x08005328                TIM8_UP_IRQHandler
                0x08005328                DMA2_Channel2_IRQHandler
                0x08005328                DMA1_Channel4_IRQHandler
                0x08005328                USART3_IRQHandler
                0x08005328                RTC_IRQHandler
                0x08005328                DMA1_Channel7_IRQHandler
                0x08005328                CAN1_RX1_IRQHandler
                0x08005328                UART5_IRQHandler
                0x08005328                ADC3_IRQHandler
                0x08005328                DMA2_Channel1_IRQHandler
                0x08005328                I2C1_EV_IRQHandler
                0x08005328                DMA1_Channel6_IRQHandler
                0x08005328                UART4_IRQHandler
                0x08005328                TIM3_IRQHandler
                0x08005328                RCC_IRQHandler
                0x08005328                TIM1_TRG_COM_IRQHandler
                0x08005328                DMA1_Channel1_IRQHandler
                0x08005328                Default_Handler
                0x08005328                EXTI15_10_IRQHandler
                0x08005328                TIM7_IRQHandler
                0x08005328                TIM5_IRQHandler
                0x08005328                EXTI9_5_IRQHandler
                0x08005328                SPI2_IRQHandler
                0x08005328                DMA1_Channel5_IRQHandler
                0x08005328                EXTI4_IRQHandler
                0x08005328                USB_LP_CAN1_RX0_IRQHandler
                0x08005328                USB_HP_CAN1_TX_IRQHandler
                0x08005328                DMA1_Channel3_IRQHandler
                0x08005328                FSMC_IRQHandler
                0x08005328                TIM1_UP_IRQHandler
                0x08005328                WWDG_IRQHandler
                0x08005328                TIM2_IRQHandler
                0x08005328                TIM1_BRK_IRQHandler
                0x08005328                EXTI1_IRQHandler
                0x08005328                DMA2_Channel4_5_IRQHandler
                0x08005328                USART2_IRQHandler
                0x08005328                I2C2_ER_IRQHandler
                0x08005328                DMA1_Channel2_IRQHandler
                0x08005328                TIM8_BRK_IRQHandler
                0x08005328                CAN1_SCE_IRQHandler
                0x08005328                FLASH_IRQHandler
                0x08005328                USART1_IRQHandler
                0x08005328                SPI3_IRQHandler
                0x08005328                I2C1_ER_IRQHandler
                0x08005328                USBWakeUp_IRQHandler
                0x08005328                DMA2_Channel3_IRQHandler
 *fill*         0x0800532a        0x2 
 .text.__errno  0x0800532c        0xc d:/jetbrains/gcc-arm-none-eabi/bin/../lib/gcc/arm-none-eabi/9.3.1/../../../../arm-none-eabi/lib/thumb/v7-m/nofp\libg.a(lib_a-errno.o)
                0x0800532c                __errno
 .text.__libc_init_array
                0x08005338       0x48 d:/jetbrains/gcc-arm-none-eabi/bin/../lib/gcc/arm-none-eabi/9.3.1/../../../../arm-none-eabi/lib/thumb/v7-m/nofp\libg.a(lib_a-init.o)
                0x08005338                __libc_init_array
 .text.memset   0x08005380       0xa0 d:/jetbrains/gcc-arm-none-eabi/bin/../lib/gcc/arm-none-eabi/9.3.1/../../../../arm-none-eabi/lib/thumb/v7-m/nofp\libg.a(lib_a-memset.o)
                0x08005380                memset
 .text.printf   0x08005420       0x28 d:/jetbrains/gcc-arm-none-eabi/bin/../lib/gcc/arm-none-eabi/9.3.1/../../../../arm-none-eabi/lib/thumb/v7-m/nofp\libg.a(lib_a-printf.o)
                0x08005420                printf
 .text._puts_r  0x08005448       0x9c d:/jetbrains/gcc-arm-none-eabi/bin/../lib/gcc/arm-none-eabi/9.3.1/../../../../arm-none-eabi/lib/thumb/v7-m/nofp\libg.a(lib_a-puts.o)
                0x08005448                _puts_r
 .text.puts     0x080054e4       0x10 d:/jetbrains/gcc-arm-none-eabi/bin/../lib/gcc/arm-none-eabi/9.3.1/../../../../arm-none-eabi/lib/thumb/v7-m/nofp\libg.a(lib_a-puts.o)
                0x080054e4                puts
 .text.setvbuf  0x080054f4      0x1a0 d:/jetbrains/gcc-arm-none-eabi/bin/../lib/gcc/arm-none-eabi/9.3.1/../../../../arm-none-eabi/lib/thumb/v7-m/nofp\libg.a(lib_a-setvbuf.o)
                0x080054f4                setvbuf
 .text.strlen   0x08005694       0x5c d:/jetbrains/gcc-arm-none-eabi/bin/../lib/gcc/arm-none-eabi/9.3.1/../../../../arm-none-eabi/lib/thumb/v7-m/nofp\libg.a(lib_a-strlen-stub.o)
                0x08005694                strlen
 .text._vfprintf_r
                0x080056f0     0x1c18 d:/jetbrains/gcc-arm-none-eabi/bin/../lib/gcc/arm-none-eabi/9.3.1/../../../../arm-none-eabi/lib/thumb/v7-m/nofp\libg.a(lib_a-vfprintf.o)
                0x080056f0                _vfprintf_r
 .text.__sbprintf
                0x08007308       0x88 d:/jetbrains/gcc-arm-none-eabi/bin/../lib/gcc/arm-none-eabi/9.3.1/../../../../arm-none-eabi/lib/thumb/v7-m/nofp\libg.a(lib_a-vfprintf.o)
 .text.__swsetup_r
                0x08007390       0xd0 d:/jetbrains/gcc-arm-none-eabi/bin/../lib/gcc/arm-none-eabi/9.3.1/../../../../arm-none-eabi/lib/thumb/v7-m/nofp\libg.a(lib_a-wsetup.o)
                0x08007390                __swsetup_r
 .text.startup.register_fini
                0x08007460       0x14 d:/jetbrains/gcc-arm-none-eabi/bin/../lib/gcc/arm-none-eabi/9.3.1/../../../../arm-none-eabi/lib/thumb/v7-m/nofp\libg.a(lib_a-__call_atexit.o)
 .text.atexit   0x08007474        0xc d:/jetbrains/gcc-arm-none-eabi/bin/../lib/gcc/arm-none-eabi/9.3.1/../../../../arm-none-eabi/lib/thumb/v7-m/nofp\libg.a(lib_a-atexit.o)
                0x08007474                atexit
 .text.quorem   0x08007480      0x120 d:/jetbrains/gcc-arm-none-eabi/bin/../lib/gcc/arm-none-eabi/9.3.1/../../../../arm-none-eabi/lib/thumb/v7-m/nofp\libg.a(lib_a-dtoa.o)
 .text._dtoa_r  0x080075a0      0xec8 d:/jetbrains/gcc-arm-none-eabi/bin/../lib/gcc/arm-none-eabi/9.3.1/../../../../arm-none-eabi/lib/thumb/v7-m/nofp\libg.a(lib_a-dtoa.o)
                0x080075a0                _dtoa_r
 .text.__sflush_r
                0x08008468      0x130 d:/jetbrains/gcc-arm-none-eabi/bin/../lib/gcc/arm-none-eabi/9.3.1/../../../../arm-none-eabi/lib/thumb/v7-m/nofp\libg.a(lib_a-fflush.o)
                0x08008468                __sflush_r
 .text._fflush_r
                0x08008598       0x5c d:/jetbrains/gcc-arm-none-eabi/bin/../lib/gcc/arm-none-eabi/9.3.1/../../../../arm-none-eabi/lib/thumb/v7-m/nofp\libg.a(lib_a-fflush.o)
                0x08008598                _fflush_r
 .text.std      0x080085f4       0x50 d:/jetbrains/gcc-arm-none-eabi/bin/../lib/gcc/arm-none-eabi/9.3.1/../../../../arm-none-eabi/lib/thumb/v7-m/nofp\libg.a(lib_a-findfp.o)
 .text._cleanup_r
                0x08008644        0xc d:/jetbrains/gcc-arm-none-eabi/bin/../lib/gcc/arm-none-eabi/9.3.1/../../../../arm-none-eabi/lib/thumb/v7-m/nofp\libg.a(lib_a-findfp.o)
                0x08008644                _cleanup_r
 .text.__sinit  0x08008650       0x5c d:/jetbrains/gcc-arm-none-eabi/bin/../lib/gcc/arm-none-eabi/9.3.1/../../../../arm-none-eabi/lib/thumb/v7-m/nofp\libg.a(lib_a-findfp.o)
                0x08008650                __sinit
 .text.__sfp_lock_acquire
                0x080086ac        0xc d:/jetbrains/gcc-arm-none-eabi/bin/../lib/gcc/arm-none-eabi/9.3.1/../../../../arm-none-eabi/lib/thumb/v7-m/nofp\libg.a(lib_a-findfp.o)
                0x080086ac                __sfp_lock_acquire
 .text.__sfp_lock_release
                0x080086b8        0xc d:/jetbrains/gcc-arm-none-eabi/bin/../lib/gcc/arm-none-eabi/9.3.1/../../../../arm-none-eabi/lib/thumb/v7-m/nofp\libg.a(lib_a-findfp.o)
                0x080086b8                __sfp_lock_release
 .text.__libc_fini_array
                0x080086c4       0x2c d:/jetbrains/gcc-arm-none-eabi/bin/../lib/gcc/arm-none-eabi/9.3.1/../../../../arm-none-eabi/lib/thumb/v7-m/nofp\libg.a(lib_a-fini.o)
                0x080086c4                __libc_fini_array
 .text._malloc_trim_r
                0x080086f0       0xa0 d:/jetbrains/gcc-arm-none-eabi/bin/../lib/gcc/arm-none-eabi/9.3.1/../../../../arm-none-eabi/lib/thumb/v7-m/nofp\libg.a(lib_a-freer.o)
                0x080086f0                _malloc_trim_r
 .text._free_r  0x08008790      0x20c d:/jetbrains/gcc-arm-none-eabi/bin/../lib/gcc/arm-none-eabi/9.3.1/../../../../arm-none-eabi/lib/thumb/v7-m/nofp\libg.a(lib_a-freer.o)
                0x08008790                _free_r
 .text.__sfvwrite_r
                0x0800899c      0x2ec d:/jetbrains/gcc-arm-none-eabi/bin/../lib/gcc/arm-none-eabi/9.3.1/../../../../arm-none-eabi/lib/thumb/v7-m/nofp\libg.a(lib_a-fvwrite.o)
                0x0800899c                __sfvwrite_r
 .text._fwalk_reent
                0x08008c88       0x48 d:/jetbrains/gcc-arm-none-eabi/bin/../lib/gcc/arm-none-eabi/9.3.1/../../../../arm-none-eabi/lib/thumb/v7-m/nofp\libg.a(lib_a-fwalk.o)
                0x08008c88                _fwalk_reent
 .text._localeconv_r
                0x08008cd0        0x8 d:/jetbrains/gcc-arm-none-eabi/bin/../lib/gcc/arm-none-eabi/9.3.1/../../../../arm-none-eabi/lib/thumb/v7-m/nofp\libg.a(lib_a-localeconv.o)
                0x08008cd0                _localeconv_r
 .text.__retarget_lock_init_recursive
                0x08008cd8        0x4 d:/jetbrains/gcc-arm-none-eabi/bin/../lib/gcc/arm-none-eabi/9.3.1/../../../../arm-none-eabi/lib/thumb/v7-m/nofp\libg.a(lib_a-lock.o)
                0x08008cd8                __retarget_lock_init_recursive
 .text.__retarget_lock_close_recursive
                0x08008cdc        0x4 d:/jetbrains/gcc-arm-none-eabi/bin/../lib/gcc/arm-none-eabi/9.3.1/../../../../arm-none-eabi/lib/thumb/v7-m/nofp\libg.a(lib_a-lock.o)
                0x08008cdc                __retarget_lock_close_recursive
 .text.__retarget_lock_acquire_recursive
                0x08008ce0        0x4 d:/jetbrains/gcc-arm-none-eabi/bin/../lib/gcc/arm-none-eabi/9.3.1/../../../../arm-none-eabi/lib/thumb/v7-m/nofp\libg.a(lib_a-lock.o)
                0x08008ce0                __retarget_lock_acquire_recursive
 .text.__retarget_lock_release_recursive
                0x08008ce4        0x4 d:/jetbrains/gcc-arm-none-eabi/bin/../lib/gcc/arm-none-eabi/9.3.1/../../../../arm-none-eabi/lib/thumb/v7-m/nofp\libg.a(lib_a-lock.o)
                0x08008ce4                __retarget_lock_release_recursive
 .text.__swhatbuf_r
                0x08008ce8       0x5c d:/jetbrains/gcc-arm-none-eabi/bin/../lib/gcc/arm-none-eabi/9.3.1/../../../../arm-none-eabi/lib/thumb/v7-m/nofp\libg.a(lib_a-makebuf.o)
                0x08008ce8                __swhatbuf_r
 .text.__smakebuf_r
                0x08008d44       0x94 d:/jetbrains/gcc-arm-none-eabi/bin/../lib/gcc/arm-none-eabi/9.3.1/../../../../arm-none-eabi/lib/thumb/v7-m/nofp\libg.a(lib_a-makebuf.o)
                0x08008d44                __smakebuf_r
 .text.malloc   0x08008dd8       0x10 d:/jetbrains/gcc-arm-none-eabi/bin/../lib/gcc/arm-none-eabi/9.3.1/../../../../arm-none-eabi/lib/thumb/v7-m/nofp\libg.a(lib_a-malloc.o)
                0x08008dd8                malloc
 .text._malloc_r
                0x08008de8      0x55c d:/jetbrains/gcc-arm-none-eabi/bin/../lib/gcc/arm-none-eabi/9.3.1/../../../../arm-none-eabi/lib/thumb/v7-m/nofp\libg.a(lib_a-mallocr.o)
                0x08008de8                _malloc_r
 .text.memchr   0x08009344       0x80 d:/jetbrains/gcc-arm-none-eabi/bin/../lib/gcc/arm-none-eabi/9.3.1/../../../../arm-none-eabi/lib/thumb/v7-m/nofp\libg.a(lib_a-memchr-stub.o)
                0x08009344                memchr
 .text.memmove  0x080093c4       0xd4 d:/jetbrains/gcc-arm-none-eabi/bin/../lib/gcc/arm-none-eabi/9.3.1/../../../../arm-none-eabi/lib/thumb/v7-m/nofp\libg.a(lib_a-memmove.o)
                0x080093c4                memmove
 .text.__malloc_lock
                0x08009498        0xc d:/jetbrains/gcc-arm-none-eabi/bin/../lib/gcc/arm-none-eabi/9.3.1/../../../../arm-none-eabi/lib/thumb/v7-m/nofp\libg.a(lib_a-mlock.o)
                0x08009498                __malloc_lock
 .text.__malloc_unlock
                0x080094a4        0xc d:/jetbrains/gcc-arm-none-eabi/bin/../lib/gcc/arm-none-eabi/9.3.1/../../../../arm-none-eabi/lib/thumb/v7-m/nofp\libg.a(lib_a-mlock.o)
                0x080094a4                __malloc_unlock
 .text._Balloc  0x080094b0       0x4c d:/jetbrains/gcc-arm-none-eabi/bin/../lib/gcc/arm-none-eabi/9.3.1/../../../../arm-none-eabi/lib/thumb/v7-m/nofp\libg.a(lib_a-mprec.o)
                0x080094b0                _Balloc
 .text._Bfree   0x080094fc       0x14 d:/jetbrains/gcc-arm-none-eabi/bin/../lib/gcc/arm-none-eabi/9.3.1/../../../../arm-none-eabi/lib/thumb/v7-m/nofp\libg.a(lib_a-mprec.o)
                0x080094fc                _Bfree
 .text.__multadd
                0x08009510       0x9c d:/jetbrains/gcc-arm-none-eabi/bin/../lib/gcc/arm-none-eabi/9.3.1/../../../../arm-none-eabi/lib/thumb/v7-m/nofp\libg.a(lib_a-mprec.o)
                0x08009510                __multadd
 .text.__hi0bits
                0x080095ac       0x40 d:/jetbrains/gcc-arm-none-eabi/bin/../lib/gcc/arm-none-eabi/9.3.1/../../../../arm-none-eabi/lib/thumb/v7-m/nofp\libg.a(lib_a-mprec.o)
                0x080095ac                __hi0bits
 .text.__lo0bits
                0x080095ec       0x60 d:/jetbrains/gcc-arm-none-eabi/bin/../lib/gcc/arm-none-eabi/9.3.1/../../../../arm-none-eabi/lib/thumb/v7-m/nofp\libg.a(lib_a-mprec.o)
                0x080095ec                __lo0bits
 .text.__i2b    0x0800964c       0x2c d:/jetbrains/gcc-arm-none-eabi/bin/../lib/gcc/arm-none-eabi/9.3.1/../../../../arm-none-eabi/lib/thumb/v7-m/nofp\libg.a(lib_a-mprec.o)
                0x0800964c                __i2b
 .text.__multiply
                0x08009678      0x160 d:/jetbrains/gcc-arm-none-eabi/bin/../lib/gcc/arm-none-eabi/9.3.1/../../../../arm-none-eabi/lib/thumb/v7-m/nofp\libg.a(lib_a-mprec.o)
                0x08009678                __multiply
 .text.__pow5mult
                0x080097d8       0x98 d:/jetbrains/gcc-arm-none-eabi/bin/../lib/gcc/arm-none-eabi/9.3.1/../../../../arm-none-eabi/lib/thumb/v7-m/nofp\libg.a(lib_a-mprec.o)
                0x080097d8                __pow5mult
 .text.__lshift
                0x08009870       0xe8 d:/jetbrains/gcc-arm-none-eabi/bin/../lib/gcc/arm-none-eabi/9.3.1/../../../../arm-none-eabi/lib/thumb/v7-m/nofp\libg.a(lib_a-mprec.o)
                0x08009870                __lshift
 .text.__mcmp   0x08009958       0x3c d:/jetbrains/gcc-arm-none-eabi/bin/../lib/gcc/arm-none-eabi/9.3.1/../../../../arm-none-eabi/lib/thumb/v7-m/nofp\libg.a(lib_a-mprec.o)
                0x08009958                __mcmp
 .text.__mdiff  0x08009994      0x150 d:/jetbrains/gcc-arm-none-eabi/bin/../lib/gcc/arm-none-eabi/9.3.1/../../../../arm-none-eabi/lib/thumb/v7-m/nofp\libg.a(lib_a-mprec.o)
                0x08009994                __mdiff
 .text.__d2b    0x08009ae4       0xc4 d:/jetbrains/gcc-arm-none-eabi/bin/../lib/gcc/arm-none-eabi/9.3.1/../../../../arm-none-eabi/lib/thumb/v7-m/nofp\libg.a(lib_a-mprec.o)
                0x08009ae4                __d2b
 .text._realloc_r
                0x08009ba8      0x3e0 d:/jetbrains/gcc-arm-none-eabi/bin/../lib/gcc/arm-none-eabi/9.3.1/../../../../arm-none-eabi/lib/thumb/v7-m/nofp\libg.a(lib_a-reallocr.o)
                0x08009ba8                _realloc_r
 .text.frexp    0x08009f88       0x70 d:/jetbrains/gcc-arm-none-eabi/bin/../lib/gcc/arm-none-eabi/9.3.1/../../../../arm-none-eabi/lib/thumb/v7-m/nofp\libg.a(lib_a-s_frexp.o)
                0x08009f88                frexp
 .text._sbrk_r  0x08009ff8       0x24 d:/jetbrains/gcc-arm-none-eabi/bin/../lib/gcc/arm-none-eabi/9.3.1/../../../../arm-none-eabi/lib/thumb/v7-m/nofp\libg.a(lib_a-sbrkr.o)
                0x08009ff8                _sbrk_r
 .text.__sread  0x0800a01c       0x24 d:/jetbrains/gcc-arm-none-eabi/bin/../lib/gcc/arm-none-eabi/9.3.1/../../../../arm-none-eabi/lib/thumb/v7-m/nofp\libg.a(lib_a-stdio.o)
                0x0800a01c                __sread
 .text.__swrite
                0x0800a040       0x40 d:/jetbrains/gcc-arm-none-eabi/bin/../lib/gcc/arm-none-eabi/9.3.1/../../../../arm-none-eabi/lib/thumb/v7-m/nofp\libg.a(lib_a-stdio.o)
                0x0800a040                __swrite
 .text.__sseek  0x0800a080       0x20 d:/jetbrains/gcc-arm-none-eabi/bin/../lib/gcc/arm-none-eabi/9.3.1/../../../../arm-none-eabi/lib/thumb/v7-m/nofp\libg.a(lib_a-stdio.o)
                0x0800a080                __sseek
 .text.__sclose
                0x0800a0a0        0x8 d:/jetbrains/gcc-arm-none-eabi/bin/../lib/gcc/arm-none-eabi/9.3.1/../../../../arm-none-eabi/lib/thumb/v7-m/nofp\libg.a(lib_a-stdio.o)
                0x0800a0a0                __sclose
 .text.strncpy  0x0800a0a8       0x68 d:/jetbrains/gcc-arm-none-eabi/bin/../lib/gcc/arm-none-eabi/9.3.1/../../../../arm-none-eabi/lib/thumb/v7-m/nofp\libg.a(lib_a-strncpy.o)
                0x0800a0a8                strncpy
 .text.__sprint_r.part.0
                0x0800a110       0x78 d:/jetbrains/gcc-arm-none-eabi/bin/../lib/gcc/arm-none-eabi/9.3.1/../../../../arm-none-eabi/lib/thumb/v7-m/nofp\libg.a(lib_a-vfiprintf.o)
 .text.__sprint_r
                0x0800a188       0x14 d:/jetbrains/gcc-arm-none-eabi/bin/../lib/gcc/arm-none-eabi/9.3.1/../../../../arm-none-eabi/lib/thumb/v7-m/nofp\libg.a(lib_a-vfiprintf.o)
                0x0800a188                __sprint_r
 .text._vfiprintf_r
                0x0800a19c      0xd2c d:/jetbrains/gcc-arm-none-eabi/bin/../lib/gcc/arm-none-eabi/9.3.1/../../../../arm-none-eabi/lib/thumb/v7-m/nofp\libg.a(lib_a-vfiprintf.o)
                0x0800a19c                _vfiprintf_r
 .text.__sbprintf
                0x0800aec8       0x88 d:/jetbrains/gcc-arm-none-eabi/bin/../lib/gcc/arm-none-eabi/9.3.1/../../../../arm-none-eabi/lib/thumb/v7-m/nofp\libg.a(lib_a-vfiprintf.o)
 .text._write_r
                0x0800af50       0x2c d:/jetbrains/gcc-arm-none-eabi/bin/../lib/gcc/arm-none-eabi/9.3.1/../../../../arm-none-eabi/lib/thumb/v7-m/nofp\libg.a(lib_a-writer.o)
                0x0800af50                _write_r
 .text.__register_exitproc
                0x0800af7c       0x8c d:/jetbrains/gcc-arm-none-eabi/bin/../lib/gcc/arm-none-eabi/9.3.1/../../../../arm-none-eabi/lib/thumb/v7-m/nofp\libg.a(lib_a-__atexit.o)
                0x0800af7c                __register_exitproc
 .text.__assert_func
                0x0800b008       0x3c d:/jetbrains/gcc-arm-none-eabi/bin/../lib/gcc/arm-none-eabi/9.3.1/../../../../arm-none-eabi/lib/thumb/v7-m/nofp\libg.a(lib_a-assert.o)
                0x0800b008                __assert_func
 .text._calloc_r
                0x0800b044       0x60 d:/jetbrains/gcc-arm-none-eabi/bin/../lib/gcc/arm-none-eabi/9.3.1/../../../../arm-none-eabi/lib/thumb/v7-m/nofp\libg.a(lib_a-callocr.o)
                0x0800b044                _calloc_r
 .text._close_r
                0x0800b0a4       0x24 d:/jetbrains/gcc-arm-none-eabi/bin/../lib/gcc/arm-none-eabi/9.3.1/../../../../arm-none-eabi/lib/thumb/v7-m/nofp\libg.a(lib_a-closer.o)
                0x0800b0a4                _close_r
 .text._fclose_r
                0x0800b0c8       0xcc d:/jetbrains/gcc-arm-none-eabi/bin/../lib/gcc/arm-none-eabi/9.3.1/../../../../arm-none-eabi/lib/thumb/v7-m/nofp\libg.a(lib_a-fclose.o)
                0x0800b0c8                _fclose_r
 .text.fiprintf
                0x0800b194       0x28 d:/jetbrains/gcc-arm-none-eabi/bin/../lib/gcc/arm-none-eabi/9.3.1/../../../../arm-none-eabi/lib/thumb/v7-m/nofp\libg.a(lib_a-fiprintf.o)
                0x0800b194                fiprintf
 .text.__fputwc
                0x0800b1bc       0xa0 d:/jetbrains/gcc-arm-none-eabi/bin/../lib/gcc/arm-none-eabi/9.3.1/../../../../arm-none-eabi/lib/thumb/v7-m/nofp\libg.a(lib_a-fputwc.o)
                0x0800b1bc                __fputwc
 .text._fputwc_r
                0x0800b25c       0x68 d:/jetbrains/gcc-arm-none-eabi/bin/../lib/gcc/arm-none-eabi/9.3.1/../../../../arm-none-eabi/lib/thumb/v7-m/nofp\libg.a(lib_a-fputwc.o)
                0x0800b25c                _fputwc_r
 .text._fstat_r
                0x0800b2c4       0x2c d:/jetbrains/gcc-arm-none-eabi/bin/../lib/gcc/arm-none-eabi/9.3.1/../../../../arm-none-eabi/lib/thumb/v7-m/nofp\libg.a(lib_a-fstatr.o)
                0x0800b2c4                _fstat_r
 .text._isatty_r
                0x0800b2f0       0x24 d:/jetbrains/gcc-arm-none-eabi/bin/../lib/gcc/arm-none-eabi/9.3.1/../../../../arm-none-eabi/lib/thumb/v7-m/nofp\libg.a(lib_a-isattyr.o)
                0x0800b2f0                _isatty_r
 .text.__locale_mb_cur_max
                0x0800b314        0xc d:/jetbrains/gcc-arm-none-eabi/bin/../lib/gcc/arm-none-eabi/9.3.1/../../../../arm-none-eabi/lib/thumb/v7-m/nofp\libg.a(lib_a-locale.o)
                0x0800b314                __locale_mb_cur_max
 .text._lseek_r
                0x0800b320       0x2c d:/jetbrains/gcc-arm-none-eabi/bin/../lib/gcc/arm-none-eabi/9.3.1/../../../../arm-none-eabi/lib/thumb/v7-m/nofp\libg.a(lib_a-lseekr.o)
                0x0800b320                _lseek_r
 .text.__ascii_mbtowc
                0x0800b34c       0x2c d:/jetbrains/gcc-arm-none-eabi/bin/../lib/gcc/arm-none-eabi/9.3.1/../../../../arm-none-eabi/lib/thumb/v7-m/nofp\libg.a(lib_a-mbtowc_r.o)
                0x0800b34c                __ascii_mbtowc
 .text._read_r  0x0800b378       0x2c d:/jetbrains/gcc-arm-none-eabi/bin/../lib/gcc/arm-none-eabi/9.3.1/../../../../arm-none-eabi/lib/thumb/v7-m/nofp\libg.a(lib_a-readr.o)
                0x0800b378                _read_r
 .text.__swbuf_r
                0x0800b3a4       0xb0 d:/jetbrains/gcc-arm-none-eabi/bin/../lib/gcc/arm-none-eabi/9.3.1/../../../../arm-none-eabi/lib/thumb/v7-m/nofp\libg.a(lib_a-wbuf.o)
                0x0800b3a4                __swbuf_r
 .text._wcrtomb_r
                0x0800b454       0x3c d:/jetbrains/gcc-arm-none-eabi/bin/../lib/gcc/arm-none-eabi/9.3.1/../../../../arm-none-eabi/lib/thumb/v7-m/nofp\libg.a(lib_a-wcrtomb.o)
                0x0800b454                _wcrtomb_r
 .text.__ascii_wctomb
                0x0800b490       0x1c d:/jetbrains/gcc-arm-none-eabi/bin/../lib/gcc/arm-none-eabi/9.3.1/../../../../arm-none-eabi/lib/thumb/v7-m/nofp\libg.a(lib_a-wctomb_r.o)
                0x0800b490                __ascii_wctomb
 .text.abort    0x0800b4ac       0x10 d:/jetbrains/gcc-arm-none-eabi/bin/../lib/gcc/arm-none-eabi/9.3.1/../../../../arm-none-eabi/lib/thumb/v7-m/nofp\libg.a(lib_a-abort.o)
                0x0800b4ac                abort
 .text._raise_r
                0x0800b4bc       0x58 d:/jetbrains/gcc-arm-none-eabi/bin/../lib/gcc/arm-none-eabi/9.3.1/../../../../arm-none-eabi/lib/thumb/v7-m/nofp\libg.a(lib_a-signal.o)
                0x0800b4bc                _raise_r
 .text.raise    0x0800b514       0x10 d:/jetbrains/gcc-arm-none-eabi/bin/../lib/gcc/arm-none-eabi/9.3.1/../../../../arm-none-eabi/lib/thumb/v7-m/nofp\libg.a(lib_a-signal.o)
                0x0800b514                raise
 .text._kill_r  0x0800b524       0x2c d:/jetbrains/gcc-arm-none-eabi/bin/../lib/gcc/arm-none-eabi/9.3.1/../../../../arm-none-eabi/lib/thumb/v7-m/nofp\libg.a(lib_a-signalr.o)
                0x0800b524                _kill_r
 .text._getpid_r
                0x0800b550        0x4 d:/jetbrains/gcc-arm-none-eabi/bin/../lib/gcc/arm-none-eabi/9.3.1/../../../../arm-none-eabi/lib/thumb/v7-m/nofp\libg.a(lib_a-signalr.o)
                0x0800b550                _getpid_r
 *(.glue_7)
 .glue_7        0x0800b554        0x0 linker stubs
 *(.glue_7t)
 .glue_7t       0x0800b554        0x0 linker stubs
 *(.eh_frame)
 .eh_frame      0x0800b554        0x0 d:/jetbrains/gcc-arm-none-eabi/bin/../lib/gcc/arm-none-eabi/9.3.1/thumb/v7-m/nofp/crtbegin.o
 *(.init)
 .init          0x0800b554        0x4 d:/jetbrains/gcc-arm-none-eabi/bin/../lib/gcc/arm-none-eabi/9.3.1/thumb/v7-m/nofp/crti.o
                0x0800b554                _init
 .init          0x0800b558        0x8 d:/jetbrains/gcc-arm-none-eabi/bin/../lib/gcc/arm-none-eabi/9.3.1/thumb/v7-m/nofp/crtn.o
 *(.fini)
 .fini          0x0800b560        0x4 d:/jetbrains/gcc-arm-none-eabi/bin/../lib/gcc/arm-none-eabi/9.3.1/thumb/v7-m/nofp/crti.o
                0x0800b560                _fini
 .fini          0x0800b564        0x8 d:/jetbrains/gcc-arm-none-eabi/bin/../lib/gcc/arm-none-eabi/9.3.1/thumb/v7-m/nofp/crtn.o
                0x0800b56c                . = ALIGN (0x4)
                0x0800b56c                _etext = .

.vfp11_veneer   0x0800b56c        0x0
 .vfp11_veneer  0x0800b56c        0x0 linker stubs

.v4_bx          0x0800b56c        0x0
 .v4_bx         0x0800b56c        0x0 linker stubs

.iplt           0x0800b56c        0x0
 .iplt          0x0800b56c        0x0 d:/jetbrains/gcc-arm-none-eabi/bin/../lib/gcc/arm-none-eabi/9.3.1/thumb/v7-m/nofp/crtbegin.o

.rodata         0x0800b570      0x880
                0x0800b570                . = ALIGN (0x4)
 *(.rodata)
 .rodata        0x0800b570       0x87 CMakeFiles/AccessControl_V2.elf.dir/Core/Src/mode.c.obj
 *(.rodata*)
 *fill*         0x0800b5f7        0x1 
 .rodata.ShowID.str1.4
                0x0800b5f8        0xc CMakeFiles/AccessControl_V2.elf.dir/Core/Src/display.c.obj
 .rodata.show_meanu.str1.4
                0x0800b604       0x1a CMakeFiles/AccessControl_V2.elf.dir/Core/Src/display.c.obj
 *fill*         0x0800b61e        0x2 
 .rodata.execute.str1.4
                0x0800b620      0x109 CMakeFiles/AccessControl_V2.elf.dir/Core/Src/display.c.obj
 *fill*         0x0800b729        0x3 
 .rodata.main.str1.4
                0x0800b72c        0x9 CMakeFiles/AccessControl_V2.elf.dir/Core/Src/main.c.obj
 *fill*         0x0800b735        0x3 
 .rodata.check_user_exist.str1.4
                0x0800b738       0x17 CMakeFiles/AccessControl_V2.elf.dir/Core/Src/mode.c.obj
 *fill*         0x0800b74f        0x1 
 .rodata.check_root_exist.str1.4
                0x0800b750        0x7 CMakeFiles/AccessControl_V2.elf.dir/Core/Src/mode.c.obj
 *fill*         0x0800b757        0x1 
 .rodata.add_user.str1.4
                0x0800b758       0x46 CMakeFiles/AccessControl_V2.elf.dir/Core/Src/mode.c.obj
 *fill*         0x0800b79e        0x2 
 .rodata.add_root.str1.4
                0x0800b7a0       0x5f CMakeFiles/AccessControl_V2.elf.dir/Core/Src/mode.c.obj
 *fill*         0x0800b7ff        0x1 
 .rodata.read_mode.str1.4
                0x0800b800        0xf CMakeFiles/AccessControl_V2.elf.dir/Core/Src/mode.c.obj
 *fill*         0x0800b80f        0x1 
 .rodata.root_mode.str1.4
                0x0800b810       0x4d CMakeFiles/AccessControl_V2.elf.dir/Core/Src/mode.c.obj
 *fill*         0x0800b85d        0x3 
 .rodata.add_mode.str1.4
                0x0800b860       0x5b CMakeFiles/AccessControl_V2.elf.dir/Core/Src/mode.c.obj
 *fill*         0x0800b8bb        0x1 
 .rodata.del_mode.str1.4
                0x0800b8bc        0xf CMakeFiles/AccessControl_V2.elf.dir/Core/Src/mode.c.obj
 *fill*         0x0800b8cb        0x1 
 .rodata.meanu_mode.str1.4
                0x0800b8cc        0xc CMakeFiles/AccessControl_V2.elf.dir/Core/Src/mode.c.obj
 .rodata.infomation_mode.str1.4
                0x0800b8d8       0xa7 CMakeFiles/AccessControl_V2.elf.dir/Core/Src/mode.c.obj
 *fill*         0x0800b97f        0x1 
 .rodata.AHBPrescTable
                0x0800b980       0x10 CMakeFiles/AccessControl_V2.elf.dir/Core/Src/system_stm32f1xx.c.obj
                0x0800b980                AHBPrescTable
 .rodata.APBPrescTable
                0x0800b990        0x8 CMakeFiles/AccessControl_V2.elf.dir/Core/Src/system_stm32f1xx.c.obj
                0x0800b990                APBPrescTable
 .rodata.information_init.str1.4
                0x0800b998       0x23 CMakeFiles/AccessControl_V2.elf.dir/Core/Src/userinfo.c.obj
 *fill*         0x0800b9bb        0x1 
 .rodata.W25QXX_Init.str1.4
                0x0800b9bc       0x28 CMakeFiles/AccessControl_V2.elf.dir/Core/Src/w25qxx.c.obj
 .rodata.HAL_RCC_GetSysClockFreq.str1.4
                0x0800b9e4       0x11 CMakeFiles/AccessControl_V2.elf.dir/Drivers/STM32F1xx_HAL_Driver/Src/stm32f1xx_hal_rcc.c.obj
 .rodata.HAL_RCCEx_GetPeriphCLKFreq.str1.4
                0x0800b9f5       0x11 CMakeFiles/AccessControl_V2.elf.dir/Drivers/STM32F1xx_HAL_Driver/Src/stm32f1xx_hal_rcc_ex.c.obj
 *fill*         0x0800b9f5        0x3 
 .rodata._global_impure_ptr
                0x0800b9f8        0x4 d:/jetbrains/gcc-arm-none-eabi/bin/../lib/gcc/arm-none-eabi/9.3.1/../../../../arm-none-eabi/lib/thumb/v7-m/nofp\libg.a(lib_a-impure.o)
                0x0800b9f8                _global_impure_ptr
 .rodata._puts_r.str1.4
                0x0800b9fc       0x11 d:/jetbrains/gcc-arm-none-eabi/bin/../lib/gcc/arm-none-eabi/9.3.1/../../../../arm-none-eabi/lib/thumb/v7-m/nofp\libg.a(lib_a-puts.o)
                                  0x2 (size before relaxing)
 .rodata._vfprintf_r.str1.4
                0x0800b9fc       0x42 d:/jetbrains/gcc-arm-none-eabi/bin/../lib/gcc/arm-none-eabi/9.3.1/../../../../arm-none-eabi/lib/thumb/v7-m/nofp\libg.a(lib_a-vfprintf.o)
 *fill*         0x0800ba3e        0x2 
 .rodata.blanks.7350
                0x0800ba40       0x10 d:/jetbrains/gcc-arm-none-eabi/bin/../lib/gcc/arm-none-eabi/9.3.1/../../../../arm-none-eabi/lib/thumb/v7-m/nofp\libg.a(lib_a-vfprintf.o)
 .rodata.zeroes.7351
                0x0800ba50       0x10 d:/jetbrains/gcc-arm-none-eabi/bin/../lib/gcc/arm-none-eabi/9.3.1/../../../../arm-none-eabi/lib/thumb/v7-m/nofp\libg.a(lib_a-vfprintf.o)
 .rodata._dtoa_r.str1.4
                0x0800ba60       0xa0 d:/jetbrains/gcc-arm-none-eabi/bin/../lib/gcc/arm-none-eabi/9.3.1/../../../../arm-none-eabi/lib/thumb/v7-m/nofp\libg.a(lib_a-dtoa.o)
                                 0xa4 (size before relaxing)
 .rodata.__multadd.str1.4
                0x0800bb00       0x7d d:/jetbrains/gcc-arm-none-eabi/bin/../lib/gcc/arm-none-eabi/9.3.1/../../../../arm-none-eabi/lib/thumb/v7-m/nofp\libg.a(lib_a-mprec.o)
                                 0x91 (size before relaxing)
 *fill*         0x0800bb7d        0x3 
 .rodata.__mprec_bigtens
                0x0800bb80       0x28 d:/jetbrains/gcc-arm-none-eabi/bin/../lib/gcc/arm-none-eabi/9.3.1/../../../../arm-none-eabi/lib/thumb/v7-m/nofp\libg.a(lib_a-mprec.o)
                0x0800bb80                __mprec_bigtens
 .rodata.__mprec_tens
                0x0800bba8       0xc8 d:/jetbrains/gcc-arm-none-eabi/bin/../lib/gcc/arm-none-eabi/9.3.1/../../../../arm-none-eabi/lib/thumb/v7-m/nofp\libg.a(lib_a-mprec.o)
                0x0800bba8                __mprec_tens
 .rodata.p05.6122
                0x0800bc70        0xc d:/jetbrains/gcc-arm-none-eabi/bin/../lib/gcc/arm-none-eabi/9.3.1/../../../../arm-none-eabi/lib/thumb/v7-m/nofp\libg.a(lib_a-mprec.o)
 .rodata._vfiprintf_r.str1.4
                0x0800bc7c       0x2f d:/jetbrains/gcc-arm-none-eabi/bin/../lib/gcc/arm-none-eabi/9.3.1/../../../../arm-none-eabi/lib/thumb/v7-m/nofp\libg.a(lib_a-vfiprintf.o)
 .rodata.blanks.7328
                0x0800bc7c       0x10 d:/jetbrains/gcc-arm-none-eabi/bin/../lib/gcc/arm-none-eabi/9.3.1/../../../../arm-none-eabi/lib/thumb/v7-m/nofp\libg.a(lib_a-vfiprintf.o)
 .rodata.zeroes.7329
                0x0800bc8c       0x10 d:/jetbrains/gcc-arm-none-eabi/bin/../lib/gcc/arm-none-eabi/9.3.1/../../../../arm-none-eabi/lib/thumb/v7-m/nofp\libg.a(lib_a-vfiprintf.o)
 .rodata.__assert_func.str1.4
                0x0800bc9c       0x3f d:/jetbrains/gcc-arm-none-eabi/bin/../lib/gcc/arm-none-eabi/9.3.1/../../../../arm-none-eabi/lib/thumb/v7-m/nofp\libg.a(lib_a-assert.o)
                                 0x43 (size before relaxing)
 *fill*         0x0800bcdb        0x1 
 .rodata._setlocale_r.str1.4
                0x0800bcdc        0xa d:/jetbrains/gcc-arm-none-eabi/bin/../lib/gcc/arm-none-eabi/9.3.1/../../../../arm-none-eabi/lib/thumb/v7-m/nofp\libg.a(lib_a-locale.o)
                                  0xd (size before relaxing)
 *fill*         0x0800bce6        0x2 
 .rodata.str1.4
                0x0800bce8        0x2 d:/jetbrains/gcc-arm-none-eabi/bin/../lib/gcc/arm-none-eabi/9.3.1/../../../../arm-none-eabi/lib/thumb/v7-m/nofp\libg.a(lib_a-locale.o)
 *fill*         0x0800bcea        0x2 
 .rodata._ctype_
                0x0800bcec      0x101 d:/jetbrains/gcc-arm-none-eabi/bin/../lib/gcc/arm-none-eabi/9.3.1/../../../../arm-none-eabi/lib/thumb/v7-m/nofp\libg.a(lib_a-ctype_.o)
                0x0800bcec                _ctype_
                0x0800bdf0                . = ALIGN (0x4)
 *fill*         0x0800bded        0x3 

.ARM.extab
 *(.ARM.extab* .gnu.linkonce.armextab.*)

.ARM            0x0800bdf0        0x8
                0x0800bdf0                __exidx_start = .
 *(.ARM.exidx*)
 .ARM.exidx     0x0800bdf0        0x8 d:/jetbrains/gcc-arm-none-eabi/bin/../lib/gcc/arm-none-eabi/9.3.1/thumb/v7-m/nofp\libgcc.a(_udivmoddi4.o)
                0x0800bdf8                __exidx_end = .

.rel.dyn        0x0800bdf8        0x0
 .rel.iplt      0x0800bdf8        0x0 d:/jetbrains/gcc-arm-none-eabi/bin/../lib/gcc/arm-none-eabi/9.3.1/thumb/v7-m/nofp/crtbegin.o

.preinit_array  0x0800bdf8        0x0
                0x0800bdf8                PROVIDE (__preinit_array_start = .)
 *(.preinit_array*)
                0x0800bdf8                PROVIDE (__preinit_array_end = .)

.init_array     0x0800bdf8        0x8
                0x0800bdf8                PROVIDE (__init_array_start = .)
 *(SORT_BY_NAME(.init_array.*))
 .init_array.00000
                0x0800bdf8        0x4 d:/jetbrains/gcc-arm-none-eabi/bin/../lib/gcc/arm-none-eabi/9.3.1/../../../../arm-none-eabi/lib/thumb/v7-m/nofp\libg.a(lib_a-__call_atexit.o)
 *(.init_array*)
 .init_array    0x0800bdfc        0x4 d:/jetbrains/gcc-arm-none-eabi/bin/../lib/gcc/arm-none-eabi/9.3.1/thumb/v7-m/nofp/crtbegin.o
                0x0800be00                PROVIDE (__init_array_end = .)

.fini_array     0x0800be00        0x4
                0x0800be00                PROVIDE (__fini_array_start = .)
 *(SORT_BY_NAME(.fini_array.*))
 *(.fini_array*)
 .fini_array    0x0800be00        0x4 d:/jetbrains/gcc-arm-none-eabi/bin/../lib/gcc/arm-none-eabi/9.3.1/thumb/v7-m/nofp/crtbegin.o
                0x0800be04                PROVIDE (__fini_array_end = .)
                0x0800be04                _sidata = LOADADDR (.data)

.data           0x20000000     0x1238 load address 0x0800be04
                0x20000000                . = ALIGN (0x4)
                0x20000000                _sdata = .
 *(.data)
 *(.data*)
 .data.a_mode   0x20000000       0x18 CMakeFiles/AccessControl_V2.elf.dir/Core/Src/display.c.obj
                0x20000000                a_mode
 .data.pic_dianxie
                0x20000018      0x1f8 CMakeFiles/AccessControl_V2.elf.dir/Core/Src/display.c.obj
                0x20000018                pic_dianxie
 .data.pic_heart
                0x20000210      0x1f8 CMakeFiles/AccessControl_V2.elf.dir/Core/Src/display.c.obj
                0x20000210                pic_heart
 .data.pic_map  0x20000408      0x1f8 CMakeFiles/AccessControl_V2.elf.dir/Core/Src/display.c.obj
                0x20000408                pic_map
 .data.pic_unlock
                0x20000600       0x18 CMakeFiles/AccessControl_V2.elf.dir/Core/Src/display.c.obj
                0x20000600                pic_unlock
 .data.r_mode   0x20000618       0x18 CMakeFiles/AccessControl_V2.elf.dir/Core/Src/display.c.obj
                0x20000618                r_mode
 .data.w_mode   0x20000630       0x18 CMakeFiles/AccessControl_V2.elf.dir/Core/Src/display.c.obj
                0x20000630                w_mode
 .data.user_id.7910
                0x20000648        0xc CMakeFiles/AccessControl_V2.elf.dir/Core/Src/mode.c.obj
 .data.font6x8  0x20000654      0x228 CMakeFiles/AccessControl_V2.elf.dir/Core/Src/nokia_5110.c.obj
                0x20000654                font6x8
 .data.SystemCoreClock
                0x2000087c        0x4 CMakeFiles/AccessControl_V2.elf.dir/Core/Src/system_stm32f1xx.c.obj
                0x2000087c                SystemCoreClock
 .data.W25QXX_TYPE
                0x20000880        0x2 CMakeFiles/AccessControl_V2.elf.dir/Core/Src/w25qxx.c.obj
                0x20000880                W25QXX_TYPE
 .data.uwTickFreq
                0x20000882        0x1 CMakeFiles/AccessControl_V2.elf.dir/Drivers/STM32F1xx_HAL_Driver/Src/stm32f1xx_hal.c.obj
                0x20000882                uwTickFreq
 *fill*         0x20000883        0x1 
 .data.uwTickPrio
                0x20000884        0x4 CMakeFiles/AccessControl_V2.elf.dir/Drivers/STM32F1xx_HAL_Driver/Src/stm32f1xx_hal.c.obj
                0x20000884                uwTickPrio
 .data._impure_ptr
                0x20000888        0x4 d:/jetbrains/gcc-arm-none-eabi/bin/../lib/gcc/arm-none-eabi/9.3.1/../../../../arm-none-eabi/lib/thumb/v7-m/nofp\libg.a(lib_a-impure.o)
                0x20000888                _impure_ptr
 *fill*         0x2000088c        0x4 
 .data.impure_data
                0x20000890      0x428 d:/jetbrains/gcc-arm-none-eabi/bin/../lib/gcc/arm-none-eabi/9.3.1/../../../../arm-none-eabi/lib/thumb/v7-m/nofp\libg.a(lib_a-impure.o)
 .data.__atexit_recursive_mutex
                0x20000cb8        0x4 d:/jetbrains/gcc-arm-none-eabi/bin/../lib/gcc/arm-none-eabi/9.3.1/../../../../arm-none-eabi/lib/thumb/v7-m/nofp\libg.a(lib_a-__call_atexit.o)
                0x20000cb8                __atexit_recursive_mutex
 .data.__malloc_av_
                0x20000cbc      0x408 d:/jetbrains/gcc-arm-none-eabi/bin/../lib/gcc/arm-none-eabi/9.3.1/../../../../arm-none-eabi/lib/thumb/v7-m/nofp\libg.a(lib_a-mallocr.o)
                0x20000cbc                __malloc_av_
 .data.__malloc_sbrk_base
                0x200010c4        0x4 d:/jetbrains/gcc-arm-none-eabi/bin/../lib/gcc/arm-none-eabi/9.3.1/../../../../arm-none-eabi/lib/thumb/v7-m/nofp\libg.a(lib_a-mallocr.o)
                0x200010c4                __malloc_sbrk_base
 .data.__malloc_trim_threshold
                0x200010c8        0x4 d:/jetbrains/gcc-arm-none-eabi/bin/../lib/gcc/arm-none-eabi/9.3.1/../../../../arm-none-eabi/lib/thumb/v7-m/nofp\libg.a(lib_a-mallocr.o)
                0x200010c8                __malloc_trim_threshold
 .data.__global_locale
                0x200010cc      0x16c d:/jetbrains/gcc-arm-none-eabi/bin/../lib/gcc/arm-none-eabi/9.3.1/../../../../arm-none-eabi/lib/thumb/v7-m/nofp\libg.a(lib_a-locale.o)
                0x200010cc                __global_locale
                0x20001238                . = ALIGN (0x4)
                0x20001238                _edata = .

.igot.plt       0x20001238        0x0 load address 0x0800d03c
 .igot.plt      0x20001238        0x0 d:/jetbrains/gcc-arm-none-eabi/bin/../lib/gcc/arm-none-eabi/9.3.1/thumb/v7-m/nofp/crtbegin.o
                0x20001238                . = ALIGN (0x4)

.bss            0x20001238     0x1694 load address 0x0800d03c
                0x20001238                _sbss = .
                0x20001238                __bss_start__ = _sbss
 *(.bss)
 .bss           0x20001238       0x1c d:/jetbrains/gcc-arm-none-eabi/bin/../lib/gcc/arm-none-eabi/9.3.1/thumb/v7-m/nofp/crtbegin.o
 *(.bss*)
 .bss.fac_us    0x20001254        0x4 CMakeFiles/AccessControl_V2.elf.dir/Core/Src/delay.c.obj
 .bss.base.7856
                0x20001258        0x1 CMakeFiles/AccessControl_V2.elf.dir/Core/Src/display.c.obj
 .bss.i.7869    0x20001259        0x1 CMakeFiles/AccessControl_V2.elf.dir/Core/Src/display.c.obj
 .bss.row.7857  0x2000125a        0x1 CMakeFiles/AccessControl_V2.elf.dir/Core/Src/display.c.obj
 .bss.base.7908
                0x2000125b        0x1 CMakeFiles/AccessControl_V2.elf.dir/Core/Src/mode.c.obj
 .bss.cur.7909  0x2000125c        0x1 CMakeFiles/AccessControl_V2.elf.dir/Core/Src/mode.c.obj
 .bss.cur.7925  0x2000125d        0x1 CMakeFiles/AccessControl_V2.elf.dir/Core/Src/mode.c.obj
 .bss.get_root  0x2000125e        0x1 CMakeFiles/AccessControl_V2.elf.dir/Core/Src/mode.c.obj
                0x2000125e                get_root
 .bss.get_super_root
                0x2000125f        0x1 CMakeFiles/AccessControl_V2.elf.dir/Core/Src/mode.c.obj
                0x2000125f                get_super_root
 .bss.temp.7848
                0x20001260        0x4 CMakeFiles/AccessControl_V2.elf.dir/Core/Src/mode.c.obj
 .bss.CT        0x20001264        0x2 CMakeFiles/AccessControl_V2.elf.dir/Core/Src/rc522.c.obj
                0x20001264                CT
 *fill*         0x20001266        0x2 
 .bss.SN        0x20001268        0x4 CMakeFiles/AccessControl_V2.elf.dir/Core/Src/rc522.c.obj
                0x20001268                SN
 .bss.status    0x2000126c        0x1 CMakeFiles/AccessControl_V2.elf.dir/Core/Src/rc522.c.obj
                0x2000126c                status
 *fill*         0x2000126d        0x1 
 .bss.Dval      0x2000126e        0x2 CMakeFiles/AccessControl_V2.elf.dir/Core/Src/remote.c.obj
                0x2000126e                Dval
 .bss.RmtCnt    0x20001270        0x1 CMakeFiles/AccessControl_V2.elf.dir/Core/Src/remote.c.obj
                0x20001270                RmtCnt
 *fill*         0x20001271        0x3 
 .bss.RmtRec    0x20001274        0x4 CMakeFiles/AccessControl_V2.elf.dir/Core/Src/remote.c.obj
                0x20001274                RmtRec
 .bss.RmtSta    0x20001278        0x1 CMakeFiles/AccessControl_V2.elf.dir/Core/Src/remote.c.obj
                0x20001278                RmtSta
 *fill*         0x20001279        0x3 
 .bss.TIM4_Handler
                0x2000127c       0x48 CMakeFiles/AccessControl_V2.elf.dir/Core/Src/remote.c.obj
                0x2000127c                TIM4_Handler
 .bss.gHuart    0x200012c4        0x4 CMakeFiles/AccessControl_V2.elf.dir/Core/Src/retarget.c.obj
                0x200012c4                gHuart
 .bss.hrtc      0x200012c8       0x14 CMakeFiles/AccessControl_V2.elf.dir/Core/Src/rtc.c.obj
                0x200012c8                hrtc
 .bss.hspi1     0x200012dc       0x58 CMakeFiles/AccessControl_V2.elf.dir/Core/Src/spi.c.obj
                0x200012dc                hspi1
 .bss.hspi2     0x20001334       0x58 CMakeFiles/AccessControl_V2.elf.dir/Core/Src/spi.c.obj
                0x20001334                hspi2
 .bss.hspi3     0x2000138c       0x58 CMakeFiles/AccessControl_V2.elf.dir/Core/Src/spi.c.obj
                0x2000138c                hspi3
 .bss.heap_end.6022
                0x200013e4        0x4 CMakeFiles/AccessControl_V2.elf.dir/Core/Src/syscalls.c.obj
 .bss.huart1    0x200013e8       0x40 CMakeFiles/AccessControl_V2.elf.dir/Core/Src/usart.c.obj
                0x200013e8                huart1
 .bss.huart2    0x20001428       0x40 CMakeFiles/AccessControl_V2.elf.dir/Core/Src/usart.c.obj
                0x20001428                huart2
 .bss.NUM_ROOT  0x20001468        0x1 CMakeFiles/AccessControl_V2.elf.dir/Core/Src/userinfo.c.obj
                0x20001468                NUM_ROOT
 *fill*         0x20001469        0x1 
 .bss.NUM_USER  0x2000146a        0x2 CMakeFiles/AccessControl_V2.elf.dir/Core/Src/userinfo.c.obj
                0x2000146a                NUM_USER
 .bss.root      0x2000146c       0x18 CMakeFiles/AccessControl_V2.elf.dir/Core/Src/userinfo.c.obj
                0x2000146c                root
 .bss.student   0x20001484      0x3e8 CMakeFiles/AccessControl_V2.elf.dir/Core/Src/userinfo.c.obj
                0x20001484                student
 .bss.W25QXX_BUFFER
                0x2000186c     0x1000 CMakeFiles/AccessControl_V2.elf.dir/Core/Src/w25qxx.c.obj
                0x2000186c                W25QXX_BUFFER
 .bss.uwTick    0x2000286c        0x4 CMakeFiles/AccessControl_V2.elf.dir/Drivers/STM32F1xx_HAL_Driver/Src/stm32f1xx_hal.c.obj
                0x2000286c                uwTick
 .bss.__malloc_current_mallinfo
                0x20002870       0x28 d:/jetbrains/gcc-arm-none-eabi/bin/../lib/gcc/arm-none-eabi/9.3.1/../../../../arm-none-eabi/lib/thumb/v7-m/nofp\libg.a(lib_a-mallocr.o)
                0x20002870                __malloc_current_mallinfo
 .bss.__malloc_max_sbrked_mem
                0x20002898        0x4 d:/jetbrains/gcc-arm-none-eabi/bin/../lib/gcc/arm-none-eabi/9.3.1/../../../../arm-none-eabi/lib/thumb/v7-m/nofp\libg.a(lib_a-mallocr.o)
                0x20002898                __malloc_max_sbrked_mem
 .bss.__malloc_max_total_mem
                0x2000289c        0x4 d:/jetbrains/gcc-arm-none-eabi/bin/../lib/gcc/arm-none-eabi/9.3.1/../../../../arm-none-eabi/lib/thumb/v7-m/nofp\libg.a(lib_a-mallocr.o)
                0x2000289c                __malloc_max_total_mem
 .bss.__malloc_top_pad
                0x200028a0        0x4 d:/jetbrains/gcc-arm-none-eabi/bin/../lib/gcc/arm-none-eabi/9.3.1/../../../../arm-none-eabi/lib/thumb/v7-m/nofp\libg.a(lib_a-mallocr.o)
                0x200028a0                __malloc_top_pad
 *(COMMON)
 COMMON         0x200028a4       0x21 d:/jetbrains/gcc-arm-none-eabi/bin/../lib/gcc/arm-none-eabi/9.3.1/../../../../arm-none-eabi/lib/thumb/v7-m/nofp\libg.a(lib_a-lock.o)
                0x200028a4                __lock___atexit_recursive_mutex
                0x200028a8                __lock___arc4random_mutex
                0x200028ac                __lock___env_recursive_mutex
                0x200028b0                __lock___sinit_recursive_mutex
                0x200028b4                __lock___malloc_recursive_mutex
                0x200028b8                __lock___at_quick_exit_mutex
                0x200028bc                __lock___dd_hash_mutex
                0x200028c0                __lock___tz_mutex
                0x200028c4                __lock___sfp_recursive_mutex
 *fill*         0x200028c5        0x3 
 COMMON         0x200028c8        0x4 d:/jetbrains/gcc-arm-none-eabi/bin/../lib/gcc/arm-none-eabi/9.3.1/../../../../arm-none-eabi/lib/thumb/v7-m/nofp\libg.a(lib_a-reent.o)
                0x200028c8                errno
                0x200028cc                . = ALIGN (0x4)
                0x200028cc                _ebss = .
                0x200028cc                __bss_end__ = _ebss

._user_heap_stack
                0x200028cc      0xc04 load address 0x0800d03c
                0x200028d0                . = ALIGN (0x8)
 *fill*         0x200028cc        0x4 
                0x200028d0                PROVIDE (end = .)
                [!provide]                PROVIDE (_end = .)
                0x20002cd0                . = (. + _Min_Heap_Size)
 *fill*         0x200028d0      0x400 
                0x200034d0                . = (. + _Min_Stack_Size)
 *fill*         0x20002cd0      0x800 
                0x200034d0                . = ALIGN (0x8)

/DISCARD/
 libc.a(*)
 libm.a(*)
 libgcc.a(*)

.ARM.attributes
                0x00000000       0x29
 *(.ARM.attributes)
 .ARM.attributes
                0x00000000       0x1d d:/jetbrains/gcc-arm-none-eabi/bin/../lib/gcc/arm-none-eabi/9.3.1/thumb/v7-m/nofp/crti.o
 .ARM.attributes
                0x0000001d       0x2d d:/jetbrains/gcc-arm-none-eabi/bin/../lib/gcc/arm-none-eabi/9.3.1/thumb/v7-m/nofp/crtbegin.o
 .ARM.attributes
                0x0000004a       0x2d CMakeFiles/AccessControl_V2.elf.dir/Core/Src/delay.c.obj
 .ARM.attributes
                0x00000077       0x2d CMakeFiles/AccessControl_V2.elf.dir/Core/Src/display.c.obj
 .ARM.attributes
                0x000000a4       0x2d CMakeFiles/AccessControl_V2.elf.dir/Core/Src/gpio.c.obj
 .ARM.attributes
                0x000000d1       0x2d CMakeFiles/AccessControl_V2.elf.dir/Core/Src/main.c.obj
 .ARM.attributes
                0x000000fe       0x2d CMakeFiles/AccessControl_V2.elf.dir/Core/Src/mode.c.obj
 .ARM.attributes
                0x0000012b       0x2d CMakeFiles/AccessControl_V2.elf.dir/Core/Src/nokia_5110.c.obj
 .ARM.attributes
                0x00000158       0x2d CMakeFiles/AccessControl_V2.elf.dir/Core/Src/rc522.c.obj
 .ARM.attributes
                0x00000185       0x2d CMakeFiles/AccessControl_V2.elf.dir/Core/Src/remote.c.obj
 .ARM.attributes
                0x000001b2       0x2d CMakeFiles/AccessControl_V2.elf.dir/Core/Src/retarget.c.obj
 .ARM.attributes
                0x000001df       0x2d CMakeFiles/AccessControl_V2.elf.dir/Core/Src/rtc.c.obj
 .ARM.attributes
                0x0000020c       0x2d CMakeFiles/AccessControl_V2.elf.dir/Core/Src/spi.c.obj
 .ARM.attributes
                0x00000239       0x2d CMakeFiles/AccessControl_V2.elf.dir/Core/Src/stm32f1xx_hal_msp.c.obj
 .ARM.attributes
                0x00000266       0x2d CMakeFiles/AccessControl_V2.elf.dir/Core/Src/stm32f1xx_it.c.obj
 .ARM.attributes
                0x00000293       0x2d CMakeFiles/AccessControl_V2.elf.dir/Core/Src/syscalls.c.obj
 .ARM.attributes
                0x000002c0       0x2d CMakeFiles/AccessControl_V2.elf.dir/Core/Src/system_stm32f1xx.c.obj
 .ARM.attributes
                0x000002ed       0x2d CMakeFiles/AccessControl_V2.elf.dir/Core/Src/usart.c.obj
 .ARM.attributes
                0x0000031a       0x2d CMakeFiles/AccessControl_V2.elf.dir/Core/Src/userinfo.c.obj
 .ARM.attributes
                0x00000347       0x2d CMakeFiles/AccessControl_V2.elf.dir/Core/Src/w25qxx.c.obj
 .ARM.attributes
                0x00000374       0x2d CMakeFiles/AccessControl_V2.elf.dir/Drivers/STM32F1xx_HAL_Driver/Src/stm32f1xx_hal.c.obj
 .ARM.attributes
                0x000003a1       0x2d CMakeFiles/AccessControl_V2.elf.dir/Drivers/STM32F1xx_HAL_Driver/Src/stm32f1xx_hal_cortex.c.obj
 .ARM.attributes
                0x000003ce       0x2d CMakeFiles/AccessControl_V2.elf.dir/Drivers/STM32F1xx_HAL_Driver/Src/stm32f1xx_hal_gpio.c.obj
 .ARM.attributes
                0x000003fb       0x2d CMakeFiles/AccessControl_V2.elf.dir/Drivers/STM32F1xx_HAL_Driver/Src/stm32f1xx_hal_pwr.c.obj
 .ARM.attributes
                0x00000428       0x2d CMakeFiles/AccessControl_V2.elf.dir/Drivers/STM32F1xx_HAL_Driver/Src/stm32f1xx_hal_rcc.c.obj
 .ARM.attributes
                0x00000455       0x2d CMakeFiles/AccessControl_V2.elf.dir/Drivers/STM32F1xx_HAL_Driver/Src/stm32f1xx_hal_rcc_ex.c.obj
 .ARM.attributes
                0x00000482       0x2d CMakeFiles/AccessControl_V2.elf.dir/Drivers/STM32F1xx_HAL_Driver/Src/stm32f1xx_hal_rtc.c.obj
 .ARM.attributes
                0x000004af       0x2d CMakeFiles/AccessControl_V2.elf.dir/Drivers/STM32F1xx_HAL_Driver/Src/stm32f1xx_hal_spi.c.obj
 .ARM.attributes
                0x000004dc       0x2d CMakeFiles/AccessControl_V2.elf.dir/Drivers/STM32F1xx_HAL_Driver/Src/stm32f1xx_hal_tim.c.obj
 .ARM.attributes
                0x00000509       0x2d CMakeFiles/AccessControl_V2.elf.dir/Drivers/STM32F1xx_HAL_Driver/Src/stm32f1xx_hal_tim_ex.c.obj
 .ARM.attributes
                0x00000536       0x2d CMakeFiles/AccessControl_V2.elf.dir/Drivers/STM32F1xx_HAL_Driver/Src/stm32f1xx_hal_uart.c.obj
 .ARM.attributes
                0x00000563       0x21 CMakeFiles/AccessControl_V2.elf.dir/startup/startup_stm32f103xe.s.obj
 .ARM.attributes
                0x00000584       0x2d d:/jetbrains/gcc-arm-none-eabi/bin/../lib/gcc/arm-none-eabi/9.3.1/../../../../arm-none-eabi/lib/thumb/v7-m/nofp\libg.a(lib_a-errno.o)
 .ARM.attributes
                0x000005b1       0x2d d:/jetbrains/gcc-arm-none-eabi/bin/../lib/gcc/arm-none-eabi/9.3.1/../../../../arm-none-eabi/lib/thumb/v7-m/nofp\libg.a(lib_a-impure.o)
 .ARM.attributes
                0x000005de       0x2d d:/jetbrains/gcc-arm-none-eabi/bin/../lib/gcc/arm-none-eabi/9.3.1/../../../../arm-none-eabi/lib/thumb/v7-m/nofp\libg.a(lib_a-init.o)
 .ARM.attributes
                0x0000060b       0x1b d:/jetbrains/gcc-arm-none-eabi/bin/../lib/gcc/arm-none-eabi/9.3.1/../../../../arm-none-eabi/lib/thumb/v7-m/nofp\libg.a(lib_a-memcpy.o)
 .ARM.attributes
                0x00000626       0x2d d:/jetbrains/gcc-arm-none-eabi/bin/../lib/gcc/arm-none-eabi/9.3.1/../../../../arm-none-eabi/lib/thumb/v7-m/nofp\libg.a(lib_a-memset.o)
 .ARM.attributes
                0x00000653       0x2d d:/jetbrains/gcc-arm-none-eabi/bin/../lib/gcc/arm-none-eabi/9.3.1/../../../../arm-none-eabi/lib/thumb/v7-m/nofp\libg.a(lib_a-printf.o)
 .ARM.attributes
                0x00000680       0x2d d:/jetbrains/gcc-arm-none-eabi/bin/../lib/gcc/arm-none-eabi/9.3.1/../../../../arm-none-eabi/lib/thumb/v7-m/nofp\libg.a(lib_a-puts.o)
 .ARM.attributes
                0x000006ad       0x2d d:/jetbrains/gcc-arm-none-eabi/bin/../lib/gcc/arm-none-eabi/9.3.1/../../../../arm-none-eabi/lib/thumb/v7-m/nofp\libg.a(lib_a-setvbuf.o)
 .ARM.attributes
                0x000006da       0x2d d:/jetbrains/gcc-arm-none-eabi/bin/../lib/gcc/arm-none-eabi/9.3.1/../../../../arm-none-eabi/lib/thumb/v7-m/nofp\libg.a(lib_a-strlen-stub.o)
 .ARM.attributes
                0x00000707       0x2d d:/jetbrains/gcc-arm-none-eabi/bin/../lib/gcc/arm-none-eabi/9.3.1/../../../../arm-none-eabi/lib/thumb/v7-m/nofp\libg.a(lib_a-vfprintf.o)
 .ARM.attributes
                0x00000734       0x2d d:/jetbrains/gcc-arm-none-eabi/bin/../lib/gcc/arm-none-eabi/9.3.1/../../../../arm-none-eabi/lib/thumb/v7-m/nofp\libg.a(lib_a-wsetup.o)
 .ARM.attributes
                0x00000761       0x2d d:/jetbrains/gcc-arm-none-eabi/bin/../lib/gcc/arm-none-eabi/9.3.1/../../../../arm-none-eabi/lib/thumb/v7-m/nofp\libg.a(lib_a-__call_atexit.o)
 .ARM.attributes
                0x0000078e       0x2d d:/jetbrains/gcc-arm-none-eabi/bin/../lib/gcc/arm-none-eabi/9.3.1/../../../../arm-none-eabi/lib/thumb/v7-m/nofp\libg.a(lib_a-atexit.o)
 .ARM.attributes
                0x000007bb       0x2d d:/jetbrains/gcc-arm-none-eabi/bin/../lib/gcc/arm-none-eabi/9.3.1/../../../../arm-none-eabi/lib/thumb/v7-m/nofp\libg.a(lib_a-dtoa.o)
 .ARM.attributes
                0x000007e8       0x2d d:/jetbrains/gcc-arm-none-eabi/bin/../lib/gcc/arm-none-eabi/9.3.1/../../../../arm-none-eabi/lib/thumb/v7-m/nofp\libg.a(lib_a-fflush.o)
 .ARM.attributes
                0x00000815       0x2d d:/jetbrains/gcc-arm-none-eabi/bin/../lib/gcc/arm-none-eabi/9.3.1/../../../../arm-none-eabi/lib/thumb/v7-m/nofp\libg.a(lib_a-findfp.o)
 .ARM.attributes
                0x00000842       0x2d d:/jetbrains/gcc-arm-none-eabi/bin/../lib/gcc/arm-none-eabi/9.3.1/../../../../arm-none-eabi/lib/thumb/v7-m/nofp\libg.a(lib_a-fini.o)
 .ARM.attributes
                0x0000086f       0x2d d:/jetbrains/gcc-arm-none-eabi/bin/../lib/gcc/arm-none-eabi/9.3.1/../../../../arm-none-eabi/lib/thumb/v7-m/nofp\libg.a(lib_a-freer.o)
 .ARM.attributes
                0x0000089c       0x2d d:/jetbrains/gcc-arm-none-eabi/bin/../lib/gcc/arm-none-eabi/9.3.1/../../../../arm-none-eabi/lib/thumb/v7-m/nofp\libg.a(lib_a-fvwrite.o)
 .ARM.attributes
                0x000008c9       0x2d d:/jetbrains/gcc-arm-none-eabi/bin/../lib/gcc/arm-none-eabi/9.3.1/../../../../arm-none-eabi/lib/thumb/v7-m/nofp\libg.a(lib_a-fwalk.o)
 .ARM.attributes
                0x000008f6       0x2d d:/jetbrains/gcc-arm-none-eabi/bin/../lib/gcc/arm-none-eabi/9.3.1/../../../../arm-none-eabi/lib/thumb/v7-m/nofp\libg.a(lib_a-localeconv.o)
 .ARM.attributes
                0x00000923       0x2d d:/jetbrains/gcc-arm-none-eabi/bin/../lib/gcc/arm-none-eabi/9.3.1/../../../../arm-none-eabi/lib/thumb/v7-m/nofp\libg.a(lib_a-lock.o)
 .ARM.attributes
                0x00000950       0x2d d:/jetbrains/gcc-arm-none-eabi/bin/../lib/gcc/arm-none-eabi/9.3.1/../../../../arm-none-eabi/lib/thumb/v7-m/nofp\libg.a(lib_a-makebuf.o)
 .ARM.attributes
                0x0000097d       0x2d d:/jetbrains/gcc-arm-none-eabi/bin/../lib/gcc/arm-none-eabi/9.3.1/../../../../arm-none-eabi/lib/thumb/v7-m/nofp\libg.a(lib_a-malloc.o)
 .ARM.attributes
                0x000009aa       0x2d d:/jetbrains/gcc-arm-none-eabi/bin/../lib/gcc/arm-none-eabi/9.3.1/../../../../arm-none-eabi/lib/thumb/v7-m/nofp\libg.a(lib_a-mallocr.o)
 .ARM.attributes
                0x000009d7       0x2d d:/jetbrains/gcc-arm-none-eabi/bin/../lib/gcc/arm-none-eabi/9.3.1/../../../../arm-none-eabi/lib/thumb/v7-m/nofp\libg.a(lib_a-memchr-stub.o)
 .ARM.attributes
                0x00000a04       0x2d d:/jetbrains/gcc-arm-none-eabi/bin/../lib/gcc/arm-none-eabi/9.3.1/../../../../arm-none-eabi/lib/thumb/v7-m/nofp\libg.a(lib_a-memmove.o)
 .ARM.attributes
                0x00000a31       0x2d d:/jetbrains/gcc-arm-none-eabi/bin/../lib/gcc/arm-none-eabi/9.3.1/../../../../arm-none-eabi/lib/thumb/v7-m/nofp\libg.a(lib_a-mlock.o)
 .ARM.attributes
                0x00000a5e       0x2d d:/jetbrains/gcc-arm-none-eabi/bin/../lib/gcc/arm-none-eabi/9.3.1/../../../../arm-none-eabi/lib/thumb/v7-m/nofp\libg.a(lib_a-mprec.o)
 .ARM.attributes